Copyright 1986-2019 Xilinx, Inc. All Rights Reserved.
-------------------------------------------------------------------------------------------------------------------------------------------------------------------
| Tool Version : Vivado v.2019.2 (lin64) Build 2708876 Wed Nov  6 21:39:14 MST 2019
| Date         : Thu Feb 26 11:45:04 2026
| Host         : lc-kjlee-pc running 64-bit Ubuntu 24.04.3 LTS
| Command      : report_waivers -file /home/lc-kjlee-pc/works/fpga/20260202_MLC60_FPGA_100_630A_DDR/MLC_FPGA.reports/post_route_revA_20260226_113801/03/Waiver.rpt
| Design       : top_with_ddr3
| Device       : 7a100tfgg676-2
| Speed File   : -2  PRODUCTION 1.23 2018-06-13
-------------------------------------------------------------------------------------------------------------------------------------------------------------------

Waiver Report


-----------------
Table Of Contents
-----------------
1. REPORT SUMMARY
2. REPORT DETAILS (DRC: no waivers)
3. REPORT DETAILS (METHODOLOGY: no waivers)
4. REPORT DETAILS (CDC)


-----------------
1. REPORT SUMMARY
-----------------
Waiver Type  Total Vios  Remaining Vios  Waived Vios  Used Waivers  Set Waivers
-----------  ----------  --------------  -----------  ------------  -----------
DRC          9359        9359            0            0             0
METHODOLOGY  564         564             0            0             0
CDC          979         910             69           4             4
Note: This report is based on the most recent report_drc/report_methodology/report_cdc runs.


--------------------------------
2. REPORT DETAILS (DRC)
--------------------------------
Rule  Severity  Description  Total Vios  Remaining Vios  Waived Vios  Used Waivers  Set Waivers
----  --------  -----------  ----------  --------------  -----------  ------------  -----------


--------------------------------
3. REPORT DETAILS (METHODOLOGY)
--------------------------------
Rule  Severity  Description  Total Vios  Remaining Vios  Waived Vios  Used Waivers  Set Waivers
----  --------  -----------  ----------  --------------  -----------  ------------  -----------


--------------------------------
4. REPORT DETAILS (CDC)
--------------------------------
Rule    Severity  Description                                         Total Vios  Remaining Vios  Waived Vios  Used Waivers  Set Waivers
------  --------  --------------------------------------------------  ----------  --------------  -----------  ------------  -----------
CDC-1   Critical  1-bit unknown CDC circuitry                         63          0               63           1             1
CDC-10  Critical  Combinational logic detected before a synchronizer  2           0               2            2             2
CDC-13  Critical  1-bit CDC path on a non-FD primitive                4           0               4            1             1

Note: Any 'Rule' which is flagged by '*' is an aggregating message and its counts are based on the number of objects represented,
      rather than the number of messages.

