Copyright 1986-2019 Xilinx, Inc. All Rights Reserved.
--------------------------------------------------------------------------------------------------------------------------------------------------------------------------------------------------------------------
| Tool Version : Vivado v.2019.2 (lin64) Build 2708876 Wed Nov  6 21:39:14 MST 2019
| Date         : Thu Feb 26 11:44:39 2026
| Host         : lc-kjlee-pc running 64-bit Ubuntu 24.04.3 LTS
| Command      : report_cdc -details -severity critical -name cdc_critical -file /home/lc-kjlee-pc/works/fpga/20260202_MLC60_FPGA_100_630A_DDR/MLC_FPGA.reports/post_route_revA_20260226_113801/01/CDC_Critical.rpt
| Design       : top_with_ddr3
| Device       : 7a100t-fgg676
| Speed File   : -2  PRODUCTION 1.23 2018-06-13
--------------------------------------------------------------------------------------------------------------------------------------------------------------------------------------------------------------------

CDC Report

ID  Severity  Count  Description
--  --------  -----  -----------

ID      Waived Endpoints  
------  ----------------  
CDC-1                 63  
CDC-10                 2  
CDC-13                 4  

