Copyright 1986-2019 Xilinx, Inc. All Rights Reserved.
------------------------------------------------------------------------------------------------------------------------------------------------------------------------------------------
| Tool Version : Vivado v.2019.2 (lin64) Build 2708876 Wed Nov  6 21:39:14 MST 2019
| Date         : Thu Feb 26 11:44:44 2026
| Host         : lc-kjlee-pc running 64-bit Ubuntu 24.04.3 LTS
| Command      : report_exceptions -verbose -file /home/lc-kjlee-pc/works/fpga/20260202_MLC60_FPGA_100_630A_DDR/MLC_FPGA.reports/post_route_revA_20260226_113801/01/Timing_Exceptions.rpt
| Design       : top_with_ddr3
| Device       : 7a100t-fgg676
| Speed File   : -2  PRODUCTION 1.23 2018-06-13
------------------------------------------------------------------------------------------------------------------------------------------------------------------------------------------

Exceptions Report

Position  From                                                                              Through                                                                           To                                                                                Setup            Hold             Status                            
--------  --------------------------------------------------------------------------------  --------------------------------------------------------------------------------  --------------------------------------------------------------------------------  ---------------  ---------------  ----------------------------------
9         [get_cells -hier -filter {NAME =~ */mc0/mc_read_idle_r_reg}]                      *                                                                                 [get_cells -hier -filter {NAME =~ */input_[?].iserdes_dq_.iserdesdq}]             cycles=6         -                
10        [get_cells -hier -filter {NAME =~ */mc0/mc_read_idle_r_reg}]                      *                                                                                 [get_cells -hier -filter {NAME =~ */input_[?].iserdes_dq_.iserdesdq}]             -                cycles=5         
11        *                                                                                 [get_pins -filter {NAME =~ */DQSFOUND} -of [get_cells -hier -filter {REF_NAME ==  *                                                                                 false            false            
                                                                                             PHASER_IN_PHY}]]                                                                                                                                                                                     
12        *                                                                                 [get_pins -filter {NAME =~ */OSERDESRST} -of [get_cells -hier -filter {REF_NAME   *                                                                                 cycles=2(start)  -                
                                                                                            == PHASER_OUT_PHY}]]                                                                                                                                                                                  
13        *                                                                                 [get_pins -filter {NAME =~ */OSERDESRST} -of [get_cells -hier -filter {REF_NAME   *                                                                                 -                cycles=1(start)  
                                                                                            == PHASER_OUT_PHY}]]                                                                                                                                                                                  
15        [get_cells -hier *rstdiv0_sync_r1_reg*]                                           *                                                                                 [get_pins -filter {NAME =~ */RESET} -of [get_cells -hier -filter {REF_NAME == PH  max_dpo=5        -                
                                                                                                                                                                              Y_CONTROL}]]                                                                                                        
16        *                                                                                 [get_nets -hier -filter {NAME =~ */u_iodelay_ctrl/sys_rst_i}]                     *                                                                                 false            false            Partially overridden path by CG 18
19        *                                                                                 [get_cells -hier -filter {NAME =~ *u_sys_power_loader*}]                          *                                                                                 false            false            
18        [get_clocks { clk_out3_ip_clk_wiz_lcos_pclk }]                                                                                                                      [get_clocks { clk_out1_ip_clk_wiz_ddr3_clk clk_out2_ip_clk_wiz_ddr3_clk }]        clock_group      clock_group      Non-existent path                 
18        [get_clocks { clk_out1_ip_clk_wiz_lcos_pclk clk_out2_ip_clk_wiz_lcos_pclk }]                                                                                        [get_clocks { clk_out1_ip_clk_wiz_ddr3_clk clk_out2_ip_clk_wiz_ddr3_clk }]        clock_group      clock_group      
18        [get_clocks { clk_out1_ip_clk_wiz_fmc_clk }]                                                                                                                        [get_clocks { clk_out1_ip_clk_wiz_ddr3_clk clk_out2_ip_clk_wiz_ddr3_clk }]        clock_group      clock_group      Non-existent path                 
18        [get_clocks { clk_out1_ip_clk_wiz_lcos_sftcck clk_out2_ip_clk_wiz_lcos_sftcck }]                                                                                    [get_clocks { clk_out1_ip_clk_wiz_ddr3_clk clk_out2_ip_clk_wiz_ddr3_clk }]        clock_group      clock_group      Non-existent path                 
18        [get_clocks { clk_out4_ip_clk_wiz_lcos_pclk }]                                                                                                                      [get_clocks { clk_out1_ip_clk_wiz_ddr3_clk clk_out2_ip_clk_wiz_ddr3_clk }]        clock_group      clock_group      Non-existent path                 
18        [get_clocks { clk_out5_ip_clk_wiz_lcos_pclk }]                                                                                                                      [get_clocks { clk_out1_ip_clk_wiz_ddr3_clk clk_out2_ip_clk_wiz_ddr3_clk }]        clock_group      clock_group      Non-existent path                 
18        [get_clocks { clk_pll_i }]                                                                                                                                          [get_clocks { clk_out1_ip_clk_wiz_ddr3_clk clk_out2_ip_clk_wiz_ddr3_clk }]        clock_group      clock_group      Non-existent path                 
18        [get_clocks { clk_out4_ip_clk_wiz_lcos_pclk }]                                                                                                                      [get_clocks { clk_out1_ip_clk_wiz_fmc_clk }]                                      clock_group      clock_group      Non-existent path                 
18        [get_clocks { clk_out3_ip_clk_wiz_lcos_pclk }]                                                                                                                      [get_clocks { clk_out1_ip_clk_wiz_fmc_clk }]                                      clock_group      clock_group      
18        [get_clocks { clk_out1_ip_clk_wiz_ddr3_clk clk_out2_ip_clk_wiz_ddr3_clk }]                                                                                          [get_clocks { clk_out1_ip_clk_wiz_fmc_clk }]                                      clock_group      clock_group      Non-existent path                 
18        [get_clocks { clk_out1_ip_clk_wiz_lcos_pclk clk_out2_ip_clk_wiz_lcos_pclk }]                                                                                        [get_clocks { clk_out1_ip_clk_wiz_fmc_clk }]                                      clock_group      clock_group      
18        [get_clocks { clk_out1_ip_clk_wiz_lcos_sftcck clk_out2_ip_clk_wiz_lcos_sftcck }]                                                                                    [get_clocks { clk_out1_ip_clk_wiz_fmc_clk }]                                      clock_group      clock_group      Non-existent path                 
18        [get_clocks { clk_pll_i }]                                                                                                                                          [get_clocks { clk_out1_ip_clk_wiz_fmc_clk }]                                      clock_group      clock_group      Non-existent path                 
18        [get_clocks { clk_out5_ip_clk_wiz_lcos_pclk }]                                                                                                                      [get_clocks { clk_out1_ip_clk_wiz_fmc_clk }]                                      clock_group      clock_group      Non-existent path                 
18        [get_clocks { clk_out5_ip_clk_wiz_lcos_pclk }]                                                                                                                      [get_clocks { clk_out1_ip_clk_wiz_lcos_pclk clk_out2_ip_clk_wiz_lcos_pclk }]      clock_group      clock_group      Non-existent path                 
18        [get_clocks { clk_out1_ip_clk_wiz_lcos_sftcck clk_out2_ip_clk_wiz_lcos_sftcck }]                                                                                    [get_clocks { clk_out1_ip_clk_wiz_lcos_pclk clk_out2_ip_clk_wiz_lcos_pclk }]      clock_group      clock_group      Non-existent path                 
18        [get_clocks { clk_out4_ip_clk_wiz_lcos_pclk }]                                                                                                                      [get_clocks { clk_out1_ip_clk_wiz_lcos_pclk clk_out2_ip_clk_wiz_lcos_pclk }]      clock_group      clock_group      Non-existent path                 
18        [get_clocks { clk_out1_ip_clk_wiz_fmc_clk }]                                                                                                                        [get_clocks { clk_out1_ip_clk_wiz_lcos_pclk clk_out2_ip_clk_wiz_lcos_pclk }]      clock_group      clock_group      
18        [get_clocks { clk_pll_i }]                                                                                                                                          [get_clocks { clk_out1_ip_clk_wiz_lcos_pclk clk_out2_ip_clk_wiz_lcos_pclk }]      clock_group      clock_group      
18        [get_clocks { clk_out1_ip_clk_wiz_ddr3_clk clk_out2_ip_clk_wiz_ddr3_clk }]                                                                                          [get_clocks { clk_out1_ip_clk_wiz_lcos_pclk clk_out2_ip_clk_wiz_lcos_pclk }]      clock_group      clock_group      
18        [get_clocks { clk_out3_ip_clk_wiz_lcos_pclk }]                                                                                                                      [get_clocks { clk_out1_ip_clk_wiz_lcos_pclk clk_out2_ip_clk_wiz_lcos_pclk }]      clock_group      clock_group      Non-existent path                 
18        [get_clocks { clk_out1_ip_clk_wiz_fmc_clk }]                                                                                                                        [get_clocks { clk_out1_ip_clk_wiz_lcos_sftcck clk_out2_ip_clk_wiz_lcos_sftcck }]  clock_group      clock_group      Non-existent path                 
18        [get_clocks { clk_out5_ip_clk_wiz_lcos_pclk }]                                                                                                                      [get_clocks { clk_out1_ip_clk_wiz_lcos_sftcck clk_out2_ip_clk_wiz_lcos_sftcck }]  clock_group      clock_group      Non-existent path                 
18        [get_clocks { clk_out1_ip_clk_wiz_lcos_pclk clk_out2_ip_clk_wiz_lcos_pclk }]                                                                                        [get_clocks { clk_out1_ip_clk_wiz_lcos_sftcck clk_out2_ip_clk_wiz_lcos_sftcck }]  clock_group      clock_group      
18        [get_clocks { clk_out4_ip_clk_wiz_lcos_pclk }]                                                                                                                      [get_clocks { clk_out1_ip_clk_wiz_lcos_sftcck clk_out2_ip_clk_wiz_lcos_sftcck }]  clock_group      clock_group      Non-existent path                 
18        [get_clocks { clk_pll_i }]                                                                                                                                          [get_clocks { clk_out1_ip_clk_wiz_lcos_sftcck clk_out2_ip_clk_wiz_lcos_sftcck }]  clock_group      clock_group      Non-existent path                 
18        [get_clocks { clk_out3_ip_clk_wiz_lcos_pclk }]                                                                                                                      [get_clocks { clk_out1_ip_clk_wiz_lcos_sftcck clk_out2_ip_clk_wiz_lcos_sftcck }]  clock_group      clock_group      Non-existent path                 
18        [get_clocks { clk_out1_ip_clk_wiz_ddr3_clk clk_out2_ip_clk_wiz_ddr3_clk }]                                                                                          [get_clocks { clk_out1_ip_clk_wiz_lcos_sftcck clk_out2_ip_clk_wiz_lcos_sftcck }]  clock_group      clock_group      Non-existent path                 
18        [get_clocks { clk_out5_ip_clk_wiz_lcos_pclk }]                                                                                                                      [get_clocks { clk_out3_ip_clk_wiz_lcos_pclk }]                                    clock_group      clock_group      Non-existent path                 
18        [get_clocks { clk_out4_ip_clk_wiz_lcos_pclk }]                                                                                                                      [get_clocks { clk_out3_ip_clk_wiz_lcos_pclk }]                                    clock_group      clock_group      Non-existent path                 
18        [get_clocks { clk_out1_ip_clk_wiz_ddr3_clk clk_out2_ip_clk_wiz_ddr3_clk }]                                                                                          [get_clocks { clk_out3_ip_clk_wiz_lcos_pclk }]                                    clock_group      clock_group      Non-existent path                 
18        [get_clocks { clk_out1_ip_clk_wiz_lcos_sftcck clk_out2_ip_clk_wiz_lcos_sftcck }]                                                                                    [get_clocks { clk_out3_ip_clk_wiz_lcos_pclk }]                                    clock_group      clock_group      Non-existent path                 
18        [get_clocks { clk_out1_ip_clk_wiz_lcos_pclk clk_out2_ip_clk_wiz_lcos_pclk }]                                                                                        [get_clocks { clk_out3_ip_clk_wiz_lcos_pclk }]                                    clock_group      clock_group      
18        [get_clocks { clk_pll_i }]                                                                                                                                          [get_clocks { clk_out3_ip_clk_wiz_lcos_pclk }]                                    clock_group      clock_group      Non-existent path                 
18        [get_clocks { clk_out1_ip_clk_wiz_fmc_clk }]                                                                                                                        [get_clocks { clk_out3_ip_clk_wiz_lcos_pclk }]                                    clock_group      clock_group      
18        [get_clocks { clk_out5_ip_clk_wiz_lcos_pclk }]                                                                                                                      [get_clocks { clk_out4_ip_clk_wiz_lcos_pclk }]                                    clock_group      clock_group      Non-existent path                 
18        [get_clocks { clk_pll_i }]                                                                                                                                          [get_clocks { clk_out4_ip_clk_wiz_lcos_pclk }]                                    clock_group      clock_group      Non-existent path                 
18        [get_clocks { clk_out1_ip_clk_wiz_ddr3_clk clk_out2_ip_clk_wiz_ddr3_clk }]                                                                                          [get_clocks { clk_out4_ip_clk_wiz_lcos_pclk }]                                    clock_group      clock_group      Non-existent path                 
18        [get_clocks { clk_out3_ip_clk_wiz_lcos_pclk }]                                                                                                                      [get_clocks { clk_out4_ip_clk_wiz_lcos_pclk }]                                    clock_group      clock_group      Non-existent path                 
18        [get_clocks { clk_out1_ip_clk_wiz_lcos_pclk clk_out2_ip_clk_wiz_lcos_pclk }]                                                                                        [get_clocks { clk_out4_ip_clk_wiz_lcos_pclk }]                                    clock_group      clock_group      Non-existent path                 
18        [get_clocks { clk_out1_ip_clk_wiz_fmc_clk }]                                                                                                                        [get_clocks { clk_out4_ip_clk_wiz_lcos_pclk }]                                    clock_group      clock_group      Non-existent path                 
18        [get_clocks { clk_out1_ip_clk_wiz_lcos_sftcck clk_out2_ip_clk_wiz_lcos_sftcck }]                                                                                    [get_clocks { clk_out4_ip_clk_wiz_lcos_pclk }]                                    clock_group      clock_group      Non-existent path                 
18        [get_clocks { clk_pll_i }]                                                                                                                                          [get_clocks { clk_out5_ip_clk_wiz_lcos_pclk }]                                    clock_group      clock_group      Non-existent path                 
18        [get_clocks { clk_out3_ip_clk_wiz_lcos_pclk }]                                                                                                                      [get_clocks { clk_out5_ip_clk_wiz_lcos_pclk }]                                    clock_group      clock_group      Non-existent path                 
18        [get_clocks { clk_out4_ip_clk_wiz_lcos_pclk }]                                                                                                                      [get_clocks { clk_out5_ip_clk_wiz_lcos_pclk }]                                    clock_group      clock_group      Non-existent path                 
18        [get_clocks { clk_out1_ip_clk_wiz_ddr3_clk clk_out2_ip_clk_wiz_ddr3_clk }]                                                                                          [get_clocks { clk_out5_ip_clk_wiz_lcos_pclk }]                                    clock_group      clock_group      Non-existent path                 
18        [get_clocks { clk_out1_ip_clk_wiz_lcos_sftcck clk_out2_ip_clk_wiz_lcos_sftcck }]                                                                                    [get_clocks { clk_out5_ip_clk_wiz_lcos_pclk }]                                    clock_group      clock_group      Non-existent path                 
18        [get_clocks { clk_out1_ip_clk_wiz_fmc_clk }]                                                                                                                        [get_clocks { clk_out5_ip_clk_wiz_lcos_pclk }]                                    clock_group      clock_group      Non-existent path                 
18        [get_clocks { clk_out1_ip_clk_wiz_lcos_pclk clk_out2_ip_clk_wiz_lcos_pclk }]                                                                                        [get_clocks { clk_out5_ip_clk_wiz_lcos_pclk }]                                    clock_group      clock_group      Non-existent path                 
18        [get_clocks { clk_out1_ip_clk_wiz_ddr3_clk clk_out2_ip_clk_wiz_ddr3_clk }]                                                                                          [get_clocks { clk_pll_i }]                                                        clock_group      clock_group      
18        [get_clocks { clk_out3_ip_clk_wiz_lcos_pclk }]                                                                                                                      [get_clocks { clk_pll_i }]                                                        clock_group      clock_group      Non-existent path                 
18        [get_clocks { clk_out5_ip_clk_wiz_lcos_pclk }]                                                                                                                      [get_clocks { clk_pll_i }]                                                        clock_group      clock_group      Non-existent path                 
18        [get_clocks { clk_out1_ip_clk_wiz_lcos_pclk clk_out2_ip_clk_wiz_lcos_pclk }]                                                                                        [get_clocks { clk_pll_i }]                                                        clock_group      clock_group      
18        [get_clocks { clk_out1_ip_clk_wiz_fmc_clk }]                                                                                                                        [get_clocks { clk_pll_i }]                                                        clock_group      clock_group      Non-existent path                 
18        [get_clocks { clk_out1_ip_clk_wiz_lcos_sftcck clk_out2_ip_clk_wiz_lcos_sftcck }]                                                                                    [get_clocks { clk_pll_i }]                                                        clock_group      clock_group      Non-existent path                 
18        [get_clocks { clk_out4_ip_clk_wiz_lcos_pclk }]                                                                                                                      [get_clocks { clk_pll_i }]                                                        clock_group      clock_group      Non-existent path                 

