Property           Type     Read-only  Value
CLASS              string   true       clock
INPUT_JITTER       double   true       0.231
IS_GENERATED       bool     true       0
IS_PROPAGATED      bool     true       1
IS_USER_GENERATED  bool     true       0
IS_VIRTUAL         bool     true       0
NAME               string   true       pin_i_fmc_clk
PERIOD             double   true       23.148
SOURCE_PINS        string*  true       pin_i_fmc_clk
SYSTEM_JITTER      double   true       0.050
WAVEFORM           double*  true       0.000 11.574
Property           Type     Read-only  Value
CLASS              string   true       clock
INPUT_JITTER       double   true       0.000
IS_GENERATED       bool     true       1
IS_INVERTED        bool     true       0
IS_PROPAGATED      bool     true       1
IS_RENAMED         bool     true       0
IS_USER_GENERATED  bool     true       0
IS_VIRTUAL         bool     true       0
MASTER_CLOCK       clock    true       pin_i_fmc_clk
MULTIPLY_BY        int      true       1
NAME               string   true       clkfbout_ip_clk_wiz_fmc_clk
PERIOD             double   true       23.148
SOURCE             pin      true       u_phy_fmc/ip_clk_wiz_fmc_clk/inst/mmcm_adv_inst/CLKIN1
SOURCE_PINS        string*  true       u_phy_fmc/ip_clk_wiz_fmc_clk/inst/mmcm_adv_inst/CLKFBOUT
SYSTEM_JITTER      double   true       0.050
WAVEFORM           double*  true       0.000 11.574
Property           Type     Read-only  Value
CLASS              string   true       clock
INPUT_JITTER       double   true       0.000
IS_GENERATED       bool     true       1
IS_INVERTED        bool     true       0
IS_PROPAGATED      bool     true       1
IS_RENAMED         bool     true       0
IS_USER_GENERATED  bool     true       0
IS_VIRTUAL         bool     true       0
MASTER_CLOCK       clock    true       pin_i_fmc_clk
MULTIPLY_BY        int      true       2
NAME               string   true       clk_out1_ip_clk_wiz_fmc_clk
PERIOD             double   true       11.574
SOURCE             pin      true       u_phy_fmc/ip_clk_wiz_fmc_clk/inst/mmcm_adv_inst/CLKIN1
SOURCE_PINS        string*  true       u_phy_fmc/ip_clk_wiz_fmc_clk/inst/mmcm_adv_inst/CLKOUT0
SYSTEM_JITTER      double   true       0.050
WAVEFORM           double*  true       0.000 5.787
Property           Type     Read-only  Value
CLASS              string   true       clock
INPUT_JITTER       double   true       0.128
IS_GENERATED       bool     true       0
IS_PROPAGATED      bool     true       1
IS_USER_GENERATED  bool     true       0
IS_VIRTUAL         bool     true       0
NAME               string   true       pin_i_clk_78m
PERIOD             double   true       12.820
SOURCE_PINS        string*  true       pin_i_clk_78m
SYSTEM_JITTER      double   true       0.050
WAVEFORM           double*  true       0.000 6.410
Property           Type     Read-only  Value
CLASS              string   true       clock
EDGES              int*     true       1 2 3
EDGE_SHIFT         double*  true       0.000 12.820 25.640
INPUT_JITTER       double   true       0.000
IS_GENERATED       bool     true       1
IS_INVERTED        bool     true       0
IS_PROPAGATED      bool     true       1
IS_RENAMED         bool     true       0
IS_USER_GENERATED  bool     true       0
IS_VIRTUAL         bool     true       0
MASTER_CLOCK       clock    true       pin_i_clk_78m
NAME               string   true       clkfbout_ip_clk_wiz_lcos_sftcck
PERIOD             double   true       38.460
SOURCE             pin      true       ip_clk_wiz_lcos_sftcck/inst/mmcm_adv_inst/CLKIN1
SOURCE_PINS        string*  true       ip_clk_wiz_lcos_sftcck/inst/mmcm_adv_inst/CLKFBOUT
SYSTEM_JITTER      double   true       0.050
WAVEFORM           double*  true       0.000 19.230
Property           Type     Read-only  Value
CLASS              string   true       clock
EDGES              int*     true       1 2 3
EDGE_SHIFT         double*  true       0.000 -1.349 -2.699
INPUT_JITTER       double   true       0.000
IS_GENERATED       bool     true       1
IS_INVERTED        bool     true       0
IS_PROPAGATED      bool     true       1
IS_RENAMED         bool     true       0
IS_USER_GENERATED  bool     true       0
IS_VIRTUAL         bool     true       0
MASTER_CLOCK       clock    true       pin_i_clk_78m
NAME               string   true       clk_out1_ip_clk_wiz_lcos_sftcck
PERIOD             double   true       10.121
SOURCE             pin      true       ip_clk_wiz_lcos_sftcck/inst/mmcm_adv_inst/CLKIN1
SOURCE_PINS        string*  true       ip_clk_wiz_lcos_sftcck/inst/mmcm_adv_inst/CLKOUT0
SYSTEM_JITTER      double   true       0.050
WAVEFORM           double*  true       0.000 5.061
Property           Type     Read-only  Value
CLASS              string   true       clock
EDGES              int*     true       1 2 3
EDGE_SHIFT         double*  true       0.000 -1.349 -2.699
INPUT_JITTER       double   true       0.000
IS_GENERATED       bool     true       1
IS_INVERTED        bool     true       0
IS_PROPAGATED      bool     true       1
IS_RENAMED         bool     true       0
IS_USER_GENERATED  bool     true       0
IS_VIRTUAL         bool     true       0
MASTER_CLOCK       clock    true       pin_i_clk_78m
NAME               string   true       clk_out2_ip_clk_wiz_lcos_sftcck
PERIOD             double   true       10.121
SOURCE             pin      true       ip_clk_wiz_lcos_sftcck/inst/mmcm_adv_inst/CLKIN1
SOURCE_PINS        string*  true       ip_clk_wiz_lcos_sftcck/inst/mmcm_adv_inst/CLKOUT1
SYSTEM_JITTER      double   true       0.050
WAVEFORM           double*  true       0.000 5.061
Property           Type     Read-only  Value
CLASS              string   true       clock
INPUT_JITTER       double   true       0.500
IS_GENERATED       bool     true       0
IS_PROPAGATED      bool     true       1
IS_USER_GENERATED  bool     true       0
IS_VIRTUAL         bool     true       0
NAME               string   true       pin_i_clk_20m
PERIOD             double   true       50.000
SOURCE_PINS        string*  true       pin_i_clk_20m
SYSTEM_JITTER      double   true       0.050
WAVEFORM           double*  true       0.000 25.000
Property           Type     Read-only  Value
CLASS              string   true       clock
INPUT_JITTER       double   true       0.000
IS_GENERATED       bool     true       1
IS_INVERTED        bool     true       0
IS_PROPAGATED      bool     true       1
IS_RENAMED         bool     true       0
IS_USER_GENERATED  bool     true       0
IS_VIRTUAL         bool     true       0
MASTER_CLOCK       clock    true       pin_i_clk_20m
MULTIPLY_BY        int      true       1
NAME               string   true       clkfbout_ip_clk_wiz_lcos_pclk
PERIOD             double   true       50.000
SOURCE             pin      true       ip_clk_wiz_lcos_pclk/inst/mmcm_adv_inst/CLKIN1
SOURCE_PINS        string*  true       ip_clk_wiz_lcos_pclk/inst/mmcm_adv_inst/CLKFBOUT
SYSTEM_JITTER      double   true       0.050
WAVEFORM           double*  true       0.000 25.000
Property           Type     Read-only  Value
CLASS              string   true       clock
EDGES              int*     true       1 2 3
EDGE_SHIFT         double*  true       0.000 -18.590 -37.179
INPUT_JITTER       double   true       0.000
IS_GENERATED       bool     true       1
IS_INVERTED        bool     true       0
IS_PROPAGATED      bool     true       1
IS_RENAMED         bool     true       0
IS_USER_GENERATED  bool     true       0
IS_VIRTUAL         bool     true       0
MASTER_CLOCK       clock    true       pin_i_clk_20m
NAME               string   true       clk_out1_ip_clk_wiz_lcos_pclk
PERIOD             double   true       12.821
SOURCE             pin      true       ip_clk_wiz_lcos_pclk/inst/mmcm_adv_inst/CLKIN1
SOURCE_PINS        string*  true       ip_clk_wiz_lcos_pclk/inst/mmcm_adv_inst/CLKOUT0
SYSTEM_JITTER      double   true       0.050
WAVEFORM           double*  true       0.000 6.410
Property           Type     Read-only  Value
CLASS              string   true       clock
EDGES              int*     true       1 2 3
EDGE_SHIFT         double*  true       6.410 -5.769 -17.949
INPUT_JITTER       double   true       0.000
IS_GENERATED       bool     true       1
IS_INVERTED        bool     true       0
IS_PROPAGATED      bool     true       1
IS_RENAMED         bool     true       0
IS_USER_GENERATED  bool     true       0
IS_VIRTUAL         bool     true       0
MASTER_CLOCK       clock    true       pin_i_clk_20m
NAME               string   true       clk_out2_ip_clk_wiz_lcos_pclk
PERIOD             double   true       25.641
SOURCE             pin      true       ip_clk_wiz_lcos_pclk/inst/mmcm_adv_inst/CLKIN1
SOURCE_PINS        string*  true       ip_clk_wiz_lcos_pclk/inst/mmcm_adv_inst/CLKOUT1
SYSTEM_JITTER      double   true       0.050
WAVEFORM           double*  true       6.410 19.231
Property           Type     Read-only  Value
CLASS              string   true       clock
EDGES              int*     true       1 2 3
EDGE_SHIFT         double*  true       0.000 -21.795 -43.590
INPUT_JITTER       double   true       0.000
IS_GENERATED       bool     true       1
IS_INVERTED        bool     true       0
IS_PROPAGATED      bool     true       1
IS_RENAMED         bool     true       0
IS_USER_GENERATED  bool     true       0
IS_VIRTUAL         bool     true       0
MASTER_CLOCK       clock    true       pin_i_clk_20m
NAME               string   true       clk_out3_ip_clk_wiz_lcos_pclk
PERIOD             double   true       6.410
SOURCE             pin      true       ip_clk_wiz_lcos_pclk/inst/mmcm_adv_inst/CLKIN1
SOURCE_PINS        string*  true       ip_clk_wiz_lcos_pclk/inst/mmcm_adv_inst/CLKOUT2
SYSTEM_JITTER      double   true       0.050
WAVEFORM           double*  true       0.000 3.205
Property           Type     Read-only  Value
CLASS              string   true       clock
EDGES              int*     true       1 2 3
EDGE_SHIFT         double*  true       0.000 -18.590 -37.179
INPUT_JITTER       double   true       0.000
IS_GENERATED       bool     true       1
IS_INVERTED        bool     true       0
IS_PROPAGATED      bool     true       1
IS_RENAMED         bool     true       0
IS_USER_GENERATED  bool     true       0
IS_VIRTUAL         bool     true       0
MASTER_CLOCK       clock    true       pin_i_clk_20m
NAME               string   true       clk_out4_ip_clk_wiz_lcos_pclk
PERIOD             double   true       12.821
SOURCE             pin      true       ip_clk_wiz_lcos_pclk/inst/mmcm_adv_inst/CLKIN1
SOURCE_PINS        string*  true       ip_clk_wiz_lcos_pclk/inst/mmcm_adv_inst/CLKOUT3
SYSTEM_JITTER      double   true       0.050
WAVEFORM           double*  true       0.000 6.410
Property           Type     Read-only  Value
CLASS              string   true       clock
EDGES              int*     true       1 2 3
EDGE_SHIFT         double*  true       0.000 -21.795 -43.590
INPUT_JITTER       double   true       0.000
IS_GENERATED       bool     true       1
IS_INVERTED        bool     true       0
IS_PROPAGATED      bool     true       1
IS_RENAMED         bool     true       0
IS_USER_GENERATED  bool     true       0
IS_VIRTUAL         bool     true       0
MASTER_CLOCK       clock    true       pin_i_clk_20m
NAME               string   true       clk_out5_ip_clk_wiz_lcos_pclk
PERIOD             double   true       6.410
SOURCE             pin      true       ip_clk_wiz_lcos_pclk/inst/mmcm_adv_inst/CLKIN1
SOURCE_PINS        string*  true       ip_clk_wiz_lcos_pclk/inst/mmcm_adv_inst/CLKOUT4
SYSTEM_JITTER      double   true       0.050
WAVEFORM           double*  true       0.000 3.205
Property           Type     Read-only  Value
CLASS              string   true       clock
INPUT_JITTER       double   true       0.000
IS_GENERATED       bool     true       1
IS_INVERTED        bool     true       0
IS_PROPAGATED      bool     true       1
IS_RENAMED         bool     true       0
IS_USER_GENERATED  bool     true       0
IS_VIRTUAL         bool     true       0
MASTER_CLOCK       clock    true       clk_out5_ip_clk_wiz_lcos_pclk
MULTIPLY_BY        int      true       1
NAME               string   true       clkfbout_ip_clk_wiz_power_loader
PERIOD             double   true       6.410
SOURCE             pin      true       u_sys_top_with_ddr3/ip_clk_wiz_power_loader/inst/plle2_adv_inst/CLKIN1
SOURCE_PINS        string*  true       u_sys_top_with_ddr3/ip_clk_wiz_power_loader/inst/plle2_adv_inst/CLKFBOUT
SYSTEM_JITTER      double   true       0.050
WAVEFORM           double*  true       0.000 3.205
Property           Type     Read-only  Value
CLASS              string   true       clock
INPUT_JITTER       double   true       0.000
IS_GENERATED       bool     true       1
IS_INVERTED        bool     true       0
IS_PROPAGATED      bool     true       1
IS_RENAMED         bool     true       0
IS_USER_GENERATED  bool     true       0
IS_VIRTUAL         bool     true       0
MASTER_CLOCK       clock    true       clk_out5_ip_clk_wiz_lcos_pclk
MULTIPLY_BY        int      true       2
NAME               string   true       clk_out1_ip_clk_wiz_power_loader
PERIOD             double   true       3.205
SOURCE             pin      true       u_sys_top_with_ddr3/ip_clk_wiz_power_loader/inst/plle2_adv_inst/CLKIN1
SOURCE_PINS        string*  true       u_sys_top_with_ddr3/ip_clk_wiz_power_loader/inst/plle2_adv_inst/CLKOUT0
SYSTEM_JITTER      double   true       0.050
WAVEFORM           double*  true       0.000 1.603
Property           Type     Read-only  Value
CLASS              string   true       clock
INPUT_JITTER       double   true       0.100
IS_GENERATED       bool     true       0
IS_PROPAGATED      bool     true       1
IS_USER_GENERATED  bool     true       0
IS_VIRTUAL         bool     true       0
NAME               string   true       pin_i_clk_100m
PERIOD             double   true       10.000
SOURCE_PINS        string*  true       pin_i_clk_100m
SYSTEM_JITTER      double   true       0.050
WAVEFORM           double*  true       0.000 5.000
Property           Type     Read-only  Value
CLASS              string   true       clock
INPUT_JITTER       double   true       0.000
IS_GENERATED       bool     true       1
IS_INVERTED        bool     true       0
IS_PROPAGATED      bool     true       1
IS_RENAMED         bool     true       0
IS_USER_GENERATED  bool     true       0
IS_VIRTUAL         bool     true       0
MASTER_CLOCK       clock    true       pin_i_clk_100m
MULTIPLY_BY        int      true       1
NAME               string   true       clkfbout_ip_clk_wiz_ddr3_clk
PERIOD             double   true       10.000
SOURCE             pin      true       ip_clk_wiz_ddr3_clk/inst/mmcm_adv_inst/CLKIN1
SOURCE_PINS        string*  true       ip_clk_wiz_ddr3_clk/inst/mmcm_adv_inst/CLKFBOUT
SYSTEM_JITTER      double   true       0.050
WAVEFORM           double*  true       0.000 5.000
Property           Type     Read-only  Value
CLASS              string   true       clock
INPUT_JITTER       double   true       0.000
IS_GENERATED       bool     true       1
IS_INVERTED        bool     true       0
IS_PROPAGATED      bool     true       1
IS_RENAMED         bool     true       0
IS_USER_GENERATED  bool     true       0
IS_VIRTUAL         bool     true       0
MASTER_CLOCK       clock    true       pin_i_clk_100m
MULTIPLY_BY        int      true       1
NAME               string   true       clk_out1_ip_clk_wiz_ddr3_clk
PERIOD             double   true       10.000
SOURCE             pin      true       ip_clk_wiz_ddr3_clk/inst/mmcm_adv_inst/CLKIN1
SOURCE_PINS        string*  true       ip_clk_wiz_ddr3_clk/inst/mmcm_adv_inst/CLKOUT0
SYSTEM_JITTER      double   true       0.050
WAVEFORM           double*  true       0.000 5.000
Property           Type     Read-only  Value
CLASS              string   true       clock
INPUT_JITTER       double   true       0.000
IS_GENERATED       bool     true       1
IS_INVERTED        bool     true       0
IS_PROPAGATED      bool     true       1
IS_RENAMED         bool     true       0
IS_USER_GENERATED  bool     true       0
IS_VIRTUAL         bool     true       0
MASTER_CLOCK       clock    true       pin_i_clk_100m
MULTIPLY_BY        int      true       2
NAME               string   true       clk_out2_ip_clk_wiz_ddr3_clk
PERIOD             double   true       5.000
SOURCE             pin      true       ip_clk_wiz_ddr3_clk/inst/mmcm_adv_inst/CLKIN1
SOURCE_PINS        string*  true       ip_clk_wiz_ddr3_clk/inst/mmcm_adv_inst/CLKOUT1
SYSTEM_JITTER      double   true       0.050
WAVEFORM           double*  true       0.000 2.500
Property           Type     Read-only  Value
CLASS              string   true       clock
INPUT_JITTER       double   true       0.000
IS_GENERATED       bool     true       1
IS_INVERTED        bool     true       0
IS_PROPAGATED      bool     true       1
IS_RENAMED         bool     true       0
IS_USER_GENERATED  bool     true       0
IS_VIRTUAL         bool     true       0
MASTER_CLOCK       clock    true       clk_out1_ip_clk_wiz_ddr3_clk
MULTIPLY_BY        int      true       1
NAME               string   true       pll_clkfbout
PERIOD             double   true       10.000
SOURCE             pin      true       u_ddr3_top/u_ip_mig_ddr3/u_ip_mig_ddr3_mig/u_ddr3_infrastructure/plle2_i/CLKIN1
SOURCE_PINS        string*  true       u_ddr3_top/u_ip_mig_ddr3/u_ip_mig_ddr3_mig/u_ddr3_infrastructure/plle2_i/CLKFBOUT
SYSTEM_JITTER      double   true       0.050
WAVEFORM           double*  true       0.000 5.000
Property           Type     Read-only  Value
CLASS              string   true       clock
EDGES              int*     true       1 2 3
EDGE_SHIFT         double*  true       0.000 -4.231 -8.462
INPUT_JITTER       double   true       0.000
IS_GENERATED       bool     true       1
IS_INVERTED        bool     true       0
IS_PROPAGATED      bool     true       1
IS_RENAMED         bool     true       0
IS_USER_GENERATED  bool     true       0
IS_VIRTUAL         bool     true       0
MASTER_CLOCK       clock    true       clk_out1_ip_clk_wiz_ddr3_clk
NAME               string   true       freq_refclk
PERIOD             double   true       1.538
SOURCE             pin      true       u_ddr3_top/u_ip_mig_ddr3/u_ip_mig_ddr3_mig/u_ddr3_infrastructure/plle2_i/CLKIN1
SOURCE_PINS        string*  true       u_ddr3_top/u_ip_mig_ddr3/u_ip_mig_ddr3_mig/u_ddr3_infrastructure/plle2_i/CLKOUT0
SYSTEM_JITTER      double   true       0.050
WAVEFORM           double*  true       0.000 0.769
Property           Type     Read-only  Value
CLASS              string   true       clock
EDGES              int*     true       1 2 3
EDGE_SHIFT         double*  true       0.000 -3.462 -6.923
INPUT_JITTER       double   true       0.000
IS_GENERATED       bool     true       1
IS_INVERTED        bool     true       0
IS_PROPAGATED      bool     true       1
IS_RENAMED         bool     true       0
IS_USER_GENERATED  bool     true       0
IS_VIRTUAL         bool     true       0
MASTER_CLOCK       clock    true       clk_out1_ip_clk_wiz_ddr3_clk
NAME               string   true       mem_refclk
PERIOD             double   true       3.077
SOURCE             pin      true       u_ddr3_top/u_ip_mig_ddr3/u_ip_mig_ddr3_mig/u_ddr3_infrastructure/plle2_i/CLKIN1
SOURCE_PINS        string*  true       u_ddr3_top/u_ip_mig_ddr3/u_ip_mig_ddr3_mig/u_ddr3_infrastructure/plle2_i/CLKOUT1
SYSTEM_JITTER      double   true       0.050
WAVEFORM           double*  true       0.000 1.538
Property           Type     Read-only  Value
CLASS              string   true       clock
EDGES              int*     true       1 2 3
EDGE_SHIFT         double*  true       1.346 -0.577 40.577
INPUT_JITTER       double   true       0.000
IS_GENERATED       bool     true       1
IS_INVERTED        bool     true       0
IS_PROPAGATED      bool     true       1
IS_RENAMED         bool     true       0
IS_USER_GENERATED  bool     true       0
IS_VIRTUAL         bool     true       0
MASTER_CLOCK       clock    true       clk_out1_ip_clk_wiz_ddr3_clk
NAME               string   true       sync_pulse
PERIOD             double   true       49.231
SOURCE             pin      true       u_ddr3_top/u_ip_mig_ddr3/u_ip_mig_ddr3_mig/u_ddr3_infrastructure/plle2_i/CLKIN1
SOURCE_PINS        string*  true       u_ddr3_top/u_ip_mig_ddr3/u_ip_mig_ddr3_mig/u_ddr3_infrastructure/plle2_i/CLKOUT2
SYSTEM_JITTER      double   true       0.050
WAVEFORM           double*  true       1.346 4.423
Property           Type     Read-only  Value
CLASS              string   true       clock
EDGES              int*     true       1 2 3
EDGE_SHIFT         double*  true       0.000 1.154 2.308
INPUT_JITTER       double   true       0.000
IS_GENERATED       bool     true       1
IS_INVERTED        bool     true       0
IS_PROPAGATED      bool     true       1
IS_RENAMED         bool     true       0
IS_USER_GENERATED  bool     true       0
IS_VIRTUAL         bool     true       0
MASTER_CLOCK       clock    true       clk_out1_ip_clk_wiz_ddr3_clk
NAME               string   true       pll_clk3_out
PERIOD             double   true       12.308
SOURCE             pin      true       u_ddr3_top/u_ip_mig_ddr3/u_ip_mig_ddr3_mig/u_ddr3_infrastructure/plle2_i/CLKIN1
SOURCE_PINS        string*  true       u_ddr3_top/u_ip_mig_ddr3/u_ip_mig_ddr3_mig/u_ddr3_infrastructure/plle2_i/CLKOUT3
SYSTEM_JITTER      double   true       0.050
WAVEFORM           double*  true       0.000 6.154
Property           Type     Read-only  Value
CLASS              string   true       clock
DIVIDE_BY          int      true       1
INPUT_JITTER       double   true       0.000
IS_GENERATED       bool     true       1
IS_INVERTED        bool     true       0
IS_PROPAGATED      bool     true       1
IS_RENAMED         bool     true       0
IS_USER_GENERATED  bool     true       0
IS_VIRTUAL         bool     true       0
MASTER_CLOCK       clock    true       mem_refclk
NAME               string   true       oserdes_clk
PERIOD             double   true       3.077
SOURCE             pin      true       u_ddr3_top/u_ip_mig_ddr3/u_ip_mig_ddr3_mig/u_memc_ui_top_std/mem_intfc0/ddr_phy_top0/u_ddr_mc_phy_wrapper/u_ddr_mc_phy/ddr_phy_4lanes_0.u_ddr_phy_4lanes/ddr_byte_lane_B.ddr_byte_lane_B/phaser_out/MEMREFCLK
SOURCE_PINS        string*  true       u_ddr3_top/u_ip_mig_ddr3/u_ip_mig_ddr3_mig/u_memc_ui_top_std/mem_intfc0/ddr_phy_top0/u_ddr_mc_phy_wrapper/u_ddr_mc_phy/ddr_phy_4lanes_0.u_ddr_phy_4lanes/ddr_byte_lane_B.ddr_byte_lane_B/phaser_out/OCLK
SYSTEM_JITTER      double   true       0.050
WAVEFORM           double*  true       0.000 1.538
Property           Type     Read-only  Value
CLASS              string   true       clock
DIVIDE_BY          int      true       1
INPUT_JITTER       double   true       0.000
IS_GENERATED       bool     true       1
IS_INVERTED        bool     true       0
IS_PROPAGATED      bool     true       1
IS_RENAMED         bool     true       0
IS_USER_GENERATED  bool     true       0
IS_VIRTUAL         bool     true       0
MASTER_CLOCK       clock    true       mem_refclk
NAME               string   true       oserdes_clk_1
PERIOD             double   true       3.077
SOURCE             pin      true       u_ddr3_top/u_ip_mig_ddr3/u_ip_mig_ddr3_mig/u_memc_ui_top_std/mem_intfc0/ddr_phy_top0/u_ddr_mc_phy_wrapper/u_ddr_mc_phy/ddr_phy_4lanes_0.u_ddr_phy_4lanes/ddr_byte_lane_C.ddr_byte_lane_C/phaser_out/MEMREFCLK
SOURCE_PINS        string*  true       u_ddr3_top/u_ip_mig_ddr3/u_ip_mig_ddr3_mig/u_memc_ui_top_std/mem_intfc0/ddr_phy_top0/u_ddr_mc_phy_wrapper/u_ddr_mc_phy/ddr_phy_4lanes_0.u_ddr_phy_4lanes/ddr_byte_lane_C.ddr_byte_lane_C/phaser_out/OCLK
SYSTEM_JITTER      double   true       0.050
WAVEFORM           double*  true       0.000 1.538
Property           Type     Read-only  Value
CLASS              string   true       clock
DIVIDE_BY          int      true       1
INPUT_JITTER       double   true       0.000
IS_GENERATED       bool     true       1
IS_INVERTED        bool     true       0
IS_PROPAGATED      bool     true       1
IS_RENAMED         bool     true       0
IS_USER_GENERATED  bool     true       0
IS_VIRTUAL         bool     true       0
MASTER_CLOCK       clock    true       mem_refclk
NAME               string   true       oserdes_clk_2
PERIOD             double   true       3.077
SOURCE             pin      true       u_ddr3_top/u_ip_mig_ddr3/u_ip_mig_ddr3_mig/u_memc_ui_top_std/mem_intfc0/ddr_phy_top0/u_ddr_mc_phy_wrapper/u_ddr_mc_phy/ddr_phy_4lanes_0.u_ddr_phy_4lanes/ddr_byte_lane_D.ddr_byte_lane_D/phaser_out/MEMREFCLK
SOURCE_PINS        string*  true       u_ddr3_top/u_ip_mig_ddr3/u_ip_mig_ddr3_mig/u_memc_ui_top_std/mem_intfc0/ddr_phy_top0/u_ddr_mc_phy_wrapper/u_ddr_mc_phy/ddr_phy_4lanes_0.u_ddr_phy_4lanes/ddr_byte_lane_D.ddr_byte_lane_D/phaser_out/OCLK
SYSTEM_JITTER      double   true       0.050
WAVEFORM           double*  true       0.000 1.538
Property           Type     Read-only  Value
CLASS              string   true       clock
DIVIDE_BY          int      true       2
INPUT_JITTER       double   true       0.000
IS_GENERATED       bool     true       1
IS_INVERTED        bool     true       0
IS_PROPAGATED      bool     true       1
IS_RENAMED         bool     true       0
IS_USER_GENERATED  bool     true       0
IS_VIRTUAL         bool     true       0
MASTER_CLOCK       clock    true       freq_refclk
NAME               string   true       u_memc_ui_top_std/mem_intfc0/ddr_phy_top0/u_ddr_mc_phy_wrapper/u_ddr_mc_phy/ddr_phy_4lanes_1.u_ddr_phy_4lanes/ddr_byte_lane_C.ddr_byte_lane_C/iserdes_clk
PERIOD             double   true       3.077
SOURCE             pin      true       u_ddr3_top/u_ip_mig_ddr3/u_ip_mig_ddr3_mig/u_memc_ui_top_std/mem_intfc0/ddr_phy_top0/u_ddr_mc_phy_wrapper/u_ddr_mc_phy/ddr_phy_4lanes_1.u_ddr_phy_4lanes/ddr_byte_lane_C.ddr_byte_lane_C/phaser_in_gen.phaser_in/FREQREFCLK
SOURCE_PINS        string*  true       u_ddr3_top/u_ip_mig_ddr3/u_ip_mig_ddr3_mig/u_memc_ui_top_std/mem_intfc0/ddr_phy_top0/u_ddr_mc_phy_wrapper/u_ddr_mc_phy/ddr_phy_4lanes_1.u_ddr_phy_4lanes/ddr_byte_lane_C.ddr_byte_lane_C/phaser_in_gen.phaser_in/ICLK
SYSTEM_JITTER      double   true       0.050
WAVEFORM           double*  true       0.000 1.538
Property           Type     Read-only  Value
CLASS              string   true       clock
DIVIDE_BY          int      true       1
INPUT_JITTER       double   true       0.000
IS_GENERATED       bool     true       1
IS_INVERTED        bool     true       0
IS_PROPAGATED      bool     true       1
IS_RENAMED         bool     true       0
IS_USER_GENERATED  bool     true       0
IS_VIRTUAL         bool     true       0
MASTER_CLOCK       clock    true       mem_refclk
NAME               string   true       oserdes_clk_3
PERIOD             double   true       3.077
SOURCE             pin      true       u_ddr3_top/u_ip_mig_ddr3/u_ip_mig_ddr3_mig/u_memc_ui_top_std/mem_intfc0/ddr_phy_top0/u_ddr_mc_phy_wrapper/u_ddr_mc_phy/ddr_phy_4lanes_1.u_ddr_phy_4lanes/ddr_byte_lane_C.ddr_byte_lane_C/phaser_out/MEMREFCLK
SOURCE_PINS        string*  true       u_ddr3_top/u_ip_mig_ddr3/u_ip_mig_ddr3_mig/u_memc_ui_top_std/mem_intfc0/ddr_phy_top0/u_ddr_mc_phy_wrapper/u_ddr_mc_phy/ddr_phy_4lanes_1.u_ddr_phy_4lanes/ddr_byte_lane_C.ddr_byte_lane_C/phaser_out/OCLK
SYSTEM_JITTER      double   true       0.050
WAVEFORM           double*  true       0.000 1.538
Property           Type     Read-only  Value
CLASS              string   true       clock
DIVIDE_BY          int      true       2
INPUT_JITTER       double   true       0.000
IS_GENERATED       bool     true       1
IS_INVERTED        bool     true       0
IS_PROPAGATED      bool     true       1
IS_RENAMED         bool     true       0
IS_USER_GENERATED  bool     true       0
IS_VIRTUAL         bool     true       0
MASTER_CLOCK       clock    true       freq_refclk
NAME               string   true       u_memc_ui_top_std/mem_intfc0/ddr_phy_top0/u_ddr_mc_phy_wrapper/u_ddr_mc_phy/ddr_phy_4lanes_1.u_ddr_phy_4lanes/ddr_byte_lane_D.ddr_byte_lane_D/iserdes_clk
PERIOD             double   true       3.077
SOURCE             pin      true       u_ddr3_top/u_ip_mig_ddr3/u_ip_mig_ddr3_mig/u_memc_ui_top_std/mem_intfc0/ddr_phy_top0/u_ddr_mc_phy_wrapper/u_ddr_mc_phy/ddr_phy_4lanes_1.u_ddr_phy_4lanes/ddr_byte_lane_D.ddr_byte_lane_D/phaser_in_gen.phaser_in/FREQREFCLK
SOURCE_PINS        string*  true       u_ddr3_top/u_ip_mig_ddr3/u_ip_mig_ddr3_mig/u_memc_ui_top_std/mem_intfc0/ddr_phy_top0/u_ddr_mc_phy_wrapper/u_ddr_mc_phy/ddr_phy_4lanes_1.u_ddr_phy_4lanes/ddr_byte_lane_D.ddr_byte_lane_D/phaser_in_gen.phaser_in/ICLK
SYSTEM_JITTER      double   true       0.050
WAVEFORM           double*  true       0.000 1.538
Property           Type     Read-only  Value
CLASS              string   true       clock
DIVIDE_BY          int      true       1
INPUT_JITTER       double   true       0.000
IS_GENERATED       bool     true       1
IS_INVERTED        bool     true       0
IS_PROPAGATED      bool     true       1
IS_RENAMED         bool     true       0
IS_USER_GENERATED  bool     true       0
IS_VIRTUAL         bool     true       0
MASTER_CLOCK       clock    true       mem_refclk
NAME               string   true       oserdes_clk_4
PERIOD             double   true       3.077
SOURCE             pin      true       u_ddr3_top/u_ip_mig_ddr3/u_ip_mig_ddr3_mig/u_memc_ui_top_std/mem_intfc0/ddr_phy_top0/u_ddr_mc_phy_wrapper/u_ddr_mc_phy/ddr_phy_4lanes_1.u_ddr_phy_4lanes/ddr_byte_lane_D.ddr_byte_lane_D/phaser_out/MEMREFCLK
SOURCE_PINS        string*  true       u_ddr3_top/u_ip_mig_ddr3/u_ip_mig_ddr3_mig/u_memc_ui_top_std/mem_intfc0/ddr_phy_top0/u_ddr_mc_phy_wrapper/u_ddr_mc_phy/ddr_phy_4lanes_1.u_ddr_phy_4lanes/ddr_byte_lane_D.ddr_byte_lane_D/phaser_out/OCLK
SYSTEM_JITTER      double   true       0.050
WAVEFORM           double*  true       0.000 1.538
Property           Type     Read-only  Value
CLASS              string   true       clock
INPUT_JITTER       double   true       0.000
IS_GENERATED       bool     true       1
IS_INVERTED        bool     true       0
IS_PROPAGATED      bool     true       1
IS_RENAMED         bool     true       0
IS_USER_GENERATED  bool     true       0
IS_VIRTUAL         bool     true       0
MASTER_CLOCK       clock    true       pll_clk3_out
MULTIPLY_BY        int      true       1
NAME               string   true       clk_pll_i
PERIOD             double   true       12.308
SOURCE             pin      true       u_ddr3_top/u_ip_mig_ddr3/u_ip_mig_ddr3_mig/u_ddr3_infrastructure/gen_mmcm.mmcm_i/CLKIN1
SOURCE_PINS        string*  true       u_ddr3_top/u_ip_mig_ddr3/u_ip_mig_ddr3_mig/u_ddr3_infrastructure/gen_mmcm.mmcm_i/CLKFBOUT
SYSTEM_JITTER      double   true       0.050
WAVEFORM           double*  true       0.000 6.154
Property           Type     Read-only  Value
CLASS              string   true       clock
DIVIDE_BY          int      true       4
INPUT_JITTER       double   true       0.000
IS_GENERATED       bool     true       1
IS_INVERTED        bool     true       0
IS_PROPAGATED      bool     true       1
IS_RENAMED         bool     true       0
IS_USER_GENERATED  bool     true       0
IS_VIRTUAL         bool     true       0
MASTER_CLOCK       clock    true       oserdes_clk
NAME               string   true       oserdes_clkdiv
PERIOD             double   true       12.308
SOURCE             pin      true       u_ddr3_top/u_ip_mig_ddr3/u_ip_mig_ddr3_mig/u_memc_ui_top_std/mem_intfc0/ddr_phy_top0/u_ddr_mc_phy_wrapper/u_ddr_mc_phy/ddr_phy_4lanes_0.u_ddr_phy_4lanes/ddr_byte_lane_B.ddr_byte_lane_B/phaser_out/OCLK
SOURCE_PINS        string*  true       u_ddr3_top/u_ip_mig_ddr3/u_ip_mig_ddr3_mig/u_memc_ui_top_std/mem_intfc0/ddr_phy_top0/u_ddr_mc_phy_wrapper/u_ddr_mc_phy/ddr_phy_4lanes_0.u_ddr_phy_4lanes/ddr_byte_lane_B.ddr_byte_lane_B/phaser_out/OCLKDIV
SYSTEM_JITTER      double   true       0.050
WAVEFORM           double*  true       0.000 6.154
Property           Type     Read-only  Value
CLASS              string   true       clock
DIVIDE_BY          int      true       4
INPUT_JITTER       double   true       0.000
IS_GENERATED       bool     true       1
IS_INVERTED        bool     true       0
IS_PROPAGATED      bool     true       1
IS_RENAMED         bool     true       0
IS_USER_GENERATED  bool     true       0
IS_VIRTUAL         bool     true       0
MASTER_CLOCK       clock    true       oserdes_clk_1
NAME               string   true       oserdes_clkdiv_1
PERIOD             double   true       12.308
SOURCE             pin      true       u_ddr3_top/u_ip_mig_ddr3/u_ip_mig_ddr3_mig/u_memc_ui_top_std/mem_intfc0/ddr_phy_top0/u_ddr_mc_phy_wrapper/u_ddr_mc_phy/ddr_phy_4lanes_0.u_ddr_phy_4lanes/ddr_byte_lane_C.ddr_byte_lane_C/phaser_out/OCLK
SOURCE_PINS        string*  true       u_ddr3_top/u_ip_mig_ddr3/u_ip_mig_ddr3_mig/u_memc_ui_top_std/mem_intfc0/ddr_phy_top0/u_ddr_mc_phy_wrapper/u_ddr_mc_phy/ddr_phy_4lanes_0.u_ddr_phy_4lanes/ddr_byte_lane_C.ddr_byte_lane_C/phaser_out/OCLKDIV
SYSTEM_JITTER      double   true       0.050
WAVEFORM           double*  true       0.000 6.154
Property           Type     Read-only  Value
CLASS              string   true       clock
DIVIDE_BY          int      true       4
INPUT_JITTER       double   true       0.000
IS_GENERATED       bool     true       1
IS_INVERTED        bool     true       0
IS_PROPAGATED      bool     true       1
IS_RENAMED         bool     true       0
IS_USER_GENERATED  bool     true       0
IS_VIRTUAL         bool     true       0
MASTER_CLOCK       clock    true       oserdes_clk_2
NAME               string   true       oserdes_clkdiv_2
PERIOD             double   true       12.308
SOURCE             pin      true       u_ddr3_top/u_ip_mig_ddr3/u_ip_mig_ddr3_mig/u_memc_ui_top_std/mem_intfc0/ddr_phy_top0/u_ddr_mc_phy_wrapper/u_ddr_mc_phy/ddr_phy_4lanes_0.u_ddr_phy_4lanes/ddr_byte_lane_D.ddr_byte_lane_D/phaser_out/OCLK
SOURCE_PINS        string*  true       u_ddr3_top/u_ip_mig_ddr3/u_ip_mig_ddr3_mig/u_memc_ui_top_std/mem_intfc0/ddr_phy_top0/u_ddr_mc_phy_wrapper/u_ddr_mc_phy/ddr_phy_4lanes_0.u_ddr_phy_4lanes/ddr_byte_lane_D.ddr_byte_lane_D/phaser_out/OCLKDIV
SYSTEM_JITTER      double   true       0.050
WAVEFORM           double*  true       0.000 6.154
Property           Type     Read-only  Value
CLASS              string   true       clock
DIVIDE_BY          int      true       4
INPUT_JITTER       double   true       0.000
IS_GENERATED       bool     true       1
IS_INVERTED        bool     true       0
IS_PROPAGATED      bool     true       1
IS_RENAMED         bool     true       0
IS_USER_GENERATED  bool     true       0
IS_VIRTUAL         bool     true       0
MASTER_CLOCK       clock    true       u_memc_ui_top_std/mem_intfc0/ddr_phy_top0/u_ddr_mc_phy_wrapper/u_ddr_mc_phy/ddr_phy_4lanes_1.u_ddr_phy_4lanes/ddr_byte_lane_C.ddr_byte_lane_C/iserdes_clk
NAME               string   true       iserdes_clkdiv
PERIOD             double   true       12.308
SOURCE             pin      true       u_ddr3_top/u_ip_mig_ddr3/u_ip_mig_ddr3_mig/u_memc_ui_top_std/mem_intfc0/ddr_phy_top0/u_ddr_mc_phy_wrapper/u_ddr_mc_phy/ddr_phy_4lanes_1.u_ddr_phy_4lanes/ddr_byte_lane_C.ddr_byte_lane_C/phaser_in_gen.phaser_in/ICLK
SOURCE_PINS        string*  true       u_ddr3_top/u_ip_mig_ddr3/u_ip_mig_ddr3_mig/u_memc_ui_top_std/mem_intfc0/ddr_phy_top0/u_ddr_mc_phy_wrapper/u_ddr_mc_phy/ddr_phy_4lanes_1.u_ddr_phy_4lanes/ddr_byte_lane_C.ddr_byte_lane_C/phaser_in_gen.phaser_in/ICLKDIV
SYSTEM_JITTER      double   true       0.050
WAVEFORM           double*  true       0.000 6.154
Property           Type     Read-only  Value
CLASS              string   true       clock
DIVIDE_BY          int      true       2
INPUT_JITTER       double   true       0.000
IS_GENERATED       bool     true       1
IS_INVERTED        bool     true       0
IS_PROPAGATED      bool     true       1
IS_RENAMED         bool     true       0
IS_USER_GENERATED  bool     true       0
IS_VIRTUAL         bool     true       0
MASTER_CLOCK       clock    true       oserdes_clk_3
NAME               string   true       oserdes_clkdiv_3
PERIOD             double   true       6.154
SOURCE             pin      true       u_ddr3_top/u_ip_mig_ddr3/u_ip_mig_ddr3_mig/u_memc_ui_top_std/mem_intfc0/ddr_phy_top0/u_ddr_mc_phy_wrapper/u_ddr_mc_phy/ddr_phy_4lanes_1.u_ddr_phy_4lanes/ddr_byte_lane_C.ddr_byte_lane_C/phaser_out/OCLK
SOURCE_PINS        string*  true       u_ddr3_top/u_ip_mig_ddr3/u_ip_mig_ddr3_mig/u_memc_ui_top_std/mem_intfc0/ddr_phy_top0/u_ddr_mc_phy_wrapper/u_ddr_mc_phy/ddr_phy_4lanes_1.u_ddr_phy_4lanes/ddr_byte_lane_C.ddr_byte_lane_C/phaser_out/OCLKDIV
SYSTEM_JITTER      double   true       0.050
WAVEFORM           double*  true       0.000 3.077
Property           Type     Read-only  Value
CLASS              string   true       clock
DIVIDE_BY          int      true       4
INPUT_JITTER       double   true       0.000
IS_GENERATED       bool     true       1
IS_INVERTED        bool     true       0
IS_PROPAGATED      bool     true       1
IS_RENAMED         bool     true       0
IS_USER_GENERATED  bool     true       0
IS_VIRTUAL         bool     true       0
MASTER_CLOCK       clock    true       u_memc_ui_top_std/mem_intfc0/ddr_phy_top0/u_ddr_mc_phy_wrapper/u_ddr_mc_phy/ddr_phy_4lanes_1.u_ddr_phy_4lanes/ddr_byte_lane_D.ddr_byte_lane_D/iserdes_clk
NAME               string   true       iserdes_clkdiv_1
PERIOD             double   true       12.308
SOURCE             pin      true       u_ddr3_top/u_ip_mig_ddr3/u_ip_mig_ddr3_mig/u_memc_ui_top_std/mem_intfc0/ddr_phy_top0/u_ddr_mc_phy_wrapper/u_ddr_mc_phy/ddr_phy_4lanes_1.u_ddr_phy_4lanes/ddr_byte_lane_D.ddr_byte_lane_D/phaser_in_gen.phaser_in/ICLK
SOURCE_PINS        string*  true       u_ddr3_top/u_ip_mig_ddr3/u_ip_mig_ddr3_mig/u_memc_ui_top_std/mem_intfc0/ddr_phy_top0/u_ddr_mc_phy_wrapper/u_ddr_mc_phy/ddr_phy_4lanes_1.u_ddr_phy_4lanes/ddr_byte_lane_D.ddr_byte_lane_D/phaser_in_gen.phaser_in/ICLKDIV
SYSTEM_JITTER      double   true       0.050
WAVEFORM           double*  true       0.000 6.154
Property           Type     Read-only  Value
CLASS              string   true       clock
DIVIDE_BY          int      true       2
INPUT_JITTER       double   true       0.000
IS_GENERATED       bool     true       1
IS_INVERTED        bool     true       0
IS_PROPAGATED      bool     true       1
IS_RENAMED         bool     true       0
IS_USER_GENERATED  bool     true       0
IS_VIRTUAL         bool     true       0
MASTER_CLOCK       clock    true       oserdes_clk_4
NAME               string   true       oserdes_clkdiv_4
PERIOD             double   true       6.154
SOURCE             pin      true       u_ddr3_top/u_ip_mig_ddr3/u_ip_mig_ddr3_mig/u_memc_ui_top_std/mem_intfc0/ddr_phy_top0/u_ddr_mc_phy_wrapper/u_ddr_mc_phy/ddr_phy_4lanes_1.u_ddr_phy_4lanes/ddr_byte_lane_D.ddr_byte_lane_D/phaser_out/OCLK
SOURCE_PINS        string*  true       u_ddr3_top/u_ip_mig_ddr3/u_ip_mig_ddr3_mig/u_memc_ui_top_std/mem_intfc0/ddr_phy_top0/u_ddr_mc_phy_wrapper/u_ddr_mc_phy/ddr_phy_4lanes_1.u_ddr_phy_4lanes/ddr_byte_lane_D.ddr_byte_lane_D/phaser_out/OCLKDIV
SYSTEM_JITTER      double   true       0.050
WAVEFORM           double*  true       0.000 3.077
Property           Type     Read-only  Value
CLASS              string   true       clock
DIVIDE_BY          int      true       1
INPUT_JITTER       double   true       0.000
IS_GENERATED       bool     true       1
IS_INVERTED        bool     true       0
IS_PROPAGATED      bool     true       1
IS_RENAMED         bool     true       0
IS_USER_GENERATED  bool     true       1
IS_VIRTUAL         bool     true       0
MASTER_CLOCK       clock    true       clk_out4_ip_clk_wiz_lcos_pclk
NAME               string   true       pin_o_clk_78m
PERIOD             double   true       12.821
SOURCE             pin      true       lib_oddr_pin_o_clk_78m/C
SOURCE_PINS        string*  true       pin_o_clk_78m
SYSTEM_JITTER      double   true       0.050
WAVEFORM           double*  true       0.000 6.410
