Copyright 1986-2019 Xilinx, Inc. All Rights Reserved.
--------------------------------------------------------------------------------------------------------------------------------------------------------------------------------------
| Tool Version : Vivado v.2019.2 (lin64) Build 2708876 Wed Nov  6 21:39:14 MST 2019
| Date         : Tue Mar  3 14:55:46 2026
| Host         : lc-kjlee-pc running 64-bit Ubuntu 24.04.3 LTS
| Command      : report_clock_interaction -file /home/lc-kjlee-pc/works/fpga/20260202_MLC60_FPGA_100_630A_DDR/MLC_FPGA.reports/post_route_revA_20260303_145526/01/CDC_Interaction.rpt
| Design       : top_with_ddr3
| Device       : 7a100t-fgg676
| Speed File   : -2  PRODUCTION 1.23 2018-06-13
--------------------------------------------------------------------------------------------------------------------------------------------------------------------------------------

Clock Interaction Report

Clock Interaction Table
-----------------------

                                                                                                                                                                                                                                                                                                                      WNS                            TNS Failing  TNS Total    WNS Path         Clock-Pair           Inter-Clock          
From Clock                                                                                                                                                 To Clock                                                                                                                                                   Clock Edges  WNS(ns)  TNS(ns)    Endpoints    Endpoints  Requirement(ns)  Classification       Constraints          
---------------------------------------------------------------------------------------------------------------------------------------------------------  ---------------------------------------------------------------------------------------------------------------------------------------------------------  -----------  -------  -------  -----------  -----------  ---------------  -------------------  -------------------  
clk_out1_ip_clk_wiz_fmc_clk                                                                                                                                clk_out1_ip_clk_wiz_fmc_clk                                                                                                                                rise - rise     5.91     0.00            0         5254            11.57  Clean                Timed                
clk_out1_ip_clk_wiz_fmc_clk                                                                                                                                clk_out1_ip_clk_wiz_lcos_pclk                                                                                                                                                                       0          361                   Ignored              Asynchronous Groups  
clk_out1_ip_clk_wiz_fmc_clk                                                                                                                                clk_out3_ip_clk_wiz_lcos_pclk                                                                                                                                                                       0          120                   Ignored              Asynchronous Groups  
clk_out1_ip_clk_wiz_lcos_pclk                                                                                                                              clk_out1_ip_clk_wiz_fmc_clk                                                                                                                                                                         0          216                   Ignored              Asynchronous Groups  
clk_out1_ip_clk_wiz_lcos_pclk                                                                                                                              clk_out1_ip_clk_wiz_lcos_pclk                                                                                                                              rise - fall     4.90     0.00            0        15954             6.41  Clean                Timed                
clk_out1_ip_clk_wiz_lcos_pclk                                                                                                                              clk_out1_ip_clk_wiz_lcos_sftcck                                                                                                                                                                     0           72                   Ignored              Asynchronous Groups  
clk_out1_ip_clk_wiz_lcos_pclk                                                                                                                              clk_out1_ip_clk_wiz_power_loader                                                                                                                                                                    0           22                   Ignored              False Path           
clk_out1_ip_clk_wiz_lcos_pclk                                                                                                                              clk_out2_ip_clk_wiz_ddr3_clk                                                                                                                                                                        0           17                   Ignored              Asynchronous Groups  
clk_out1_ip_clk_wiz_lcos_pclk                                                                                                                              clk_out2_ip_clk_wiz_lcos_pclk                                                                                                                              rise - rise     2.18     0.00            0            4             6.41  Clean                Timed                
clk_out1_ip_clk_wiz_lcos_pclk                                                                                                                              clk_out2_ip_clk_wiz_lcos_sftcck                                                                                                                                                                     0           32                   Ignored              Asynchronous Groups  
clk_out1_ip_clk_wiz_lcos_pclk                                                                                                                              clk_out3_ip_clk_wiz_lcos_pclk                                                                                                                                                                       0            4                   Ignored              Asynchronous Groups  
clk_out1_ip_clk_wiz_lcos_pclk                                                                                                                              clk_pll_i                                                                                                                                                                                           0          105                   Ignored              Asynchronous Groups  
clk_out1_ip_clk_wiz_lcos_sftcck                                                                                                                            clk_out1_ip_clk_wiz_lcos_sftcck                                                                                                                            rise - fall     1.15     0.00            0          104             5.06  Clean                Timed                
clk_out1_ip_clk_wiz_power_loader                                                                                                                           clk_out1_ip_clk_wiz_lcos_pclk                                                                                                                                                                       0            1                   Ignored              False Path           
clk_out1_ip_clk_wiz_power_loader                                                                                                                           clk_out1_ip_clk_wiz_power_loader                                                                                                                                                                    0        36316                   Ignored              False Path           
clk_out2_ip_clk_wiz_ddr3_clk                                                                                                                               clk_out1_ip_clk_wiz_lcos_pclk                                                                                                                                                                       0            2                   Ignored              Asynchronous Groups  
clk_out2_ip_clk_wiz_ddr3_clk                                                                                                                               clk_out2_ip_clk_wiz_ddr3_clk                                                                                                                               rise - rise     2.82     0.00            0           97             5.00  Clean                Partial False Path   
clk_out2_ip_clk_wiz_ddr3_clk                                                                                                                               clk_pll_i                                                                                                                                                                                           0           44                   Ignored              Asynchronous Groups  
clk_out2_ip_clk_wiz_lcos_pclk                                                                                                                              clk_out1_ip_clk_wiz_lcos_pclk                                                                                                                              rise - fall    10.04     0.00            0            2            12.82  Clean                Timed                
clk_out2_ip_clk_wiz_lcos_pclk                                                                                                                              clk_out2_ip_clk_wiz_lcos_pclk                                                                                                                              rise - fall     9.72     0.00            0           16            12.82  Clean                Timed                
clk_out2_ip_clk_wiz_lcos_sftcck                                                                                                                            clk_out2_ip_clk_wiz_lcos_sftcck                                                                                                                            rise - fall     1.27     0.00            0          175             5.06  Clean                Timed                
clk_out3_ip_clk_wiz_lcos_pclk                                                                                                                              clk_out1_ip_clk_wiz_fmc_clk                                                                                                                                                                         0           72                   Ignored              Asynchronous Groups  
clk_out3_ip_clk_wiz_lcos_pclk                                                                                                                              clk_out3_ip_clk_wiz_lcos_pclk                                                                                                                              rise - rise     0.09     0.00            0        24721             6.41  Clean                Timed                
clk_pll_i                                                                                                                                                  clk_out1_ip_clk_wiz_lcos_pclk                                                                                                                                                                       0            6                   Ignored              Asynchronous Groups  
clk_pll_i                                                                                                                                                  clk_pll_i                                                                                                                                                  rise - rise     4.54     0.00            0        14504            12.31  Clean                Timed                
clk_pll_i                                                                                                                                                  u_memc_ui_top_std/mem_intfc0/ddr_phy_top0/u_ddr_mc_phy_wrapper/u_ddr_mc_phy/ddr_phy_4lanes_1.u_ddr_phy_4lanes/ddr_byte_lane_C.ddr_byte_lane_C/iserdes_clk  rise - fall    11.37     0.00            0            8            16.92  Clean                Timed                
clk_pll_i                                                                                                                                                  u_memc_ui_top_std/mem_intfc0/ddr_phy_top0/u_ddr_mc_phy_wrapper/u_ddr_mc_phy/ddr_phy_4lanes_1.u_ddr_phy_4lanes/ddr_byte_lane_D.ddr_byte_lane_D/iserdes_clk  rise - fall    12.33     0.00            0            8            16.92  Clean                Timed                
iserdes_clkdiv                                                                                                                                             iserdes_clkdiv                                                                                                                                             rise - rise    10.58     0.00            0           33            12.31  Clean                Timed                
iserdes_clkdiv_1                                                                                                                                           iserdes_clkdiv_1                                                                                                                                           rise - rise    10.56     0.00            0           33            12.31  Clean                Timed                
mem_refclk                                                                                                                                                 clk_pll_i                                                                                                                                                                                           0            2                   Ignored              False Path           
mem_refclk                                                                                                                                                 mem_refclk                                                                                                                                                 rise - rise     1.98     0.00            0            2             3.08  Clean                Timed                
oserdes_clk                                                                                                                                                oserdes_clkdiv                                                                                                                                             rise - rise     2.28     0.00            0            3             3.08  Clean                Timed                
oserdes_clk_1                                                                                                                                              oserdes_clkdiv_1                                                                                                                                           rise - rise     2.28     0.00            0           13             3.08  Clean                Timed                
oserdes_clk_2                                                                                                                                              oserdes_clkdiv_2                                                                                                                                           rise - rise     2.28     0.00            0           10             3.08  Clean                Timed                
oserdes_clk_3                                                                                                                                              oserdes_clk_3                                                                                                                                              rise - rise     1.77     0.00            0            4             3.08  Clean                Timed                
oserdes_clk_3                                                                                                                                              oserdes_clkdiv_3                                                                                                                                           rise - rise     2.28     0.00            0           15             3.08  Clean                Timed                
oserdes_clk_4                                                                                                                                              oserdes_clk_4                                                                                                                                              rise - rise     1.78     0.00            0            4             3.08  Clean                Timed                
oserdes_clk_4                                                                                                                                              oserdes_clkdiv_4                                                                                                                                           rise - rise     2.28     0.00            0           15             3.08  Clean                Timed                
oserdes_clkdiv                                                                                                                                             oserdes_clkdiv                                                                                                                                             rise - rise    11.17     0.00            0            8            12.31  Clean                Timed                
oserdes_clkdiv_1                                                                                                                                           oserdes_clkdiv_1                                                                                                                                           rise - rise    10.95     0.00            0           48            12.31  Clean                Timed                
oserdes_clkdiv_2                                                                                                                                           oserdes_clkdiv_2                                                                                                                                           rise - rise    11.19     0.00            0           36            12.31  Clean                Timed                
oserdes_clkdiv_3                                                                                                                                           oserdes_clkdiv_3                                                                                                                                           rise - rise     5.01     0.00            0           36             6.15  Clean                Timed                
oserdes_clkdiv_4                                                                                                                                           oserdes_clkdiv_4                                                                                                                                           rise - rise     5.03     0.00            0           36             6.15  Clean                Timed                
sync_pulse                                                                                                                                                 mem_refclk                                                                                                                                                 rise - rise     1.29     0.00            0            2             1.73  Clean                Timed                


