Copyright 1986-2019 Xilinx, Inc. All Rights Reserved.
----------------------------------------------------------------------------------------------------------------------------------------------------------------------------------
| Tool Version : Vivado v.2019.2 (lin64) Build 2708876 Wed Nov  6 21:39:14 MST 2019
| Date         : Tue Mar  3 14:55:49 2026
| Host         : lc-kjlee-pc running 64-bit Ubuntu 24.04.3 LTS
| Command      : report_clock_networks -file /home/lc-kjlee-pc/works/fpga/20260202_MLC60_FPGA_100_630A_DDR/MLC_FPGA.reports/post_route_revA_20260303_145526/01/Clock_Networks.rpt
| Design       : top_with_ddr3
| Device       : 7a100t-fgg676
| Speed File   : -2  PRODUCTION 1.23 2018-06-13
----------------------------------------------------------------------------------------------------------------------------------------------------------------------------------

Clock Networks Report


Constrained Clocks
-------------------

Clock pin_i_fmc_clk (43.2003MHz)(endpoints: 2258 clock, 1 nonclock)
Port pin_i_fmc_clk

Clock pin_i_clk_78m (78.0031MHz)(endpoints: 214 clock, 1 nonclock)
Port pin_i_clk_78m

Clock pin_i_clk_20m (20MHz)(endpoints: 33815 clock, 2 nonclock)
Port pin_i_clk_20m

Clock pin_i_clk_100m (100MHz)(endpoints: 5615 clock, 146 nonclock)
Port pin_i_clk_100m

