Copyright 1986-2019 Xilinx, Inc. All Rights Reserved.
----------------------------------------------------------------------------------------------------------------------------------------------------------------------------
| Tool Version : Vivado v.2019.2 (lin64) Build 2708876 Wed Nov  6 21:39:14 MST 2019
| Date         : Tue Mar  3 14:55:48 2026
| Host         : lc-kjlee-pc running 64-bit Ubuntu 24.04.3 LTS
| Command      : report_pulse_width -file /home/lc-kjlee-pc/works/fpga/20260202_MLC60_FPGA_100_630A_DDR/MLC_FPGA.reports/post_route_revA_20260303_145526/01/Pulse_Width.rpt
| Design       : top_with_ddr3
| Device       : 7a100t-fgg676
| Speed File   : -2  PRODUCTION 1.23 2018-06-13
----------------------------------------------------------------------------------------------------------------------------------------------------------------------------

Pulse Width Report

Clock Name:         clk_out1_ip_clk_wiz_ddr3_clk
Waveform(ns):       { 0.000 5.000 }
Period(ns):         10.000
Sources:            { ip_clk_wiz_ddr3_clk/inst/mmcm_adv_inst/CLKOUT0 }

Check Type        Corner  Lib Pin           Reference Pin  Required(ns)  Actual(ns)  Slack(ns)  Location        Pin
Min Period        n/a     BUFG/I            n/a            1.592         10.000      8.408      BUFGCTRL_X0Y3   ip_clk_wiz_ddr3_clk/inst/clkout1_buf/I
Max Period        n/a     PLLE2_ADV/CLKIN1  n/a            52.633        10.000      42.633     PLLE2_ADV_X1Y2  u_ddr3_top/u_ip_mig_ddr3/u_ip_mig_ddr3_mig/u_ddr3_infrastructure/plle2_i/CLKIN1
Low Pulse Width   Fast    PLLE2_ADV/CLKIN1  n/a            2.000         5.000       3.000      PLLE2_ADV_X1Y2  u_ddr3_top/u_ip_mig_ddr3/u_ip_mig_ddr3_mig/u_ddr3_infrastructure/plle2_i/CLKIN1
High Pulse Width  Slow    PLLE2_ADV/CLKIN1  n/a            2.000         5.000       3.000      PLLE2_ADV_X1Y2  u_ddr3_top/u_ip_mig_ddr3/u_ip_mig_ddr3_mig/u_ddr3_infrastructure/plle2_i/CLKIN1

Clock Name:         clk_out1_ip_clk_wiz_fmc_clk
Waveform(ns):       { 0.000 5.787 }
Period(ns):         11.574
Sources:            { u_phy_fmc/ip_clk_wiz_fmc_clk/inst/mmcm_adv_inst/CLKOUT0 }

Check Type        Corner  Lib Pin             Reference Pin  Required(ns)  Actual(ns)  Slack(ns)  Location         Pin
Min Period        n/a     BUFG/I              n/a            1.592         11.574      9.982      BUFGCTRL_X0Y21   u_phy_fmc/ip_clk_wiz_fmc_clk/inst/clkout1_buf/I
Max Period        n/a     MMCME2_ADV/CLKOUT0  n/a            213.360       11.574      201.786    MMCME2_ADV_X0Y2  u_phy_fmc/ip_clk_wiz_fmc_clk/inst/mmcm_adv_inst/CLKOUT0
Low Pulse Width   Fast    RAMD32/CLK          n/a            1.130         5.787       4.657      SLICE_X14Y97     u_lcos_top/u_lcos_pg_top/u_lcos_pg_ram/u_fmc_bridge_lcos_ram/ip_fifo_indep_48x16_wr_fifo_waddr_wdata/U0/inst_fifo_gen/gconvfifo.rf/grf.rf/gntv_or_sync_fifo.mem/gdm.dm_gen.dm/RAM_reg_0_15_30_35/RAMA/CLK
High Pulse Width  Slow    RAMD32/CLK          n/a            1.130         5.787       4.657      SLICE_X38Y93     u_ddr3_top/u_ddr3_bram/u_fmc_bridge_lcos_ram/ip_fifo_indep_48x16_wr_fifo_waddr_wdata/U0/inst_fifo_gen/gconvfifo.rf/grf.rf/gntv_or_sync_fifo.mem/gdm.dm_gen.dm/RAM_reg_0_15_0_5/RAMA/CLK

Clock Name:         clk_out1_ip_clk_wiz_lcos_pclk
Waveform(ns):       { 0.000 6.410 }
Period(ns):         12.821
Sources:            { ip_clk_wiz_lcos_pclk/inst/mmcm_adv_inst/CLKOUT0 }

Check Type        Corner  Lib Pin             Reference Pin  Required(ns)  Actual(ns)  Slack(ns)  Location         Pin
Min Period        n/a     XADC/DCLK           n/a            4.000         12.821      8.821      XADC_X0Y0        u_sys_top_with_ddr3/u_sys_fpga_monitor/ip_xadc_wiz/inst/DCLK
Max Period        n/a     MMCME2_ADV/CLKOUT0  n/a            213.360       12.821      200.539    MMCME2_ADV_X0Y3  ip_clk_wiz_lcos_pclk/inst/mmcm_adv_inst/CLKOUT0
Low Pulse Width   Fast    SRL16E/CLK          n/a            0.854         6.410       5.556      SLICE_X30Y93     u_sys_top_with_ddr3/u_sys_build_datetime/r_build_date_pack_s1_reg[0]_srl2/CLK
High Pulse Width  Slow    SRL16E/CLK          n/a            0.854         6.410       5.556      SLICE_X30Y93     u_sys_top_with_ddr3/u_sys_build_datetime/r_build_date_pack_s1_reg[0]_srl2/CLK

Clock Name:         clk_out1_ip_clk_wiz_lcos_sftcck
Waveform(ns):       { 0.000 5.061 }
Period(ns):         10.121
Sources:            { ip_clk_wiz_lcos_sftcck/inst/mmcm_adv_inst/CLKOUT0 }

Check Type        Corner  Lib Pin             Reference Pin  Required(ns)  Actual(ns)  Slack(ns)  Location         Pin
Min Period        n/a     BUFG/I              n/a            1.592         10.121      8.529      BUFGCTRL_X0Y1    ip_clk_wiz_lcos_sftcck/inst/clkout1_buf/I
Max Period        n/a     MMCME2_ADV/CLKOUT0  n/a            213.360       10.121      203.239    MMCME2_ADV_X0Y0  ip_clk_wiz_lcos_sftcck/inst/mmcm_adv_inst/CLKOUT0
Low Pulse Width   Fast    FDRE/C              n/a            0.500         5.061       4.561      SLICE_X51Y57     u_phy_lcos/r_lcos_pin_ctrl_en_sync_sft_clk_reg[0]/C
High Pulse Width  Fast    FDCE/C              n/a            0.500         5.061       4.561      SLICE_X72Y65     u_lcos_top/u_lcos_driver_top/ip_lcos_driver_v200/Imager/ExtraCnt_H_reg[0]/C

Clock Name:         clk_out1_ip_clk_wiz_power_loader
Waveform(ns):       { 0.000 1.603 }
Period(ns):         3.205
Sources:            { u_sys_top_with_ddr3/ip_clk_wiz_power_loader/inst/plle2_adv_inst/CLKOUT0 }

Check Type        Corner  Lib Pin            Reference Pin  Required(ns)  Actual(ns)  Slack(ns)  Location        Pin
Min Period        n/a     BUFG/I             n/a            1.592         3.205       1.613      BUFGCTRL_X0Y4   u_sys_top_with_ddr3/ip_clk_wiz_power_loader/inst/clkout1_buf/I
Max Period        n/a     PLLE2_ADV/CLKOUT0  n/a            160.000       3.205       156.795    PLLE2_ADV_X0Y0  u_sys_top_with_ddr3/ip_clk_wiz_power_loader/inst/plle2_adv_inst/CLKOUT0
Low Pulse Width   Fast    RAMS64E/CLK        n/a            1.130         1.603       0.473      SLICE_X34Y131   u_sys_top_with_ddr3/u_sys_power_loader/g_bram_bank[0].r_bram_mem_reg_0_255_26_26/RAMS64E_A/CLK
High Pulse Width  Slow    RAMS64E/CLK        n/a            1.130         1.603       0.473      SLICE_X46Y126   u_sys_top_with_ddr3/u_sys_power_loader/g_bram_bank[0].r_bram_mem_reg_0_255_0_0/RAMS64E_A/CLK

Clock Name:         clk_out2_ip_clk_wiz_ddr3_clk
Waveform(ns):       { 0.000 2.500 }
Period(ns):         5.000
Sources:            { ip_clk_wiz_ddr3_clk/inst/mmcm_adv_inst/CLKOUT1 }

Check Type        Corner  Lib Pin            Reference Pin  Required(ns)  Actual(ns)  Slack(ns)  Location         Pin
Min Period        n/a     IDELAYCTRL/REFCLK  n/a            2.438         5.000       2.562      IDELAYCTRL_X1Y1  u_ddr3_top/u_ip_mig_ddr3/u_ip_mig_ddr3_mig/u_iodelay_ctrl/u_idelayctrl_200/REFCLK
Max Period        n/a     IDELAYCTRL/REFCLK  n/a            5.264         5.000       0.264      IDELAYCTRL_X1Y1  u_ddr3_top/u_ip_mig_ddr3/u_ip_mig_ddr3_mig/u_iodelay_ctrl/u_idelayctrl_200/REFCLK
Low Pulse Width   Slow    FDPE/C             n/a            0.500         2.500       2.000      SLICE_X48Y105    r_ddr3_ref_rst_bridge_reg[0]/C
High Pulse Width  Slow    FDRE/C             n/a            0.500         2.500       2.000      SLICE_X53Y105    u_ddr3_top/r_ddr3_ref_clk_sync_combined_rst_reg/C

Clock Name:         clk_out2_ip_clk_wiz_lcos_pclk
Waveform(ns):       { 6.410 19.231 }
Period(ns):         25.641
Sources:            { ip_clk_wiz_lcos_pclk/inst/mmcm_adv_inst/CLKOUT1 }

Check Type        Corner  Lib Pin             Reference Pin  Required(ns)  Actual(ns)  Slack(ns)  Location         Pin
Min Period        n/a     BUFG/I              n/a            1.592         25.641      24.049     BUFGCTRL_X0Y17   ip_clk_wiz_lcos_pclk/inst/clkout2_buf/I
Max Period        n/a     MMCME2_ADV/CLKOUT1  n/a            213.360       25.641      187.719    MMCME2_ADV_X0Y3  ip_clk_wiz_lcos_pclk/inst/mmcm_adv_inst/CLKOUT1
Low Pulse Width   Slow    FDCE/C              n/a            0.500         12.821      12.321     SLICE_X67Y63     u_lcos_top/u_lcos_driver_top/ip_lcos_driver_v200/Imager/HCK_DE_dd_reg[1]/C
High Pulse Width  Slow    FDRE/C              n/a            0.500         12.821      12.321     SLICE_X37Y57     u_phy_lcos/r_lcos_pin_ctrl_en_sync_hclk_reg[0]/C

Clock Name:         clk_out2_ip_clk_wiz_lcos_sftcck
Waveform(ns):       { 0.000 5.061 }
Period(ns):         10.121
Sources:            { ip_clk_wiz_lcos_sftcck/inst/mmcm_adv_inst/CLKOUT1 }

Check Type        Corner  Lib Pin             Reference Pin  Required(ns)  Actual(ns)  Slack(ns)  Location         Pin
Min Period        n/a     RAMB36E1/CLKBWRCLK  n/a            2.170         10.121      7.951      RAMB36_X1Y17     u_lcos_top/u_lcos_driver_top/ip_lcos_driver_v200/DACctrl/DAC_M/U0/inst_blk_mem_gen/gnbram.gnativebmg.native_blk_mem_gen/valid.cstr/ramloop[0].ram.r/prim_init.ram/DEVICE_7SERIES.NO_BMM_INFO.TRUE_DP.SIMPLE_PRIM36.ram/CLKBWRCLK
Max Period        n/a     MMCME2_ADV/CLKOUT1  n/a            213.360       10.121      203.239    MMCME2_ADV_X0Y0  ip_clk_wiz_lcos_sftcck/inst/mmcm_adv_inst/CLKOUT1
Low Pulse Width   Slow    FDCE/C              n/a            0.500         5.061       4.561      SLICE_X65Y71     u_lcos_top/u_lcos_driver_top/ip_lcos_driver_v200/DACctrl/CCK_DE_dd_reg[1]/C
High Pulse Width  Fast    FDCE/C              n/a            0.500         5.061       4.561      SLICE_X66Y76     u_lcos_top/u_lcos_driver_top/ip_lcos_driver_v200/DACctrl/LSB_of_Adrs_dd_reg[0]/C

Clock Name:         clk_out3_ip_clk_wiz_lcos_pclk
Waveform(ns):       { 0.000 3.205 }
Period(ns):         6.410
Sources:            { ip_clk_wiz_lcos_pclk/inst/mmcm_adv_inst/CLKOUT2 }

Check Type        Corner  Lib Pin             Reference Pin  Required(ns)  Actual(ns)  Slack(ns)  Location         Pin
Min Period        n/a     RAMB18E1/CLKARDCLK  n/a            2.170         6.410       4.240      RAMB18_X0Y67     u_lcos_top/u_lcos_pg_top/u_lcos_pg_func_cal/u_lcos_pg_func_cal_lin_sine/u_lcos_pg_func_cal_util_sine_linear_sin3/ip_blk_sprom_sine_8x1024/U0/inst_blk_mem_gen/gnbram.gnativebmg.native_blk_mem_gen/valid.cstr/ramloop[0].ram.r/prim_init.ram/DEVICE_7SERIES.NO_BMM_INFO.SP.SIMPLE_PRIM18.ram/CLKARDCLK
Max Period        n/a     MMCME2_ADV/CLKOUT2  n/a            213.360       6.410       206.950    MMCME2_ADV_X0Y3  ip_clk_wiz_lcos_pclk/inst/mmcm_adv_inst/CLKOUT2
Low Pulse Width   Fast    SRL16E/CLK          n/a            0.854         3.205       2.351      SLICE_X42Y64     u_lcos_top/u_lcos_pg_top/u_lcos_pg_func_param/u_lcos_pg_func_param_table_lin_sine0/u_sr_wss_active/GEN_SHIFT_CHAIN.GEN_BIT_WISE[0].GEN_REM_UNDER_16.lib_srl16_rem/CLK
High Pulse Width  Slow    SRL16E/CLK          n/a            0.854         3.205       2.351      SLICE_X60Y162    u_lcos_top/u_lcos_pg_top/u_lcos_pg_func_cal/u_lcos_pg_func_cal_lin_sine/u_sr_linear_sin_stage5_2/GEN_SHIFT_CHAIN.GEN_BIT_WISE[0].GEN_REM_UNDER_16.lib_srl16_rem/CLK

Clock Name:         clk_out4_ip_clk_wiz_lcos_pclk
Waveform(ns):       { 0.000 6.410 }
Period(ns):         12.821
Sources:            { ip_clk_wiz_lcos_pclk/inst/mmcm_adv_inst/CLKOUT3 }

Check Type  Corner  Lib Pin             Reference Pin  Required(ns)  Actual(ns)  Slack(ns)  Location         Pin
Min Period  n/a     BUFG/I              n/a            1.592         12.821      11.228     BUFGCTRL_X0Y18   ip_clk_wiz_lcos_pclk/inst/clkout4_buf/I
Max Period  n/a     MMCME2_ADV/CLKOUT3  n/a            213.360       12.821      200.539    MMCME2_ADV_X0Y3  ip_clk_wiz_lcos_pclk/inst/mmcm_adv_inst/CLKOUT3

Clock Name:         clk_out5_ip_clk_wiz_lcos_pclk
Waveform(ns):       { 0.000 3.205 }
Period(ns):         6.410
Sources:            { ip_clk_wiz_lcos_pclk/inst/mmcm_adv_inst/CLKOUT4 }

Check Type        Corner  Lib Pin           Reference Pin  Required(ns)  Actual(ns)  Slack(ns)  Location        Pin
Min Period        n/a     BUFG/I            n/a            1.592         6.410       4.818      BUFGCTRL_X0Y24  u_sys_top_with_ddr3/ip_clk_wiz_power_loader/inst/clkin1_bufg/I
Max Period        n/a     PLLE2_ADV/CLKIN1  n/a            52.633        6.410       46.223     PLLE2_ADV_X0Y0  u_sys_top_with_ddr3/ip_clk_wiz_power_loader/inst/plle2_adv_inst/CLKIN1
Low Pulse Width   Fast    PLLE2_ADV/CLKIN1  n/a            1.500         3.205       1.705      PLLE2_ADV_X0Y0  u_sys_top_with_ddr3/ip_clk_wiz_power_loader/inst/plle2_adv_inst/CLKIN1
High Pulse Width  Slow    PLLE2_ADV/CLKIN1  n/a            1.500         3.205       1.705      PLLE2_ADV_X0Y0  u_sys_top_with_ddr3/ip_clk_wiz_power_loader/inst/plle2_adv_inst/CLKIN1

Clock Name:         clk_pll_i
Waveform(ns):       { 0.000 6.154 }
Period(ns):         12.308
Sources:            { u_ddr3_top/u_ip_mig_ddr3/u_ip_mig_ddr3_mig/u_ddr3_infrastructure/gen_mmcm.mmcm_i/CLKFBOUT }

Check Type        Corner  Lib Pin             Reference Pin  Required(ns)  Actual(ns)  Slack(ns)  Location         Pin
Min Period        n/a     OUT_FIFO/WRCLK      n/a            5.000         12.308      7.308      OUT_FIFO_X1Y9    u_ddr3_top/u_ip_mig_ddr3/u_ip_mig_ddr3_mig/u_memc_ui_top_std/mem_intfc0/ddr_phy_top0/u_ddr_mc_phy_wrapper/u_ddr_mc_phy/ddr_phy_4lanes_0.u_ddr_phy_4lanes/ddr_byte_lane_B.ddr_byte_lane_B/out_fifo/WRCLK
Max Period        n/a     MMCME2_ADV/CLKFBIN  n/a            100.000       12.308      87.692     MMCME2_ADV_X1Y2  u_ddr3_top/u_ip_mig_ddr3/u_ip_mig_ddr3_mig/u_ddr3_infrastructure/gen_mmcm.mmcm_i/CLKFBIN
Low Pulse Width   Slow    OUT_FIFO/WRCLK      n/a            2.150         6.154       4.004      OUT_FIFO_X1Y10   u_ddr3_top/u_ip_mig_ddr3/u_ip_mig_ddr3_mig/u_memc_ui_top_std/mem_intfc0/ddr_phy_top0/u_ddr_mc_phy_wrapper/u_ddr_mc_phy/ddr_phy_4lanes_0.u_ddr_phy_4lanes/ddr_byte_lane_C.ddr_byte_lane_C/out_fifo/WRCLK
High Pulse Width  Fast    OUT_FIFO/WRCLK      n/a            2.150         6.154       4.004      OUT_FIFO_X1Y9    u_ddr3_top/u_ip_mig_ddr3/u_ip_mig_ddr3_mig/u_memc_ui_top_std/mem_intfc0/ddr_phy_top0/u_ddr_mc_phy_wrapper/u_ddr_mc_phy/ddr_phy_4lanes_0.u_ddr_phy_4lanes/ddr_byte_lane_B.ddr_byte_lane_B/out_fifo/WRCLK

Clock Name:         clkfbout_ip_clk_wiz_ddr3_clk
Waveform(ns):       { 0.000 5.000 }
Period(ns):         10.000
Sources:            { ip_clk_wiz_ddr3_clk/inst/mmcm_adv_inst/CLKFBOUT }

Check Type  Corner  Lib Pin             Reference Pin  Required(ns)  Actual(ns)  Slack(ns)  Location         Pin
Min Period  n/a     BUFG/I              n/a            1.592         10.000      8.408      BUFGCTRL_X0Y5    ip_clk_wiz_ddr3_clk/inst/clkf_buf/I
Max Period  n/a     MMCME2_ADV/CLKFBIN  n/a            100.000       10.000      90.000     MMCME2_ADV_X0Y1  ip_clk_wiz_ddr3_clk/inst/mmcm_adv_inst/CLKFBIN

Clock Name:         clkfbout_ip_clk_wiz_fmc_clk
Waveform(ns):       { 0.000 11.574 }
Period(ns):         23.148
Sources:            { u_phy_fmc/ip_clk_wiz_fmc_clk/inst/mmcm_adv_inst/CLKFBOUT }

Check Type  Corner  Lib Pin             Reference Pin  Required(ns)  Actual(ns)  Slack(ns)  Location         Pin
Min Period  n/a     BUFG/I              n/a            1.592         23.148      21.556     BUFGCTRL_X0Y23   u_phy_fmc/ip_clk_wiz_fmc_clk/inst/clkf_buf/I
Max Period  n/a     MMCME2_ADV/CLKFBIN  n/a            100.000       23.148      76.852     MMCME2_ADV_X0Y2  u_phy_fmc/ip_clk_wiz_fmc_clk/inst/mmcm_adv_inst/CLKFBIN

Clock Name:         clkfbout_ip_clk_wiz_lcos_pclk
Waveform(ns):       { 0.000 25.000 }
Period(ns):         50.000
Sources:            { ip_clk_wiz_lcos_pclk/inst/mmcm_adv_inst/CLKFBOUT }

Check Type  Corner  Lib Pin             Reference Pin  Required(ns)  Actual(ns)  Slack(ns)  Location         Pin
Min Period  n/a     BUFG/I              n/a            1.592         50.000      48.408     BUFGCTRL_X0Y22   ip_clk_wiz_lcos_pclk/inst/clkf_buf/I
Max Period  n/a     MMCME2_ADV/CLKFBIN  n/a            100.000       50.000      50.000     MMCME2_ADV_X0Y3  ip_clk_wiz_lcos_pclk/inst/mmcm_adv_inst/CLKFBIN

Clock Name:         clkfbout_ip_clk_wiz_lcos_sftcck
Waveform(ns):       { 0.000 19.230 }
Period(ns):         38.460
Sources:            { ip_clk_wiz_lcos_sftcck/inst/mmcm_adv_inst/CLKFBOUT }

Check Type  Corner  Lib Pin             Reference Pin  Required(ns)  Actual(ns)  Slack(ns)  Location         Pin
Min Period  n/a     BUFG/I              n/a            1.592         38.460      36.868     BUFGCTRL_X0Y6    ip_clk_wiz_lcos_sftcck/inst/clkf_buf/I
Max Period  n/a     MMCME2_ADV/CLKFBIN  n/a            100.000       38.460      61.540     MMCME2_ADV_X0Y0  ip_clk_wiz_lcos_sftcck/inst/mmcm_adv_inst/CLKFBIN

Clock Name:         clkfbout_ip_clk_wiz_power_loader
Waveform(ns):       { 0.000 3.205 }
Period(ns):         6.410
Sources:            { u_sys_top_with_ddr3/ip_clk_wiz_power_loader/inst/plle2_adv_inst/CLKFBOUT }

Check Type  Corner  Lib Pin            Reference Pin  Required(ns)  Actual(ns)  Slack(ns)  Location        Pin
Min Period  n/a     BUFG/I             n/a            1.592         6.410       4.818      BUFGCTRL_X0Y7   u_sys_top_with_ddr3/ip_clk_wiz_power_loader/inst/clkf_buf/I
Max Period  n/a     PLLE2_ADV/CLKFBIN  n/a            52.633        6.410       46.223     PLLE2_ADV_X0Y0  u_sys_top_with_ddr3/ip_clk_wiz_power_loader/inst/plle2_adv_inst/CLKFBIN

Clock Name:         freq_refclk
Waveform(ns):       { 0.000 0.769 }
Period(ns):         1.538
Sources:            { u_ddr3_top/u_ip_mig_ddr3/u_ip_mig_ddr3_mig/u_ddr3_infrastructure/plle2_i/CLKOUT0 }

Check Type        Corner  Lib Pin                    Reference Pin  Required(ns)  Actual(ns)  Slack(ns)  Location             Pin
Min Period        n/a     PLLE2_ADV/CLKOUT0          n/a            1.249         1.538       0.289      PLLE2_ADV_X1Y2       u_ddr3_top/u_ip_mig_ddr3/u_ip_mig_ddr3_mig/u_ddr3_infrastructure/plle2_i/CLKOUT0
Max Period        n/a     PHASER_OUT_PHY/FREQREFCLK  n/a            2.500         1.538       0.962      PHASER_OUT_PHY_X1Y9  u_ddr3_top/u_ip_mig_ddr3/u_ip_mig_ddr3_mig/u_memc_ui_top_std/mem_intfc0/ddr_phy_top0/u_ddr_mc_phy_wrapper/u_ddr_mc_phy/ddr_phy_4lanes_0.u_ddr_phy_4lanes/ddr_byte_lane_B.ddr_byte_lane_B/phaser_out/FREQREFCLK
Low Pulse Width   Slow    PHASER_REF/CLKIN           n/a            0.482         0.769       0.287      PHASER_REF_X1Y1      u_ddr3_top/u_ip_mig_ddr3/u_ip_mig_ddr3_mig/u_memc_ui_top_std/mem_intfc0/ddr_phy_top0/u_ddr_mc_phy_wrapper/u_ddr_mc_phy/ddr_phy_4lanes_1.u_ddr_phy_4lanes/phaser_ref_i/CLKIN
High Pulse Width  Fast    PHASER_IN_PHY/FREQREFCLK   n/a            0.482         0.769       0.287      PHASER_IN_PHY_X1Y7   u_ddr3_top/u_ip_mig_ddr3/u_ip_mig_ddr3_mig/u_memc_ui_top_std/mem_intfc0/ddr_phy_top0/u_ddr_mc_phy_wrapper/u_ddr_mc_phy/ddr_phy_4lanes_1.u_ddr_phy_4lanes/ddr_byte_lane_D.ddr_byte_lane_D/phaser_in_gen.phaser_in/FREQREFCLK

Clock Name:         iserdes_clkdiv
Waveform(ns):       { 0.000 6.154 }
Period(ns):         12.308
Sources:            { u_ddr3_top/u_ip_mig_ddr3/u_ip_mig_ddr3_mig/u_memc_ui_top_std/mem_intfc0/ddr_phy_top0/u_ddr_mc_phy_wrapper/u_ddr_mc_phy/ddr_phy_4lanes_1.u_ddr_phy_4lanes/ddr_byte_lane_C.ddr_byte_lane_C/phaser_in_gen.phaser_in/ICLKDIV }

Check Type        Corner  Lib Pin        Reference Pin  Required(ns)  Actual(ns)  Slack(ns)  Location      Pin
Min Period        n/a     IN_FIFO/WRCLK  n/a            5.000         12.308      7.308      IN_FIFO_X1Y6  u_ddr3_top/u_ip_mig_ddr3/u_ip_mig_ddr3_mig/u_memc_ui_top_std/mem_intfc0/ddr_phy_top0/u_ddr_mc_phy_wrapper/u_ddr_mc_phy/ddr_phy_4lanes_1.u_ddr_phy_4lanes/ddr_byte_lane_C.ddr_byte_lane_C/in_fifo_gen.in_fifo/WRCLK
Low Pulse Width   Slow    IN_FIFO/WRCLK  n/a            2.150         6.154       4.004      IN_FIFO_X1Y6  u_ddr3_top/u_ip_mig_ddr3/u_ip_mig_ddr3_mig/u_memc_ui_top_std/mem_intfc0/ddr_phy_top0/u_ddr_mc_phy_wrapper/u_ddr_mc_phy/ddr_phy_4lanes_1.u_ddr_phy_4lanes/ddr_byte_lane_C.ddr_byte_lane_C/in_fifo_gen.in_fifo/WRCLK
High Pulse Width  Slow    IN_FIFO/WRCLK  n/a            2.150         6.154       4.004      IN_FIFO_X1Y6  u_ddr3_top/u_ip_mig_ddr3/u_ip_mig_ddr3_mig/u_memc_ui_top_std/mem_intfc0/ddr_phy_top0/u_ddr_mc_phy_wrapper/u_ddr_mc_phy/ddr_phy_4lanes_1.u_ddr_phy_4lanes/ddr_byte_lane_C.ddr_byte_lane_C/in_fifo_gen.in_fifo/WRCLK

Clock Name:         iserdes_clkdiv_1
Waveform(ns):       { 0.000 6.154 }
Period(ns):         12.308
Sources:            { u_ddr3_top/u_ip_mig_ddr3/u_ip_mig_ddr3_mig/u_memc_ui_top_std/mem_intfc0/ddr_phy_top0/u_ddr_mc_phy_wrapper/u_ddr_mc_phy/ddr_phy_4lanes_1.u_ddr_phy_4lanes/ddr_byte_lane_D.ddr_byte_lane_D/phaser_in_gen.phaser_in/ICLKDIV }

Check Type        Corner  Lib Pin        Reference Pin  Required(ns)  Actual(ns)  Slack(ns)  Location      Pin
Min Period        n/a     IN_FIFO/WRCLK  n/a            5.000         12.308      7.308      IN_FIFO_X1Y7  u_ddr3_top/u_ip_mig_ddr3/u_ip_mig_ddr3_mig/u_memc_ui_top_std/mem_intfc0/ddr_phy_top0/u_ddr_mc_phy_wrapper/u_ddr_mc_phy/ddr_phy_4lanes_1.u_ddr_phy_4lanes/ddr_byte_lane_D.ddr_byte_lane_D/in_fifo_gen.in_fifo/WRCLK
Low Pulse Width   Slow    IN_FIFO/WRCLK  n/a            2.150         6.154       4.004      IN_FIFO_X1Y7  u_ddr3_top/u_ip_mig_ddr3/u_ip_mig_ddr3_mig/u_memc_ui_top_std/mem_intfc0/ddr_phy_top0/u_ddr_mc_phy_wrapper/u_ddr_mc_phy/ddr_phy_4lanes_1.u_ddr_phy_4lanes/ddr_byte_lane_D.ddr_byte_lane_D/in_fifo_gen.in_fifo/WRCLK
High Pulse Width  Slow    IN_FIFO/WRCLK  n/a            2.150         6.154       4.004      IN_FIFO_X1Y7  u_ddr3_top/u_ip_mig_ddr3/u_ip_mig_ddr3_mig/u_memc_ui_top_std/mem_intfc0/ddr_phy_top0/u_ddr_mc_phy_wrapper/u_ddr_mc_phy/ddr_phy_4lanes_1.u_ddr_phy_4lanes/ddr_byte_lane_D.ddr_byte_lane_D/in_fifo_gen.in_fifo/WRCLK

Clock Name:         mem_refclk
Waveform(ns):       { 0.000 1.538 }
Period(ns):         3.077
Sources:            { u_ddr3_top/u_ip_mig_ddr3/u_ip_mig_ddr3_mig/u_ddr3_infrastructure/plle2_i/CLKOUT1 }

Check Type        Corner  Lib Pin                Reference Pin  Required(ns)  Actual(ns)  Slack(ns)  Location          Pin
Min Period        n/a     PHY_CONTROL/MEMREFCLK  n/a            1.475         3.077       1.602      PHY_CONTROL_X1Y2  u_ddr3_top/u_ip_mig_ddr3/u_ip_mig_ddr3_mig/u_memc_ui_top_std/mem_intfc0/ddr_phy_top0/u_ddr_mc_phy_wrapper/u_ddr_mc_phy/ddr_phy_4lanes_0.u_ddr_phy_4lanes/phy_control_i/MEMREFCLK
Max Period        n/a     PLLE2_ADV/CLKOUT1      n/a            160.000       3.077       156.923    PLLE2_ADV_X1Y2    u_ddr3_top/u_ip_mig_ddr3/u_ip_mig_ddr3_mig/u_ddr3_infrastructure/plle2_i/CLKOUT1
Low Pulse Width   Fast    PHY_CONTROL/MEMREFCLK  n/a            0.535         1.538       1.003      PHY_CONTROL_X1Y2  u_ddr3_top/u_ip_mig_ddr3/u_ip_mig_ddr3_mig/u_memc_ui_top_std/mem_intfc0/ddr_phy_top0/u_ddr_mc_phy_wrapper/u_ddr_mc_phy/ddr_phy_4lanes_0.u_ddr_phy_4lanes/phy_control_i/MEMREFCLK
High Pulse Width  Slow    PHY_CONTROL/MEMREFCLK  n/a            0.535         1.538       1.003      PHY_CONTROL_X1Y2  u_ddr3_top/u_ip_mig_ddr3/u_ip_mig_ddr3_mig/u_memc_ui_top_std/mem_intfc0/ddr_phy_top0/u_ddr_mc_phy_wrapper/u_ddr_mc_phy/ddr_phy_4lanes_0.u_ddr_phy_4lanes/phy_control_i/MEMREFCLK

Clock Name:         oserdes_clk
Waveform(ns):       { 0.000 1.538 }
Period(ns):         3.077
Sources:            { u_ddr3_top/u_ip_mig_ddr3/u_ip_mig_ddr3_mig/u_memc_ui_top_std/mem_intfc0/ddr_phy_top0/u_ddr_mc_phy_wrapper/u_ddr_mc_phy/ddr_phy_4lanes_0.u_ddr_phy_4lanes/ddr_byte_lane_B.ddr_byte_lane_B/phaser_out/OCLK }

Check Type  Corner  Lib Pin        Reference Pin  Required(ns)  Actual(ns)  Slack(ns)  Location       Pin
Min Period  n/a     OSERDESE2/CLK  n/a            1.471         3.077       1.606      OLOGIC_X1Y123  u_ddr3_top/u_ip_mig_ddr3/u_ip_mig_ddr3_mig/u_memc_ui_top_std/mem_intfc0/ddr_phy_top0/u_ddr_mc_phy_wrapper/u_ddr_mc_phy/ddr_phy_4lanes_0.u_ddr_phy_4lanes/ddr_byte_lane_B.ddr_byte_lane_B/ddr_byte_group_io/output_[8].oserdes_dq_.sdr.oserdes_dq_i/CLK

Clock Name:         oserdes_clk_1
Waveform(ns):       { 0.000 1.538 }
Period(ns):         3.077
Sources:            { u_ddr3_top/u_ip_mig_ddr3/u_ip_mig_ddr3_mig/u_memc_ui_top_std/mem_intfc0/ddr_phy_top0/u_ddr_mc_phy_wrapper/u_ddr_mc_phy/ddr_phy_4lanes_0.u_ddr_phy_4lanes/ddr_byte_lane_C.ddr_byte_lane_C/phaser_out/OCLK }

Check Type  Corner  Lib Pin        Reference Pin  Required(ns)  Actual(ns)  Slack(ns)  Location       Pin
Min Period  n/a     OSERDESE2/CLK  n/a            1.471         3.077       1.606      OLOGIC_X1Y125  u_ddr3_top/u_ip_mig_ddr3/u_ip_mig_ddr3_mig/u_memc_ui_top_std/mem_intfc0/ddr_phy_top0/u_ddr_mc_phy_wrapper/u_ddr_mc_phy/ddr_phy_4lanes_0.u_ddr_phy_4lanes/ddr_byte_lane_C.ddr_byte_lane_C/ddr_byte_group_io/output_[0].oserdes_dq_.sdr.oserdes_dq_i/CLK

Clock Name:         oserdes_clk_2
Waveform(ns):       { 0.000 1.538 }
Period(ns):         3.077
Sources:            { u_ddr3_top/u_ip_mig_ddr3/u_ip_mig_ddr3_mig/u_memc_ui_top_std/mem_intfc0/ddr_phy_top0/u_ddr_mc_phy_wrapper/u_ddr_mc_phy/ddr_phy_4lanes_0.u_ddr_phy_4lanes/ddr_byte_lane_D.ddr_byte_lane_D/phaser_out/OCLK }

Check Type  Corner  Lib Pin  Reference Pin  Required(ns)  Actual(ns)  Slack(ns)  Location       Pin
Min Period  n/a     ODDR/C   n/a            1.474         3.077       1.603      OLOGIC_X1Y144  u_ddr3_top/u_ip_mig_ddr3/u_ip_mig_ddr3_mig/u_memc_ui_top_std/mem_intfc0/ddr_phy_top0/u_ddr_mc_phy_wrapper/u_ddr_mc_phy/ddr_phy_4lanes_0.u_ddr_phy_4lanes/ddr_byte_lane_D.ddr_byte_lane_D/ddr_ck_gen_loop[0].ddr_ck_gen.ddr_ck/C

Clock Name:         oserdes_clk_3
Waveform(ns):       { 0.000 1.538 }
Period(ns):         3.077
Sources:            { u_ddr3_top/u_ip_mig_ddr3/u_ip_mig_ddr3_mig/u_memc_ui_top_std/mem_intfc0/ddr_phy_top0/u_ddr_mc_phy_wrapper/u_ddr_mc_phy/ddr_phy_4lanes_1.u_ddr_phy_4lanes/ddr_byte_lane_C.ddr_byte_lane_C/phaser_out/OCLK }

Check Type  Corner  Lib Pin  Reference Pin  Required(ns)  Actual(ns)  Slack(ns)  Location      Pin
Min Period  n/a     ODDR/C   n/a            1.474         3.077       1.603      OLOGIC_X1Y82  u_ddr3_top/u_ip_mig_ddr3/u_ip_mig_ddr3_mig/u_memc_ui_top_std/mem_intfc0/ddr_phy_top0/u_ddr_mc_phy_wrapper/u_ddr_mc_phy/ddr_phy_4lanes_1.u_ddr_phy_4lanes/ddr_byte_lane_C.ddr_byte_lane_C/ddr_byte_group_io/dqs_gen.oddr_dqs/C

Clock Name:         oserdes_clk_4
Waveform(ns):       { 0.000 1.538 }
Period(ns):         3.077
Sources:            { u_ddr3_top/u_ip_mig_ddr3/u_ip_mig_ddr3_mig/u_memc_ui_top_std/mem_intfc0/ddr_phy_top0/u_ddr_mc_phy_wrapper/u_ddr_mc_phy/ddr_phy_4lanes_1.u_ddr_phy_4lanes/ddr_byte_lane_D.ddr_byte_lane_D/phaser_out/OCLK }

Check Type  Corner  Lib Pin  Reference Pin  Required(ns)  Actual(ns)  Slack(ns)  Location      Pin
Min Period  n/a     ODDR/C   n/a            1.474         3.077       1.603      OLOGIC_X1Y94  u_ddr3_top/u_ip_mig_ddr3/u_ip_mig_ddr3_mig/u_memc_ui_top_std/mem_intfc0/ddr_phy_top0/u_ddr_mc_phy_wrapper/u_ddr_mc_phy/ddr_phy_4lanes_1.u_ddr_phy_4lanes/ddr_byte_lane_D.ddr_byte_lane_D/ddr_byte_group_io/dqs_gen.oddr_dqs/C

Clock Name:         oserdes_clkdiv
Waveform(ns):       { 0.000 6.154 }
Period(ns):         12.308
Sources:            { u_ddr3_top/u_ip_mig_ddr3/u_ip_mig_ddr3_mig/u_memc_ui_top_std/mem_intfc0/ddr_phy_top0/u_ddr_mc_phy_wrapper/u_ddr_mc_phy/ddr_phy_4lanes_0.u_ddr_phy_4lanes/ddr_byte_lane_B.ddr_byte_lane_B/phaser_out/OCLKDIV }

Check Type        Corner  Lib Pin         Reference Pin  Required(ns)  Actual(ns)  Slack(ns)  Location       Pin
Min Period        n/a     OUT_FIFO/RDCLK  n/a            5.000         12.308      7.308      OUT_FIFO_X1Y9  u_ddr3_top/u_ip_mig_ddr3/u_ip_mig_ddr3_mig/u_memc_ui_top_std/mem_intfc0/ddr_phy_top0/u_ddr_mc_phy_wrapper/u_ddr_mc_phy/ddr_phy_4lanes_0.u_ddr_phy_4lanes/ddr_byte_lane_B.ddr_byte_lane_B/out_fifo/RDCLK
Low Pulse Width   Slow    OUT_FIFO/RDCLK  n/a            2.150         6.154       4.004      OUT_FIFO_X1Y9  u_ddr3_top/u_ip_mig_ddr3/u_ip_mig_ddr3_mig/u_memc_ui_top_std/mem_intfc0/ddr_phy_top0/u_ddr_mc_phy_wrapper/u_ddr_mc_phy/ddr_phy_4lanes_0.u_ddr_phy_4lanes/ddr_byte_lane_B.ddr_byte_lane_B/out_fifo/RDCLK
High Pulse Width  Fast    OUT_FIFO/RDCLK  n/a            2.150         6.154       4.004      OUT_FIFO_X1Y9  u_ddr3_top/u_ip_mig_ddr3/u_ip_mig_ddr3_mig/u_memc_ui_top_std/mem_intfc0/ddr_phy_top0/u_ddr_mc_phy_wrapper/u_ddr_mc_phy/ddr_phy_4lanes_0.u_ddr_phy_4lanes/ddr_byte_lane_B.ddr_byte_lane_B/out_fifo/RDCLK

Clock Name:         oserdes_clkdiv_1
Waveform(ns):       { 0.000 6.154 }
Period(ns):         12.308
Sources:            { u_ddr3_top/u_ip_mig_ddr3/u_ip_mig_ddr3_mig/u_memc_ui_top_std/mem_intfc0/ddr_phy_top0/u_ddr_mc_phy_wrapper/u_ddr_mc_phy/ddr_phy_4lanes_0.u_ddr_phy_4lanes/ddr_byte_lane_C.ddr_byte_lane_C/phaser_out/OCLKDIV }

Check Type        Corner  Lib Pin         Reference Pin  Required(ns)  Actual(ns)  Slack(ns)  Location        Pin
Min Period        n/a     OUT_FIFO/RDCLK  n/a            5.000         12.308      7.308      OUT_FIFO_X1Y10  u_ddr3_top/u_ip_mig_ddr3/u_ip_mig_ddr3_mig/u_memc_ui_top_std/mem_intfc0/ddr_phy_top0/u_ddr_mc_phy_wrapper/u_ddr_mc_phy/ddr_phy_4lanes_0.u_ddr_phy_4lanes/ddr_byte_lane_C.ddr_byte_lane_C/out_fifo/RDCLK
Low Pulse Width   Slow    OUT_FIFO/RDCLK  n/a            2.150         6.154       4.004      OUT_FIFO_X1Y10  u_ddr3_top/u_ip_mig_ddr3/u_ip_mig_ddr3_mig/u_memc_ui_top_std/mem_intfc0/ddr_phy_top0/u_ddr_mc_phy_wrapper/u_ddr_mc_phy/ddr_phy_4lanes_0.u_ddr_phy_4lanes/ddr_byte_lane_C.ddr_byte_lane_C/out_fifo/RDCLK
High Pulse Width  Slow    OUT_FIFO/RDCLK  n/a            2.150         6.154       4.004      OUT_FIFO_X1Y10  u_ddr3_top/u_ip_mig_ddr3/u_ip_mig_ddr3_mig/u_memc_ui_top_std/mem_intfc0/ddr_phy_top0/u_ddr_mc_phy_wrapper/u_ddr_mc_phy/ddr_phy_4lanes_0.u_ddr_phy_4lanes/ddr_byte_lane_C.ddr_byte_lane_C/out_fifo/RDCLK

Clock Name:         oserdes_clkdiv_2
Waveform(ns):       { 0.000 6.154 }
Period(ns):         12.308
Sources:            { u_ddr3_top/u_ip_mig_ddr3/u_ip_mig_ddr3_mig/u_memc_ui_top_std/mem_intfc0/ddr_phy_top0/u_ddr_mc_phy_wrapper/u_ddr_mc_phy/ddr_phy_4lanes_0.u_ddr_phy_4lanes/ddr_byte_lane_D.ddr_byte_lane_D/phaser_out/OCLKDIV }

Check Type        Corner  Lib Pin         Reference Pin  Required(ns)  Actual(ns)  Slack(ns)  Location        Pin
Min Period        n/a     OUT_FIFO/RDCLK  n/a            5.000         12.308      7.308      OUT_FIFO_X1Y11  u_ddr3_top/u_ip_mig_ddr3/u_ip_mig_ddr3_mig/u_memc_ui_top_std/mem_intfc0/ddr_phy_top0/u_ddr_mc_phy_wrapper/u_ddr_mc_phy/ddr_phy_4lanes_0.u_ddr_phy_4lanes/ddr_byte_lane_D.ddr_byte_lane_D/out_fifo/RDCLK
Low Pulse Width   Slow    OUT_FIFO/RDCLK  n/a            2.150         6.154       4.004      OUT_FIFO_X1Y11  u_ddr3_top/u_ip_mig_ddr3/u_ip_mig_ddr3_mig/u_memc_ui_top_std/mem_intfc0/ddr_phy_top0/u_ddr_mc_phy_wrapper/u_ddr_mc_phy/ddr_phy_4lanes_0.u_ddr_phy_4lanes/ddr_byte_lane_D.ddr_byte_lane_D/out_fifo/RDCLK
High Pulse Width  Fast    OUT_FIFO/RDCLK  n/a            2.150         6.154       4.004      OUT_FIFO_X1Y11  u_ddr3_top/u_ip_mig_ddr3/u_ip_mig_ddr3_mig/u_memc_ui_top_std/mem_intfc0/ddr_phy_top0/u_ddr_mc_phy_wrapper/u_ddr_mc_phy/ddr_phy_4lanes_0.u_ddr_phy_4lanes/ddr_byte_lane_D.ddr_byte_lane_D/out_fifo/RDCLK

Clock Name:         oserdes_clkdiv_3
Waveform(ns):       { 0.000 3.077 }
Period(ns):         6.154
Sources:            { u_ddr3_top/u_ip_mig_ddr3/u_ip_mig_ddr3_mig/u_memc_ui_top_std/mem_intfc0/ddr_phy_top0/u_ddr_mc_phy_wrapper/u_ddr_mc_phy/ddr_phy_4lanes_1.u_ddr_phy_4lanes/ddr_byte_lane_C.ddr_byte_lane_C/phaser_out/OCLKDIV }

Check Type        Corner  Lib Pin         Reference Pin  Required(ns)  Actual(ns)  Slack(ns)  Location       Pin
Min Period        n/a     OUT_FIFO/RDCLK  n/a            5.000         6.154       1.154      OUT_FIFO_X1Y6  u_ddr3_top/u_ip_mig_ddr3/u_ip_mig_ddr3_mig/u_memc_ui_top_std/mem_intfc0/ddr_phy_top0/u_ddr_mc_phy_wrapper/u_ddr_mc_phy/ddr_phy_4lanes_1.u_ddr_phy_4lanes/ddr_byte_lane_C.ddr_byte_lane_C/out_fifo/RDCLK
Low Pulse Width   Slow    OUT_FIFO/RDCLK  n/a            2.150         3.077       0.927      OUT_FIFO_X1Y6  u_ddr3_top/u_ip_mig_ddr3/u_ip_mig_ddr3_mig/u_memc_ui_top_std/mem_intfc0/ddr_phy_top0/u_ddr_mc_phy_wrapper/u_ddr_mc_phy/ddr_phy_4lanes_1.u_ddr_phy_4lanes/ddr_byte_lane_C.ddr_byte_lane_C/out_fifo/RDCLK
High Pulse Width  Fast    OUT_FIFO/RDCLK  n/a            2.150         3.077       0.927      OUT_FIFO_X1Y6  u_ddr3_top/u_ip_mig_ddr3/u_ip_mig_ddr3_mig/u_memc_ui_top_std/mem_intfc0/ddr_phy_top0/u_ddr_mc_phy_wrapper/u_ddr_mc_phy/ddr_phy_4lanes_1.u_ddr_phy_4lanes/ddr_byte_lane_C.ddr_byte_lane_C/out_fifo/RDCLK

Clock Name:         oserdes_clkdiv_4
Waveform(ns):       { 0.000 3.077 }
Period(ns):         6.154
Sources:            { u_ddr3_top/u_ip_mig_ddr3/u_ip_mig_ddr3_mig/u_memc_ui_top_std/mem_intfc0/ddr_phy_top0/u_ddr_mc_phy_wrapper/u_ddr_mc_phy/ddr_phy_4lanes_1.u_ddr_phy_4lanes/ddr_byte_lane_D.ddr_byte_lane_D/phaser_out/OCLKDIV }

Check Type        Corner  Lib Pin         Reference Pin  Required(ns)  Actual(ns)  Slack(ns)  Location       Pin
Min Period        n/a     OUT_FIFO/RDCLK  n/a            5.000         6.154       1.154      OUT_FIFO_X1Y7  u_ddr3_top/u_ip_mig_ddr3/u_ip_mig_ddr3_mig/u_memc_ui_top_std/mem_intfc0/ddr_phy_top0/u_ddr_mc_phy_wrapper/u_ddr_mc_phy/ddr_phy_4lanes_1.u_ddr_phy_4lanes/ddr_byte_lane_D.ddr_byte_lane_D/out_fifo/RDCLK
Low Pulse Width   Slow    OUT_FIFO/RDCLK  n/a            2.150         3.077       0.927      OUT_FIFO_X1Y7  u_ddr3_top/u_ip_mig_ddr3/u_ip_mig_ddr3_mig/u_memc_ui_top_std/mem_intfc0/ddr_phy_top0/u_ddr_mc_phy_wrapper/u_ddr_mc_phy/ddr_phy_4lanes_1.u_ddr_phy_4lanes/ddr_byte_lane_D.ddr_byte_lane_D/out_fifo/RDCLK
High Pulse Width  Fast    OUT_FIFO/RDCLK  n/a            2.150         3.077       0.927      OUT_FIFO_X1Y7  u_ddr3_top/u_ip_mig_ddr3/u_ip_mig_ddr3_mig/u_memc_ui_top_std/mem_intfc0/ddr_phy_top0/u_ddr_mc_phy_wrapper/u_ddr_mc_phy/ddr_phy_4lanes_1.u_ddr_phy_4lanes/ddr_byte_lane_D.ddr_byte_lane_D/out_fifo/RDCLK

Clock Name:         pin_i_clk_100m
Waveform(ns):       { 0.000 5.000 }
Period(ns):         10.000
Sources:            { pin_i_clk_100m }

Check Type        Corner  Lib Pin            Reference Pin  Required(ns)  Actual(ns)  Slack(ns)  Location         Pin
Min Period        n/a     MMCME2_ADV/CLKIN1  n/a            1.249         10.000      8.751      MMCME2_ADV_X0Y1  ip_clk_wiz_ddr3_clk/inst/mmcm_adv_inst/CLKIN1
Max Period        n/a     MMCME2_ADV/CLKIN1  n/a            100.000       10.000      90.000     MMCME2_ADV_X0Y1  ip_clk_wiz_ddr3_clk/inst/mmcm_adv_inst/CLKIN1
Low Pulse Width   Slow    MMCME2_ADV/CLKIN1  n/a            2.000         5.000       3.000      MMCME2_ADV_X0Y1  ip_clk_wiz_ddr3_clk/inst/mmcm_adv_inst/CLKIN1
High Pulse Width  Slow    MMCME2_ADV/CLKIN1  n/a            2.000         5.000       3.000      MMCME2_ADV_X0Y1  ip_clk_wiz_ddr3_clk/inst/mmcm_adv_inst/CLKIN1

Clock Name:         pin_i_clk_20m
Waveform(ns):       { 0.000 25.000 }
Period(ns):         50.000
Sources:            { pin_i_clk_20m }

Check Type        Corner  Lib Pin            Reference Pin  Required(ns)  Actual(ns)  Slack(ns)  Location         Pin
Min Period        n/a     MMCME2_ADV/CLKIN1  n/a            1.249         50.000      48.751     MMCME2_ADV_X0Y3  ip_clk_wiz_lcos_pclk/inst/mmcm_adv_inst/CLKIN1
Max Period        n/a     MMCME2_ADV/CLKIN1  n/a            100.000       50.000      50.000     MMCME2_ADV_X0Y3  ip_clk_wiz_lcos_pclk/inst/mmcm_adv_inst/CLKIN1
Low Pulse Width   Fast    MMCME2_ADV/CLKIN1  n/a            10.000        25.000      15.000     MMCME2_ADV_X0Y3  ip_clk_wiz_lcos_pclk/inst/mmcm_adv_inst/CLKIN1
High Pulse Width  Slow    MMCME2_ADV/CLKIN1  n/a            10.000        25.000      15.000     MMCME2_ADV_X0Y3  ip_clk_wiz_lcos_pclk/inst/mmcm_adv_inst/CLKIN1

Clock Name:         pin_i_clk_78m
Waveform(ns):       { 0.000 6.410 }
Period(ns):         12.820
Sources:            { pin_i_clk_78m }

Check Type        Corner  Lib Pin            Reference Pin  Required(ns)  Actual(ns)  Slack(ns)  Location         Pin
Min Period        n/a     MMCME2_ADV/CLKIN1  n/a            1.249         12.820      11.571     MMCME2_ADV_X0Y0  ip_clk_wiz_lcos_sftcck/inst/mmcm_adv_inst/CLKIN1
Max Period        n/a     MMCME2_ADV/CLKIN1  n/a            100.000       12.820      87.180     MMCME2_ADV_X0Y0  ip_clk_wiz_lcos_sftcck/inst/mmcm_adv_inst/CLKIN1
Low Pulse Width   Fast    MMCME2_ADV/CLKIN1  n/a            3.000         6.410       3.410      MMCME2_ADV_X0Y0  ip_clk_wiz_lcos_sftcck/inst/mmcm_adv_inst/CLKIN1
High Pulse Width  Slow    MMCME2_ADV/CLKIN1  n/a            3.000         6.410       3.410      MMCME2_ADV_X0Y0  ip_clk_wiz_lcos_sftcck/inst/mmcm_adv_inst/CLKIN1

Clock Name:         pin_i_fmc_clk
Waveform(ns):       { 0.000 11.574 }
Period(ns):         23.148
Sources:            { pin_i_fmc_clk }

Check Type        Corner  Lib Pin            Reference Pin  Required(ns)  Actual(ns)  Slack(ns)  Location         Pin
Min Period        n/a     MMCME2_ADV/CLKIN1  n/a            1.249         23.148      21.899     MMCME2_ADV_X0Y2  u_phy_fmc/ip_clk_wiz_fmc_clk/inst/mmcm_adv_inst/CLKIN1
Max Period        n/a     MMCME2_ADV/CLKIN1  n/a            100.000       23.148      76.852     MMCME2_ADV_X0Y2  u_phy_fmc/ip_clk_wiz_fmc_clk/inst/mmcm_adv_inst/CLKIN1
Low Pulse Width   Slow    MMCME2_ADV/CLKIN1  n/a            5.000         11.574      6.574      MMCME2_ADV_X0Y2  u_phy_fmc/ip_clk_wiz_fmc_clk/inst/mmcm_adv_inst/CLKIN1
High Pulse Width  Slow    MMCME2_ADV/CLKIN1  n/a            5.000         11.574      6.574      MMCME2_ADV_X0Y2  u_phy_fmc/ip_clk_wiz_fmc_clk/inst/mmcm_adv_inst/CLKIN1

Clock Name:         pll_clk3_out
Waveform(ns):       { 0.000 6.154 }
Period(ns):         12.308
Sources:            { u_ddr3_top/u_ip_mig_ddr3/u_ip_mig_ddr3_mig/u_ddr3_infrastructure/plle2_i/CLKOUT3 }

Check Type        Corner  Lib Pin            Reference Pin  Required(ns)  Actual(ns)  Slack(ns)  Location         Pin
Min Period        n/a     BUFH/I             n/a            1.592         12.308      10.715     BUFHCE_X1Y24     u_ddr3_top/u_ip_mig_ddr3/u_ip_mig_ddr3_mig/u_ddr3_infrastructure/u_bufh_pll_clk3/I
Max Period        n/a     MMCME2_ADV/CLKIN1  n/a            100.000       12.308      87.692     MMCME2_ADV_X1Y2  u_ddr3_top/u_ip_mig_ddr3/u_ip_mig_ddr3_mig/u_ddr3_infrastructure/gen_mmcm.mmcm_i/CLKIN1
Low Pulse Width   Slow    MMCME2_ADV/CLKIN1  n/a            3.000         6.154       3.154      MMCME2_ADV_X1Y2  u_ddr3_top/u_ip_mig_ddr3/u_ip_mig_ddr3_mig/u_ddr3_infrastructure/gen_mmcm.mmcm_i/CLKIN1
High Pulse Width  Fast    MMCME2_ADV/CLKIN1  n/a            3.000         6.154       3.154      MMCME2_ADV_X1Y2  u_ddr3_top/u_ip_mig_ddr3/u_ip_mig_ddr3_mig/u_ddr3_infrastructure/gen_mmcm.mmcm_i/CLKIN1

Clock Name:         pll_clkfbout
Waveform(ns):       { 0.000 5.000 }
Period(ns):         10.000
Sources:            { u_ddr3_top/u_ip_mig_ddr3/u_ip_mig_ddr3_mig/u_ddr3_infrastructure/plle2_i/CLKFBOUT }

Check Type  Corner  Lib Pin             Reference Pin  Required(ns)  Actual(ns)  Slack(ns)  Location        Pin
Min Period  n/a     PLLE2_ADV/CLKFBOUT  n/a            1.249         10.000      8.751      PLLE2_ADV_X1Y2  u_ddr3_top/u_ip_mig_ddr3/u_ip_mig_ddr3_mig/u_ddr3_infrastructure/plle2_i/CLKFBOUT
Max Period  n/a     PLLE2_ADV/CLKFBIN   n/a            52.633        10.000      42.633     PLLE2_ADV_X1Y2  u_ddr3_top/u_ip_mig_ddr3/u_ip_mig_ddr3_mig/u_ddr3_infrastructure/plle2_i/CLKFBIN

Clock Name:         sync_pulse
Waveform(ns):       { 1.346 4.423 }
Period(ns):         49.231
Sources:            { u_ddr3_top/u_ip_mig_ddr3/u_ip_mig_ddr3_mig/u_ddr3_infrastructure/plle2_i/CLKOUT2 }

Check Type        Corner  Lib Pin                Reference Pin  Required(ns)  Actual(ns)  Slack(ns)  Location             Pin
Min Period        n/a     PLLE2_ADV/CLKOUT2      n/a            1.249         49.231      47.982     PLLE2_ADV_X1Y2       u_ddr3_top/u_ip_mig_ddr3/u_ip_mig_ddr3_mig/u_ddr3_infrastructure/plle2_i/CLKOUT2
Max Period        n/a     PLLE2_ADV/CLKOUT2      n/a            160.000       49.231      110.769    PLLE2_ADV_X1Y2       u_ddr3_top/u_ip_mig_ddr3/u_ip_mig_ddr3_mig/u_ddr3_infrastructure/plle2_i/CLKOUT2
High Pulse Width  Slow    PHASER_OUT_PHY/SYNCIN  n/a            1.072         3.077       2.005      PHASER_OUT_PHY_X1Y9  u_ddr3_top/u_ip_mig_ddr3/u_ip_mig_ddr3_mig/u_memc_ui_top_std/mem_intfc0/ddr_phy_top0/u_ddr_mc_phy_wrapper/u_ddr_mc_phy/ddr_phy_4lanes_0.u_ddr_phy_4lanes/ddr_byte_lane_B.ddr_byte_lane_B/phaser_out/SYNCIN

Clock Name:         u_memc_ui_top_std/mem_intfc0/ddr_phy_top0/u_ddr_mc_phy_wrapper/u_ddr_mc_phy/ddr_phy_4lanes_1.u_ddr_phy_4lanes/ddr_byte_lane_C.ddr_byte_lane_C/iserdes_clk
Waveform(ns):       { 0.000 1.538 }
Period(ns):         3.077
Sources:            { u_ddr3_top/u_ip_mig_ddr3/u_ip_mig_ddr3_mig/u_memc_ui_top_std/mem_intfc0/ddr_phy_top0/u_ddr_mc_phy_wrapper/u_ddr_mc_phy/ddr_phy_4lanes_1.u_ddr_phy_4lanes/ddr_byte_lane_C.ddr_byte_lane_C/phaser_in_gen.phaser_in/ICLK }

Check Type  Corner  Lib Pin        Reference Pin  Required(ns)  Actual(ns)  Slack(ns)  Location      Pin
Min Period  n/a     ISERDESE2/CLK  n/a            1.471         3.077       1.606      ILOGIC_X1Y76  u_ddr3_top/u_ip_mig_ddr3/u_ip_mig_ddr3_mig/u_memc_ui_top_std/mem_intfc0/ddr_phy_top0/u_ddr_mc_phy_wrapper/u_ddr_mc_phy/ddr_phy_4lanes_1.u_ddr_phy_4lanes/ddr_byte_lane_C.ddr_byte_lane_C/ddr_byte_group_io/input_[1].iserdes_dq_.iserdesdq/CLK

Clock Name:         u_memc_ui_top_std/mem_intfc0/ddr_phy_top0/u_ddr_mc_phy_wrapper/u_ddr_mc_phy/ddr_phy_4lanes_1.u_ddr_phy_4lanes/ddr_byte_lane_D.ddr_byte_lane_D/iserdes_clk
Waveform(ns):       { 0.000 1.538 }
Period(ns):         3.077
Sources:            { u_ddr3_top/u_ip_mig_ddr3/u_ip_mig_ddr3_mig/u_memc_ui_top_std/mem_intfc0/ddr_phy_top0/u_ddr_mc_phy_wrapper/u_ddr_mc_phy/ddr_phy_4lanes_1.u_ddr_phy_4lanes/ddr_byte_lane_D.ddr_byte_lane_D/phaser_in_gen.phaser_in/ICLK }

Check Type  Corner  Lib Pin        Reference Pin  Required(ns)  Actual(ns)  Slack(ns)  Location      Pin
Min Period  n/a     ISERDESE2/CLK  n/a            1.471         3.077       1.606      ILOGIC_X1Y88  u_ddr3_top/u_ip_mig_ddr3/u_ip_mig_ddr3_mig/u_memc_ui_top_std/mem_intfc0/ddr_phy_top0/u_ddr_mc_phy_wrapper/u_ddr_mc_phy/ddr_phy_4lanes_1.u_ddr_phy_4lanes/ddr_byte_lane_D.ddr_byte_lane_D/ddr_byte_group_io/input_[1].iserdes_dq_.iserdesdq/CLK

