# Simultaneously Switching Noise (SSN) Report
# Version: 1.0
# Created on: Tue Mar  3 14:55:56 2026
# Result Name: 
# Project Name: MLC_FPGA
# Project Family: Artix-7
# Part: xc7a100tfgg676
# Temperature Grade: industrial
# SSN Data Version: Production
# Package Version: FINAL 2012-06-26
# Package Pin Delay Version: VERS. 2.0 2012-06-26

IO Bank,VCCO,Signal Name,Pin Number,IO Standard,Drive (mA),Slew Rate,OFFCHIP_TERM,Remaining Margin (%),Result, Notes
13,1.8,pin_o_clk_78m,U21,LVCMOS18,12,FAST,FP_VTT_50,14.0,PASS,
13,1.8,pin_o_lcos_panel_cck_en,W19,LVCMOS18,12,FAST,NONE,28.9,PASS,
13,1.8,pin_o_lcos_panel_cck,V14,SSTL18_I,,FAST,NONE,85.7,PASS,
13,1.8,pin_o_lcos_panel_cnt_rst,U17,LVCMOS18,12,FAST,NONE,69.5,PASS,
13,1.8,pin_o_lcos_panel_hck,T20,SSTL18_I,,FAST,NONE,64.7,PASS,
13,1.8,pin_o_lcos_panel_hck_en,V17,LVCMOS18,12,FAST,NONE,54.9,PASS,
13,1.8,pin_o_lcos_panel_k2_en,U16,LVCMOS18,12,FAST,NONE,45.2,PASS,
13,1.8,pin_o_lcos_panel_k2_sck,T17,LVCMOS18,12,FAST,NONE,47.9,PASS,
13,1.8,pin_o_lcos_panel_k2m,T18,LVCMOS18,12,FAST,NONE,46.6,PASS,
13,1.8,pin_o_lcos_panel_k2p,T14,LVCMOS18,12,FAST,NONE,56.2,PASS,
13,1.8,pin_o_lcos_panel_latch,T19,LVCMOS18,12,FAST,NONE,40.2,PASS,
13,1.8,pin_o_lcos_panel_mode,W20,LVCMOS18,12,FAST,NONE,60.1,PASS,
13,1.8,pin_o_lcos_panel_pde[0],AB25,SSTL18_I,,FAST,NONE,59.5,PASS,
13,1.8,pin_o_lcos_panel_pde[1],AA22,SSTL18_I,,FAST,NONE,63.4,PASS,
13,1.8,pin_o_lcos_panel_pde[2],AA23,SSTL18_I,,FAST,NONE,61.1,PASS,
13,1.8,pin_o_lcos_panel_pde[3],AB24,SSTL18_I,,FAST,NONE,68.3,PASS,
13,1.8,pin_o_lcos_panel_pde[4],Y22,SSTL18_I,,FAST,NONE,70.8,PASS,
13,1.8,pin_o_lcos_panel_pde[5],W26,SSTL18_I,,FAST,NONE,66.8,PASS,
13,1.8,pin_o_lcos_panel_pde[6],W23,SSTL18_I,,FAST,NONE,64.4,PASS,
13,1.8,pin_o_lcos_panel_pde[7],Y25,SSTL18_I,,FAST,NONE,72.2,PASS,
13,1.8,pin_o_lcos_panel_pde[8],V23,SSTL18_I,,FAST,NONE,61.7,PASS,
13,1.8,pin_o_lcos_panel_pde[9],U24,SSTL18_I,,FAST,NONE,57.7,PASS,
13,1.8,pin_o_lcos_panel_pdo[0],Y26,SSTL18_I,,FAST,NONE,68.6,PASS,
13,1.8,pin_o_lcos_panel_pdo[1],AA25,SSTL18_I,,FAST,NONE,66.6,PASS,
13,1.8,pin_o_lcos_panel_pdo[2],AC24,SSTL18_I,,FAST,NONE,58.4,PASS,
13,1.8,pin_o_lcos_panel_pdo[3],V26,SSTL18_I,,FAST,NONE,67.3,PASS,
13,1.8,pin_o_lcos_panel_pdo[4],AC26,SSTL18_I,,FAST,NONE,66.3,PASS,
13,1.8,pin_o_lcos_panel_pdo[5],AA24,SSTL18_I,,FAST,NONE,65.3,PASS,
13,1.8,pin_o_lcos_panel_pdo[6],U25,SSTL18_I,,FAST,NONE,72.3,PASS,
13,1.8,pin_o_lcos_panel_pdo[7],V24,SSTL18_I,,FAST,NONE,76.2,PASS,
13,1.8,pin_o_lcos_panel_pdo[8],AB26,SSTL18_I,,FAST,NONE,63.7,PASS,
13,1.8,pin_o_lcos_panel_pdo[9],W25,SSTL18_I,,FAST,NONE,66.5,PASS,
13,1.8,pin_o_lcos_panel_r2k,T15,LVCMOS18,12,FAST,NONE,54.4,PASS,
13,1.8,pin_o_lcos_panel_regp,V16,LVCMOS18,12,FAST,NONE,55.5,PASS,
13,1.8,pin_o_lcos_panel_test,V18,LVCMOS18,12,FAST,NONE,56.8,PASS,
13,1.8,pin_o_lcos_panel_vck1,U14,LVCMOS18,12,FAST,NONE,68.0,PASS,
13,1.8,pin_o_lcos_panel_vck2,U15,LVCMOS18,12,FAST,NONE,49.0,PASS,
13,1.8,pin_o_lcos_panel_vpg_img,V19,LVCMOS18,12,FAST,NONE,44.9,PASS,
13,1.8,pin_o_lcos_panel_vst_img,U19,LVCMOS18,12,FAST,NONE,39.2,PASS,
13,1.8,pin_o_lcos_panel_vsw_stt,U20,LVCMOS18,12,FAST,NONE,26.2,PASS,
14,3.3,pin_o_lcos_dac_clk_a,R25,LVCMOS33,12,SLOW,FP_VTT_50,34.9,PASS,
14,3.3,pin_o_lcos_dac_clk_b,T25,LVCMOS33,12,SLOW,FP_VTT_50,45.4,PASS,
14,3.3,pin_o_lcos_dac_data_a[0],R21,LVCMOS33,12,SLOW,FP_VTT_50,37.7,PASS,
14,3.3,pin_o_lcos_dac_data_a[1],R22,LVCMOS33,12,SLOW,FP_VTT_50,24.5,PASS,
14,3.3,pin_o_lcos_dac_data_a[2],P23,LVCMOS33,12,SLOW,FP_VTT_50,16.7,PASS,
14,3.3,pin_o_lcos_dac_data_a[3],N23,LVCMOS33,12,SLOW,FP_VTT_50,28.2,PASS,
14,3.3,pin_o_lcos_dac_data_a[4],P24,LVCMOS33,12,SLOW,FP_VTT_50,21.6,PASS,
14,3.3,pin_o_lcos_dac_data_a[5],L23,LVCMOS33,12,SLOW,FP_VTT_50,47.9,PASS,
14,3.3,pin_o_lcos_dac_data_a[6],N24,LVCMOS33,12,SLOW,FP_VTT_50,34.1,PASS,
14,3.3,pin_o_lcos_dac_data_a[7],P25,LVCMOS33,12,SLOW,FP_VTT_50,62.8,PASS,
14,3.3,pin_o_lcos_dac_data_a[8],L24,LVCMOS33,12,SLOW,FP_VTT_50,64.6,PASS,
14,3.3,pin_o_lcos_dac_data_a[9],M24,LVCMOS33,12,SLOW,FP_VTT_50,55.5,PASS,
14,3.3,pin_o_lcos_dac_data_a[10],M26,LVCMOS33,12,SLOW,FP_VTT_50,28.1,PASS,
14,3.3,pin_o_lcos_dac_data_a[11],M25,LVCMOS33,12,SLOW,FP_VTT_50,44.5,PASS,
14,3.3,pin_o_lcos_dac_data_b[0],M19,LVCMOS33,12,SLOW,FP_VTT_50,49.7,PASS,
14,3.3,pin_o_lcos_dac_data_b[1],M20,LVCMOS33,12,SLOW,FP_VTT_50,56.3,PASS,
14,3.3,pin_o_lcos_dac_data_b[2],N16,LVCMOS33,12,SLOW,FP_VTT_50,49.7,PASS,
14,3.3,pin_o_lcos_dac_data_b[3],N17,LVCMOS33,12,SLOW,FP_VTT_50,56.4,PASS,
14,3.3,pin_o_lcos_dac_data_b[4],N18,LVCMOS33,12,SLOW,FP_VTT_50,51.8,PASS,
14,3.3,pin_o_lcos_dac_data_b[5],N19,LVCMOS33,12,SLOW,FP_VTT_50,45.5,PASS,
14,3.3,pin_o_lcos_dac_data_b[6],P16,LVCMOS33,12,SLOW,FP_VTT_50,69.0,PASS,
14,3.3,pin_o_lcos_dac_data_b[7],R16,LVCMOS33,12,SLOW,FP_VTT_50,52.9,PASS,
14,3.3,pin_o_lcos_dac_data_b[8],R18,LVCMOS33,12,SLOW,FP_VTT_50,50.6,PASS,
14,3.3,pin_o_lcos_dac_data_b[9],R17,LVCMOS33,12,SLOW,FP_VTT_50,49.4,PASS,
14,3.3,pin_o_lcos_dac_data_b[10],R20,LVCMOS33,12,SLOW,FP_VTT_50,20.4,PASS,
14,3.3,pin_o_lcos_dac_data_b[11],P19,LVCMOS33,12,SLOW,FP_VTT_50,23.9,PASS,
14,3.3,pin_o_lcos_ito_ctl_m,P26,LVCMOS33,12,SLOW,FP_VTT_50,36.1,PASS,
14,3.3,pin_o_lcos_ito_ctl_p,R26,LVCMOS33,12,SLOW,FP_VTT_50,36.2,PASS,
14,3.3,pin_o_lcos_pow_analog_en,N26,LVCMOS33,12,SLOW,FP_VTT_50,12.7,PASS,
14,3.3,pin_o_lcos_pow_digital_en,T22,LVCMOS33,12,SLOW,FP_VTT_50,26.9,PASS,
15,3.3,pin_io_fmc_data[0],G26,LVCMOS33,12,SLOW,FP_VTT_50,24.5,PASS,
15,3.3,pin_io_fmc_data[1],F25,LVCMOS33,12,SLOW,FP_VTT_50,30.9,PASS,
15,3.3,pin_io_fmc_data[2],G25,LVCMOS33,12,SLOW,FP_VTT_50,41.7,PASS,
15,3.3,pin_io_fmc_data[3],D26,LVCMOS33,12,SLOW,FP_VTT_50,24.3,PASS,
15,3.3,pin_io_fmc_data[4],D25,LVCMOS33,12,SLOW,FP_VTT_50,36.6,PASS,
15,3.3,pin_io_fmc_data[5],E25,LVCMOS33,12,SLOW,FP_VTT_50,35.6,PASS,
15,3.3,pin_io_fmc_data[6],E26,LVCMOS33,12,SLOW,FP_VTT_50,23.8,PASS,
15,3.3,pin_io_fmc_data[7],F24,LVCMOS33,12,SLOW,FP_VTT_50,59.1,PASS,
15,3.3,pin_io_fmc_data[8],K22,LVCMOS33,12,SLOW,FP_VTT_50,42.0,PASS,
15,3.3,pin_io_fmc_data[9],K23,LVCMOS33,12,SLOW,FP_VTT_50,52.0,PASS,
15,3.3,pin_io_fmc_data[10],J24,LVCMOS33,12,SLOW,FP_VTT_50,52.8,PASS,
15,3.3,pin_io_fmc_data[11],J25,LVCMOS33,12,SLOW,FP_VTT_50,49.9,PASS,
15,3.3,pin_io_fmc_data[12],H26,LVCMOS33,12,SLOW,FP_VTT_50,23.6,PASS,
15,3.3,pin_io_fmc_data[13],G24,LVCMOS33,12,SLOW,FP_VTT_50,37.5,PASS,
15,3.3,pin_io_fmc_data[14],H24,LVCMOS33,12,SLOW,FP_VTT_50,54.0,PASS,
15,3.3,pin_io_fmc_data[15],J26,LVCMOS33,12,SLOW,FP_VTT_50,41.5,PASS,
15,3.3,pin_io_fmc_data[16],K18,LVCMOS33,12,SLOW,FP_VTT_50,64.6,PASS,
15,3.3,pin_io_fmc_data[17],J19,LVCMOS33,12,SLOW,FP_VTT_50,37.0,PASS,
15,3.3,pin_io_fmc_data[18],L19,LVCMOS33,12,SLOW,FP_VTT_50,40.6,PASS,
15,3.3,pin_io_fmc_data[19],K17,LVCMOS33,12,SLOW,FP_VTT_50,49.2,PASS,
15,3.3,pin_io_fmc_data[20],L18,LVCMOS33,12,SLOW,FP_VTT_50,43.5,PASS,
15,3.3,pin_io_fmc_data[21],K15,LVCMOS33,12,SLOW,FP_VTT_50,39.6,PASS,
15,3.3,pin_io_fmc_data[22],L14,LVCMOS33,12,SLOW,FP_VTT_50,57.0,PASS,
15,3.3,pin_io_fmc_data[23],L15,LVCMOS33,12,SLOW,FP_VTT_50,49.4,PASS,
15,3.3,pin_io_fmc_data[24],J14,LVCMOS33,12,SLOW,FP_VTT_50,42.4,PASS,
15,3.3,pin_io_fmc_data[25],M14,LVCMOS33,12,SLOW,FP_VTT_50,40.9,PASS,
15,3.3,pin_io_fmc_data[26],J15,LVCMOS33,12,SLOW,FP_VTT_50,49.6,PASS,
15,3.3,pin_io_fmc_data[27],J16,LVCMOS33,12,SLOW,FP_VTT_50,47.6,PASS,
15,3.3,pin_io_fmc_data[28],K16,LVCMOS33,12,SLOW,FP_VTT_50,43.9,PASS,
15,3.3,pin_io_fmc_data[29],M17,LVCMOS33,12,SLOW,FP_VTT_50,66.5,PASS,
15,3.3,pin_io_fmc_data[30],L17,LVCMOS33,12,SLOW,FP_VTT_50,39.5,PASS,
15,3.3,pin_io_fmc_data[31],H19,LVCMOS33,12,SLOW,FP_VTT_50,37.3,PASS,
16,3.3,pin_o_cpu_con0,C22,LVCMOS33,12,SLOW,FP_VTT_50,76.3,PASS,
16,3.3,pin_o_cpu_con1,B22,LVCMOS33,12,SLOW,FP_VTT_50,81.8,PASS,
16,3.3,pin_o_cpu_con2,A22,LVCMOS33,12,SLOW,FP_VTT_50,80.2,PASS,
16,3.3,pin_o_cpu_con3,E22,LVCMOS33,12,SLOW,FP_VTT_50,75.4,PASS,
16,3.3,pin_o_heater,D16,LVCMOS33,12,SLOW,FP_VTT_50,96.0,PASS,
16,3.3,pin_o_tp0,D21,LVCMOS33,12,SLOW,FP_VTT_50,82.0,PASS,
34,1.4,ddr3_dm[0],K3,SSTL135,,FAST,FP_VTT_50,40.0,PASS,
34,1.4,ddr3_dm[1],K1,SSTL135,,FAST,FP_VTT_50,40.6,PASS,
34,1.4,ddr3_dq[0],J3,SSTL135,,FAST,FP_VTT_50,40.0,PASS,
34,1.4,ddr3_dq[1],M7,SSTL135,,FAST,FP_VTT_50,40.0,PASS,
34,1.4,ddr3_dq[2],L7,SSTL135,,FAST,FP_VTT_50,40.0,PASS,
34,1.4,ddr3_dq[3],L5,SSTL135,,FAST,FP_VTT_50,40.0,PASS,
34,1.4,ddr3_dq[4],K5,SSTL135,,FAST,FP_VTT_50,40.0,PASS,
34,1.4,ddr3_dq[5],N7,SSTL135,,FAST,FP_VTT_50,40.3,PASS,
34,1.4,ddr3_dq[6],N6,SSTL135,,FAST,FP_VTT_50,40.0,PASS,
34,1.4,ddr3_dq[7],M6,SSTL135,,FAST,FP_VTT_50,48.8,PASS,
34,1.4,ddr3_dq[8],J1,SSTL135,,FAST,FP_VTT_50,40.0,PASS,
34,1.4,ddr3_dq[9],L3,SSTL135,,FAST,FP_VTT_50,40.0,PASS,
34,1.4,ddr3_dq[10],K2,SSTL135,,FAST,FP_VTT_50,40.0,PASS,
34,1.4,ddr3_dq[11],H2,SSTL135,,FAST,FP_VTT_50,40.0,PASS,
34,1.4,ddr3_dq[12],H1,SSTL135,,FAST,FP_VTT_50,40.0,PASS,
34,1.4,ddr3_dq[13],M2,SSTL135,,FAST,FP_VTT_50,40.0,PASS,
34,1.4,ddr3_dq[14],L2,SSTL135,,FAST,FP_VTT_50,40.0,PASS,
34,1.4,ddr3_dq[15],N3,SSTL135,,FAST,FP_VTT_50,53.6,PASS,
34,1.4,ddr3_dqs_p[0],M4,DIFF_SSTL135,,FAST,FP_VTT_50,52.6,PASS,
34,1.4,ddr3_dqs_n[0],L4,DIFF_SSTL135,,FAST,FP_VTT_50,56.7,PASS,
34,1.4,ddr3_dqs_p[1],N1,DIFF_SSTL135,,FAST,FP_VTT_50,54.5,PASS,
34,1.4,ddr3_dqs_n[1],M1,DIFF_SSTL135,,FAST,FP_VTT_50,52.2,PASS,
35,1.4,ddr3_addr[0],E6,SSTL135,,FAST,FP_VTT_50,34.0,PASS,
35,1.4,ddr3_addr[1],D6,SSTL135,,FAST,FP_VTT_50,25.9,PASS,
35,1.4,ddr3_addr[2],H8,SSTL135,,FAST,FP_VTT_50,40.3,PASS,
35,1.4,ddr3_addr[3],G8,SSTL135,,FAST,FP_VTT_50,32.0,PASS,
35,1.4,ddr3_addr[4],F8,SSTL135,,FAST,FP_VTT_50,25.9,PASS,
35,1.4,ddr3_addr[5],F7,SSTL135,,FAST,FP_VTT_50,32.1,PASS,
35,1.4,ddr3_addr[6],H6,SSTL135,,FAST,FP_VTT_50,58.4,PASS,
35,1.4,ddr3_addr[7],G6,SSTL135,,FAST,FP_VTT_50,25.9,PASS,
35,1.4,ddr3_addr[8],H9,SSTL135,,FAST,FP_VTT_50,51.2,PASS,
35,1.4,ddr3_addr[9],J6,SSTL135,,FAST,FP_VTT_50,30.9,PASS,
35,1.4,ddr3_addr[10],J5,SSTL135,,FAST,FP_VTT_50,25.9,PASS,
35,1.4,ddr3_addr[11],L8,SSTL135,,FAST,FP_VTT_50,48.6,PASS,
35,1.4,ddr3_addr[12],K8,SSTL135,,FAST,FP_VTT_50,37.1,PASS,
35,1.4,ddr3_addr[13],J4,SSTL135,,FAST,FP_VTT_50,25.9,PASS,
35,1.4,ddr3_ba[0],H4,SSTL135,,FAST,FP_VTT_50,25.9,PASS,
35,1.4,ddr3_ba[1],K7,SSTL135,,FAST,FP_VTT_50,47.3,PASS,
35,1.4,ddr3_ba[2],K6,SSTL135,,FAST,FP_VTT_50,25.9,PASS,
35,1.4,ddr3_cas_n,G4,SSTL135,,FAST,FP_VTT_50,25.9,PASS,
35,1.4,ddr3_ck_p,H7,DIFF_SSTL135,,FAST,FP_VTT_50,61.3,PASS,
35,1.4,ddr3_ck_n,G7,DIFF_SSTL135,,FAST,FP_VTT_50,63.3,PASS,
35,1.4,ddr3_cke,D5,SSTL135,,FAST,FP_VTT_50,44.4,PASS,
35,1.4,ddr3_cs_n,E5,SSTL135,,FAST,FP_VTT_50,53.3,PASS,
35,1.4,ddr3_odt,F5,SSTL135,,FAST,FP_VTT_50,35.9,PASS,
35,1.4,ddr3_ras_n,F4,SSTL135,,FAST,FP_VTT_50,25.9,PASS,
35,1.4,ddr3_reset_n,D4,SSTL135,,FAST,FP_VTT_50,40.2,PASS,
35,1.4,ddr3_we_n,G5,SSTL135,,FAST,FP_VTT_50,26.9,PASS,


# Reference Links
# Safe to Ignore SSN Failure on MIG Designs - http://www.xilinx.com/support/answers/36141.htm
# SSN Mitigation Strategy - http://www.xilinx.com/support/documentation/user_guides/ug471_7Series_SelectIO.pdf#search=%22Mitigate%22
# Off-chip Terminations - http://www.xilinx.com/support/documentation/user_guides/ug471_7Series_SelectIO.pdf#search=%22terminated%22
