Copyright 1986-2019 Xilinx, Inc. All Rights Reserved.
--------------------------------------------------------------------------------------------------------------------------------------------------------------------------
| Tool Version : Vivado v.2019.2 (lin64) Build 2708876 Wed Nov  6 21:39:14 MST 2019
| Date         : Thu Feb 26 11:47:35 2026
| Host         : lc-kjlee-pc running 64-bit Ubuntu 24.04.3 LTS
| Command      : report_clocks -file /home/lc-kjlee-pc/works/fpga/20260202_MLC60_FPGA_100_630A_DDR/MLC_FPGA.reports/post_route_revA_20260226_113801/05/Clocks_Summary.rpt
| Design       : top_with_ddr3
| Device       : 7a100t-fgg676
| Speed File   : -2  PRODUCTION 1.23 2018-06-13
--------------------------------------------------------------------------------------------------------------------------------------------------------------------------

Clock Report


Attributes
  P: Propagated
  G: Generated
  A: Auto-derived
  R: Renamed
  V: Virtual
  I: Inverted
  S: Pin phase-shifted with Latency mode

Clock                                                                                                                                                      Period(ns)  Waveform(ns)    Attributes  Sources
pin_i_clk_100m                                                                                                                                             10.000      {0.000 5.000}   P           {pin_i_clk_100m}
pin_i_clk_20m                                                                                                                                              50.000      {0.000 25.000}  P           {pin_i_clk_20m}
pin_i_clk_78m                                                                                                                                              12.820      {0.000 6.410}   P           {pin_i_clk_78m}
pin_i_fmc_clk                                                                                                                                              23.148      {0.000 11.574}  P           {pin_i_fmc_clk}
pin_o_clk_78m                                                                                                                                              12.821      {0.000 6.410}   P,G         {pin_o_clk_78m}
clk_out1_ip_clk_wiz_ddr3_clk                                                                                                                               10.000      {0.000 5.000}   P,G,A       {ip_clk_wiz_ddr3_clk/inst/mmcm_adv_inst/CLKOUT0}
clk_out1_ip_clk_wiz_fmc_clk                                                                                                                                11.574      {0.000 5.787}   P,G,A       {u_phy_fmc/ip_clk_wiz_fmc_clk/inst/mmcm_adv_inst/CLKOUT0}
clk_out1_ip_clk_wiz_lcos_pclk                                                                                                                              12.821      {0.000 6.410}   P,G,A       {ip_clk_wiz_lcos_pclk/inst/mmcm_adv_inst/CLKOUT0}
clk_out1_ip_clk_wiz_lcos_sftcck                                                                                                                            10.121      {0.000 5.061}   P,G,A       {ip_clk_wiz_lcos_sftcck/inst/mmcm_adv_inst/CLKOUT0}
clk_out1_ip_clk_wiz_power_loader                                                                                                                           3.205       {0.000 1.603}   P,G,A       {u_sys_top_with_ddr3/ip_clk_wiz_power_loader/inst/plle2_adv_inst/CLKOUT0}
clk_out2_ip_clk_wiz_ddr3_clk                                                                                                                               5.000       {0.000 2.500}   P,G,A       {ip_clk_wiz_ddr3_clk/inst/mmcm_adv_inst/CLKOUT1}
clk_out2_ip_clk_wiz_lcos_pclk                                                                                                                              25.641      {6.410 19.231}  P,G,A       {ip_clk_wiz_lcos_pclk/inst/mmcm_adv_inst/CLKOUT1}
clk_out2_ip_clk_wiz_lcos_sftcck                                                                                                                            10.121      {0.000 5.061}   P,G,A       {ip_clk_wiz_lcos_sftcck/inst/mmcm_adv_inst/CLKOUT1}
clk_out3_ip_clk_wiz_lcos_pclk                                                                                                                              6.410       {0.000 3.205}   P,G,A       {ip_clk_wiz_lcos_pclk/inst/mmcm_adv_inst/CLKOUT2}
clk_out4_ip_clk_wiz_lcos_pclk                                                                                                                              12.821      {0.000 6.410}   P,G,A       {ip_clk_wiz_lcos_pclk/inst/mmcm_adv_inst/CLKOUT3}
clk_out5_ip_clk_wiz_lcos_pclk                                                                                                                              6.410       {0.000 3.205}   P,G,A       {ip_clk_wiz_lcos_pclk/inst/mmcm_adv_inst/CLKOUT4}
clk_pll_i                                                                                                                                                  12.308      {0.000 6.154}   P,G,A       {u_ddr3_top/u_ip_mig_ddr3/u_ip_mig_ddr3_mig/u_ddr3_infrastructure/gen_mmcm.mmcm_i/CLKFBOUT}
clkfbout_ip_clk_wiz_ddr3_clk                                                                                                                               10.000      {0.000 5.000}   P,G,A       {ip_clk_wiz_ddr3_clk/inst/mmcm_adv_inst/CLKFBOUT}
clkfbout_ip_clk_wiz_fmc_clk                                                                                                                                23.148      {0.000 11.574}  P,G,A       {u_phy_fmc/ip_clk_wiz_fmc_clk/inst/mmcm_adv_inst/CLKFBOUT}
clkfbout_ip_clk_wiz_lcos_pclk                                                                                                                              50.000      {0.000 25.000}  P,G,A       {ip_clk_wiz_lcos_pclk/inst/mmcm_adv_inst/CLKFBOUT}
clkfbout_ip_clk_wiz_lcos_sftcck                                                                                                                            38.460      {0.000 19.230}  P,G,A       {ip_clk_wiz_lcos_sftcck/inst/mmcm_adv_inst/CLKFBOUT}
clkfbout_ip_clk_wiz_power_loader                                                                                                                           6.410       {0.000 3.205}   P,G,A       {u_sys_top_with_ddr3/ip_clk_wiz_power_loader/inst/plle2_adv_inst/CLKFBOUT}
freq_refclk                                                                                                                                                1.538       {0.000 0.769}   P,G,A       {u_ddr3_top/u_ip_mig_ddr3/u_ip_mig_ddr3_mig/u_ddr3_infrastructure/plle2_i/CLKOUT0}
iserdes_clkdiv                                                                                                                                             12.308      {0.000 6.154}   P,G,A       {u_ddr3_top/u_ip_mig_ddr3/u_ip_mig_ddr3_mig/u_memc_ui_top_std/mem_intfc0/ddr_phy_top0/u_ddr_mc_phy_wrapper/u_ddr_mc_phy/ddr_phy_4lanes_1.u_ddr_phy_4lanes/ddr_byte_lane_C.ddr_byte_lane_C/phaser_in_gen.phaser_in/ICLKDIV}
iserdes_clkdiv_1                                                                                                                                           12.308      {0.000 6.154}   P,G,A       {u_ddr3_top/u_ip_mig_ddr3/u_ip_mig_ddr3_mig/u_memc_ui_top_std/mem_intfc0/ddr_phy_top0/u_ddr_mc_phy_wrapper/u_ddr_mc_phy/ddr_phy_4lanes_1.u_ddr_phy_4lanes/ddr_byte_lane_D.ddr_byte_lane_D/phaser_in_gen.phaser_in/ICLKDIV}
mem_refclk                                                                                                                                                 3.077       {0.000 1.538}   P,G,A       {u_ddr3_top/u_ip_mig_ddr3/u_ip_mig_ddr3_mig/u_ddr3_infrastructure/plle2_i/CLKOUT1}
oserdes_clk                                                                                                                                                3.077       {0.000 1.538}   P,G,A       {u_ddr3_top/u_ip_mig_ddr3/u_ip_mig_ddr3_mig/u_memc_ui_top_std/mem_intfc0/ddr_phy_top0/u_ddr_mc_phy_wrapper/u_ddr_mc_phy/ddr_phy_4lanes_0.u_ddr_phy_4lanes/ddr_byte_lane_B.ddr_byte_lane_B/phaser_out/OCLK}
oserdes_clk_1                                                                                                                                              3.077       {0.000 1.538}   P,G,A       {u_ddr3_top/u_ip_mig_ddr3/u_ip_mig_ddr3_mig/u_memc_ui_top_std/mem_intfc0/ddr_phy_top0/u_ddr_mc_phy_wrapper/u_ddr_mc_phy/ddr_phy_4lanes_0.u_ddr_phy_4lanes/ddr_byte_lane_C.ddr_byte_lane_C/phaser_out/OCLK}
oserdes_clk_2                                                                                                                                              3.077       {0.000 1.538}   P,G,A       {u_ddr3_top/u_ip_mig_ddr3/u_ip_mig_ddr3_mig/u_memc_ui_top_std/mem_intfc0/ddr_phy_top0/u_ddr_mc_phy_wrapper/u_ddr_mc_phy/ddr_phy_4lanes_0.u_ddr_phy_4lanes/ddr_byte_lane_D.ddr_byte_lane_D/phaser_out/OCLK}
oserdes_clk_3                                                                                                                                              3.077       {0.000 1.538}   P,G,A       {u_ddr3_top/u_ip_mig_ddr3/u_ip_mig_ddr3_mig/u_memc_ui_top_std/mem_intfc0/ddr_phy_top0/u_ddr_mc_phy_wrapper/u_ddr_mc_phy/ddr_phy_4lanes_1.u_ddr_phy_4lanes/ddr_byte_lane_C.ddr_byte_lane_C/phaser_out/OCLK}
oserdes_clk_4                                                                                                                                              3.077       {0.000 1.538}   P,G,A       {u_ddr3_top/u_ip_mig_ddr3/u_ip_mig_ddr3_mig/u_memc_ui_top_std/mem_intfc0/ddr_phy_top0/u_ddr_mc_phy_wrapper/u_ddr_mc_phy/ddr_phy_4lanes_1.u_ddr_phy_4lanes/ddr_byte_lane_D.ddr_byte_lane_D/phaser_out/OCLK}
oserdes_clkdiv                                                                                                                                             12.308      {0.000 6.154}   P,G,A       {u_ddr3_top/u_ip_mig_ddr3/u_ip_mig_ddr3_mig/u_memc_ui_top_std/mem_intfc0/ddr_phy_top0/u_ddr_mc_phy_wrapper/u_ddr_mc_phy/ddr_phy_4lanes_0.u_ddr_phy_4lanes/ddr_byte_lane_B.ddr_byte_lane_B/phaser_out/OCLKDIV}
oserdes_clkdiv_1                                                                                                                                           12.308      {0.000 6.154}   P,G,A       {u_ddr3_top/u_ip_mig_ddr3/u_ip_mig_ddr3_mig/u_memc_ui_top_std/mem_intfc0/ddr_phy_top0/u_ddr_mc_phy_wrapper/u_ddr_mc_phy/ddr_phy_4lanes_0.u_ddr_phy_4lanes/ddr_byte_lane_C.ddr_byte_lane_C/phaser_out/OCLKDIV}
oserdes_clkdiv_2                                                                                                                                           12.308      {0.000 6.154}   P,G,A       {u_ddr3_top/u_ip_mig_ddr3/u_ip_mig_ddr3_mig/u_memc_ui_top_std/mem_intfc0/ddr_phy_top0/u_ddr_mc_phy_wrapper/u_ddr_mc_phy/ddr_phy_4lanes_0.u_ddr_phy_4lanes/ddr_byte_lane_D.ddr_byte_lane_D/phaser_out/OCLKDIV}
oserdes_clkdiv_3                                                                                                                                           6.154       {0.000 3.077}   P,G,A       {u_ddr3_top/u_ip_mig_ddr3/u_ip_mig_ddr3_mig/u_memc_ui_top_std/mem_intfc0/ddr_phy_top0/u_ddr_mc_phy_wrapper/u_ddr_mc_phy/ddr_phy_4lanes_1.u_ddr_phy_4lanes/ddr_byte_lane_C.ddr_byte_lane_C/phaser_out/OCLKDIV}
oserdes_clkdiv_4                                                                                                                                           6.154       {0.000 3.077}   P,G,A       {u_ddr3_top/u_ip_mig_ddr3/u_ip_mig_ddr3_mig/u_memc_ui_top_std/mem_intfc0/ddr_phy_top0/u_ddr_mc_phy_wrapper/u_ddr_mc_phy/ddr_phy_4lanes_1.u_ddr_phy_4lanes/ddr_byte_lane_D.ddr_byte_lane_D/phaser_out/OCLKDIV}
pll_clk3_out                                                                                                                                               12.308      {0.000 6.154}   P,G,A       {u_ddr3_top/u_ip_mig_ddr3/u_ip_mig_ddr3_mig/u_ddr3_infrastructure/plle2_i/CLKOUT3}
pll_clkfbout                                                                                                                                               10.000      {0.000 5.000}   P,G,A       {u_ddr3_top/u_ip_mig_ddr3/u_ip_mig_ddr3_mig/u_ddr3_infrastructure/plle2_i/CLKFBOUT}
sync_pulse                                                                                                                                                 49.231      {1.346 4.423}   P,G,A       {u_ddr3_top/u_ip_mig_ddr3/u_ip_mig_ddr3_mig/u_ddr3_infrastructure/plle2_i/CLKOUT2}
u_memc_ui_top_std/mem_intfc0/ddr_phy_top0/u_ddr_mc_phy_wrapper/u_ddr_mc_phy/ddr_phy_4lanes_1.u_ddr_phy_4lanes/ddr_byte_lane_C.ddr_byte_lane_C/iserdes_clk  3.077       {0.000 1.538}   P,G,A       {u_ddr3_top/u_ip_mig_ddr3/u_ip_mig_ddr3_mig/u_memc_ui_top_std/mem_intfc0/ddr_phy_top0/u_ddr_mc_phy_wrapper/u_ddr_mc_phy/ddr_phy_4lanes_1.u_ddr_phy_4lanes/ddr_byte_lane_C.ddr_byte_lane_C/phaser_in_gen.phaser_in/ICLK}
u_memc_ui_top_std/mem_intfc0/ddr_phy_top0/u_ddr_mc_phy_wrapper/u_ddr_mc_phy/ddr_phy_4lanes_1.u_ddr_phy_4lanes/ddr_byte_lane_D.ddr_byte_lane_D/iserdes_clk  3.077       {0.000 1.538}   P,G,A       {u_ddr3_top/u_ip_mig_ddr3/u_ip_mig_ddr3_mig/u_memc_ui_top_std/mem_intfc0/ddr_phy_top0/u_ddr_mc_phy_wrapper/u_ddr_mc_phy/ddr_phy_4lanes_1.u_ddr_phy_4lanes/ddr_byte_lane_D.ddr_byte_lane_D/phaser_in_gen.phaser_in/ICLK}


====================================================
Generated Clocks
====================================================

Generated Clock     : pin_o_clk_78m
Master Source       : lib_oddr_pin_o_clk_78m/C
Master Clock        : clk_out4_ip_clk_wiz_lcos_pclk
Divide By           : 1
Generated Sources   : {pin_o_clk_78m}

Generated Clock     : clk_out1_ip_clk_wiz_ddr3_clk
Master Source       : ip_clk_wiz_ddr3_clk/inst/mmcm_adv_inst/CLKIN1
Master Clock        : pin_i_clk_100m
Multiply By         : 1
Generated Sources   : {ip_clk_wiz_ddr3_clk/inst/mmcm_adv_inst/CLKOUT0}

Generated Clock     : clk_out1_ip_clk_wiz_fmc_clk
Master Source       : u_phy_fmc/ip_clk_wiz_fmc_clk/inst/mmcm_adv_inst/CLKIN1
Master Clock        : pin_i_fmc_clk
Multiply By         : 2
Generated Sources   : {u_phy_fmc/ip_clk_wiz_fmc_clk/inst/mmcm_adv_inst/CLKOUT0}

Generated Clock     : clk_out1_ip_clk_wiz_lcos_pclk
Master Source       : ip_clk_wiz_lcos_pclk/inst/mmcm_adv_inst/CLKIN1
Master Clock        : pin_i_clk_20m
Edges               : {1 2 3}
Edge Shifts(ns)     : {0.000 -18.590 -37.179}
Generated Sources   : {ip_clk_wiz_lcos_pclk/inst/mmcm_adv_inst/CLKOUT0}

Generated Clock     : clk_out1_ip_clk_wiz_lcos_sftcck
Master Source       : ip_clk_wiz_lcos_sftcck/inst/mmcm_adv_inst/CLKIN1
Master Clock        : pin_i_clk_78m
Edges               : {1 2 3}
Edge Shifts(ns)     : {0.000 -1.349 -2.699}
Generated Sources   : {ip_clk_wiz_lcos_sftcck/inst/mmcm_adv_inst/CLKOUT0}

Generated Clock     : clk_out1_ip_clk_wiz_power_loader
Master Source       : u_sys_top_with_ddr3/ip_clk_wiz_power_loader/inst/plle2_adv_inst/CLKIN1
Master Clock        : clk_out5_ip_clk_wiz_lcos_pclk
Multiply By         : 2
Generated Sources   : {u_sys_top_with_ddr3/ip_clk_wiz_power_loader/inst/plle2_adv_inst/CLKOUT0}

Generated Clock     : clk_out2_ip_clk_wiz_ddr3_clk
Master Source       : ip_clk_wiz_ddr3_clk/inst/mmcm_adv_inst/CLKIN1
Master Clock        : pin_i_clk_100m
Multiply By         : 2
Generated Sources   : {ip_clk_wiz_ddr3_clk/inst/mmcm_adv_inst/CLKOUT1}

Generated Clock     : clk_out2_ip_clk_wiz_lcos_pclk
Master Source       : ip_clk_wiz_lcos_pclk/inst/mmcm_adv_inst/CLKIN1
Master Clock        : pin_i_clk_20m
Edges               : {1 2 3}
Edge Shifts(ns)     : {6.410 -5.769 -17.949}
Generated Sources   : {ip_clk_wiz_lcos_pclk/inst/mmcm_adv_inst/CLKOUT1}

Generated Clock     : clk_out2_ip_clk_wiz_lcos_sftcck
Master Source       : ip_clk_wiz_lcos_sftcck/inst/mmcm_adv_inst/CLKIN1
Master Clock        : pin_i_clk_78m
Edges               : {1 2 3}
Edge Shifts(ns)     : {0.000 -1.349 -2.699}
Generated Sources   : {ip_clk_wiz_lcos_sftcck/inst/mmcm_adv_inst/CLKOUT1}

Generated Clock     : clk_out3_ip_clk_wiz_lcos_pclk
Master Source       : ip_clk_wiz_lcos_pclk/inst/mmcm_adv_inst/CLKIN1
Master Clock        : pin_i_clk_20m
Edges               : {1 2 3}
Edge Shifts(ns)     : {0.000 -21.795 -43.590}
Generated Sources   : {ip_clk_wiz_lcos_pclk/inst/mmcm_adv_inst/CLKOUT2}

Generated Clock     : clk_out4_ip_clk_wiz_lcos_pclk
Master Source       : ip_clk_wiz_lcos_pclk/inst/mmcm_adv_inst/CLKIN1
Master Clock        : pin_i_clk_20m
Edges               : {1 2 3}
Edge Shifts(ns)     : {0.000 -18.590 -37.179}
Generated Sources   : {ip_clk_wiz_lcos_pclk/inst/mmcm_adv_inst/CLKOUT3}

Generated Clock     : clk_out5_ip_clk_wiz_lcos_pclk
Master Source       : ip_clk_wiz_lcos_pclk/inst/mmcm_adv_inst/CLKIN1
Master Clock        : pin_i_clk_20m
Edges               : {1 2 3}
Edge Shifts(ns)     : {0.000 -21.795 -43.590}
Generated Sources   : {ip_clk_wiz_lcos_pclk/inst/mmcm_adv_inst/CLKOUT4}

Generated Clock     : clk_pll_i
Master Source       : u_ddr3_top/u_ip_mig_ddr3/u_ip_mig_ddr3_mig/u_ddr3_infrastructure/gen_mmcm.mmcm_i/CLKIN1
Master Clock        : pll_clk3_out
Multiply By         : 1
Generated Sources   : {u_ddr3_top/u_ip_mig_ddr3/u_ip_mig_ddr3_mig/u_ddr3_infrastructure/gen_mmcm.mmcm_i/CLKFBOUT}

Generated Clock     : clkfbout_ip_clk_wiz_ddr3_clk
Master Source       : ip_clk_wiz_ddr3_clk/inst/mmcm_adv_inst/CLKIN1
Master Clock        : pin_i_clk_100m
Multiply By         : 1
Generated Sources   : {ip_clk_wiz_ddr3_clk/inst/mmcm_adv_inst/CLKFBOUT}

Generated Clock     : clkfbout_ip_clk_wiz_fmc_clk
Master Source       : u_phy_fmc/ip_clk_wiz_fmc_clk/inst/mmcm_adv_inst/CLKIN1
Master Clock        : pin_i_fmc_clk
Multiply By         : 1
Generated Sources   : {u_phy_fmc/ip_clk_wiz_fmc_clk/inst/mmcm_adv_inst/CLKFBOUT}

Generated Clock     : clkfbout_ip_clk_wiz_lcos_pclk
Master Source       : ip_clk_wiz_lcos_pclk/inst/mmcm_adv_inst/CLKIN1
Master Clock        : pin_i_clk_20m
Multiply By         : 1
Generated Sources   : {ip_clk_wiz_lcos_pclk/inst/mmcm_adv_inst/CLKFBOUT}

Generated Clock     : clkfbout_ip_clk_wiz_lcos_sftcck
Master Source       : ip_clk_wiz_lcos_sftcck/inst/mmcm_adv_inst/CLKIN1
Master Clock        : pin_i_clk_78m
Edges               : {1 2 3}
Edge Shifts(ns)     : {0.000 12.820 25.640}
Generated Sources   : {ip_clk_wiz_lcos_sftcck/inst/mmcm_adv_inst/CLKFBOUT}

Generated Clock     : clkfbout_ip_clk_wiz_power_loader
Master Source       : u_sys_top_with_ddr3/ip_clk_wiz_power_loader/inst/plle2_adv_inst/CLKIN1
Master Clock        : clk_out5_ip_clk_wiz_lcos_pclk
Multiply By         : 1
Generated Sources   : {u_sys_top_with_ddr3/ip_clk_wiz_power_loader/inst/plle2_adv_inst/CLKFBOUT}

Generated Clock     : freq_refclk
Master Source       : u_ddr3_top/u_ip_mig_ddr3/u_ip_mig_ddr3_mig/u_ddr3_infrastructure/plle2_i/CLKIN1
Master Clock        : clk_out1_ip_clk_wiz_ddr3_clk
Edges               : {1 2 3}
Edge Shifts(ns)     : {0.000 -4.231 -8.462}
Generated Sources   : {u_ddr3_top/u_ip_mig_ddr3/u_ip_mig_ddr3_mig/u_ddr3_infrastructure/plle2_i/CLKOUT0}

Generated Clock     : iserdes_clkdiv
Master Source       : u_ddr3_top/u_ip_mig_ddr3/u_ip_mig_ddr3_mig/u_memc_ui_top_std/mem_intfc0/ddr_phy_top0/u_ddr_mc_phy_wrapper/u_ddr_mc_phy/ddr_phy_4lanes_1.u_ddr_phy_4lanes/ddr_byte_lane_C.ddr_byte_lane_C/phaser_in_gen.phaser_in/ICLK
Master Clock        : u_memc_ui_top_std/mem_intfc0/ddr_phy_top0/u_ddr_mc_phy_wrapper/u_ddr_mc_phy/ddr_phy_4lanes_1.u_ddr_phy_4lanes/ddr_byte_lane_C.ddr_byte_lane_C/iserdes_clk
Divide By           : 4
Generated Sources   : {u_ddr3_top/u_ip_mig_ddr3/u_ip_mig_ddr3_mig/u_memc_ui_top_std/mem_intfc0/ddr_phy_top0/u_ddr_mc_phy_wrapper/u_ddr_mc_phy/ddr_phy_4lanes_1.u_ddr_phy_4lanes/ddr_byte_lane_C.ddr_byte_lane_C/phaser_in_gen.phaser_in/ICLKDIV}

Generated Clock     : iserdes_clkdiv_1
Master Source       : u_ddr3_top/u_ip_mig_ddr3/u_ip_mig_ddr3_mig/u_memc_ui_top_std/mem_intfc0/ddr_phy_top0/u_ddr_mc_phy_wrapper/u_ddr_mc_phy/ddr_phy_4lanes_1.u_ddr_phy_4lanes/ddr_byte_lane_D.ddr_byte_lane_D/phaser_in_gen.phaser_in/ICLK
Master Clock        : u_memc_ui_top_std/mem_intfc0/ddr_phy_top0/u_ddr_mc_phy_wrapper/u_ddr_mc_phy/ddr_phy_4lanes_1.u_ddr_phy_4lanes/ddr_byte_lane_D.ddr_byte_lane_D/iserdes_clk
Divide By           : 4
Generated Sources   : {u_ddr3_top/u_ip_mig_ddr3/u_ip_mig_ddr3_mig/u_memc_ui_top_std/mem_intfc0/ddr_phy_top0/u_ddr_mc_phy_wrapper/u_ddr_mc_phy/ddr_phy_4lanes_1.u_ddr_phy_4lanes/ddr_byte_lane_D.ddr_byte_lane_D/phaser_in_gen.phaser_in/ICLKDIV}

Generated Clock     : mem_refclk
Master Source       : u_ddr3_top/u_ip_mig_ddr3/u_ip_mig_ddr3_mig/u_ddr3_infrastructure/plle2_i/CLKIN1
Master Clock        : clk_out1_ip_clk_wiz_ddr3_clk
Edges               : {1 2 3}
Edge Shifts(ns)     : {0.000 -3.462 -6.923}
Generated Sources   : {u_ddr3_top/u_ip_mig_ddr3/u_ip_mig_ddr3_mig/u_ddr3_infrastructure/plle2_i/CLKOUT1}

Generated Clock     : oserdes_clk
Master Source       : u_ddr3_top/u_ip_mig_ddr3/u_ip_mig_ddr3_mig/u_memc_ui_top_std/mem_intfc0/ddr_phy_top0/u_ddr_mc_phy_wrapper/u_ddr_mc_phy/ddr_phy_4lanes_0.u_ddr_phy_4lanes/ddr_byte_lane_B.ddr_byte_lane_B/phaser_out/MEMREFCLK
Master Clock        : mem_refclk
Divide By           : 1
Generated Sources   : {u_ddr3_top/u_ip_mig_ddr3/u_ip_mig_ddr3_mig/u_memc_ui_top_std/mem_intfc0/ddr_phy_top0/u_ddr_mc_phy_wrapper/u_ddr_mc_phy/ddr_phy_4lanes_0.u_ddr_phy_4lanes/ddr_byte_lane_B.ddr_byte_lane_B/phaser_out/OCLK}

Generated Clock     : oserdes_clk_1
Master Source       : u_ddr3_top/u_ip_mig_ddr3/u_ip_mig_ddr3_mig/u_memc_ui_top_std/mem_intfc0/ddr_phy_top0/u_ddr_mc_phy_wrapper/u_ddr_mc_phy/ddr_phy_4lanes_0.u_ddr_phy_4lanes/ddr_byte_lane_C.ddr_byte_lane_C/phaser_out/MEMREFCLK
Master Clock        : mem_refclk
Divide By           : 1
Generated Sources   : {u_ddr3_top/u_ip_mig_ddr3/u_ip_mig_ddr3_mig/u_memc_ui_top_std/mem_intfc0/ddr_phy_top0/u_ddr_mc_phy_wrapper/u_ddr_mc_phy/ddr_phy_4lanes_0.u_ddr_phy_4lanes/ddr_byte_lane_C.ddr_byte_lane_C/phaser_out/OCLK}

Generated Clock     : oserdes_clk_2
Master Source       : u_ddr3_top/u_ip_mig_ddr3/u_ip_mig_ddr3_mig/u_memc_ui_top_std/mem_intfc0/ddr_phy_top0/u_ddr_mc_phy_wrapper/u_ddr_mc_phy/ddr_phy_4lanes_0.u_ddr_phy_4lanes/ddr_byte_lane_D.ddr_byte_lane_D/phaser_out/MEMREFCLK
Master Clock        : mem_refclk
Divide By           : 1
Generated Sources   : {u_ddr3_top/u_ip_mig_ddr3/u_ip_mig_ddr3_mig/u_memc_ui_top_std/mem_intfc0/ddr_phy_top0/u_ddr_mc_phy_wrapper/u_ddr_mc_phy/ddr_phy_4lanes_0.u_ddr_phy_4lanes/ddr_byte_lane_D.ddr_byte_lane_D/phaser_out/OCLK}

Generated Clock     : oserdes_clk_3
Master Source       : u_ddr3_top/u_ip_mig_ddr3/u_ip_mig_ddr3_mig/u_memc_ui_top_std/mem_intfc0/ddr_phy_top0/u_ddr_mc_phy_wrapper/u_ddr_mc_phy/ddr_phy_4lanes_1.u_ddr_phy_4lanes/ddr_byte_lane_C.ddr_byte_lane_C/phaser_out/MEMREFCLK
Master Clock        : mem_refclk
Divide By           : 1
Generated Sources   : {u_ddr3_top/u_ip_mig_ddr3/u_ip_mig_ddr3_mig/u_memc_ui_top_std/mem_intfc0/ddr_phy_top0/u_ddr_mc_phy_wrapper/u_ddr_mc_phy/ddr_phy_4lanes_1.u_ddr_phy_4lanes/ddr_byte_lane_C.ddr_byte_lane_C/phaser_out/OCLK}

Generated Clock     : oserdes_clk_4
Master Source       : u_ddr3_top/u_ip_mig_ddr3/u_ip_mig_ddr3_mig/u_memc_ui_top_std/mem_intfc0/ddr_phy_top0/u_ddr_mc_phy_wrapper/u_ddr_mc_phy/ddr_phy_4lanes_1.u_ddr_phy_4lanes/ddr_byte_lane_D.ddr_byte_lane_D/phaser_out/MEMREFCLK
Master Clock        : mem_refclk
Divide By           : 1
Generated Sources   : {u_ddr3_top/u_ip_mig_ddr3/u_ip_mig_ddr3_mig/u_memc_ui_top_std/mem_intfc0/ddr_phy_top0/u_ddr_mc_phy_wrapper/u_ddr_mc_phy/ddr_phy_4lanes_1.u_ddr_phy_4lanes/ddr_byte_lane_D.ddr_byte_lane_D/phaser_out/OCLK}

Generated Clock     : oserdes_clkdiv
Master Source       : u_ddr3_top/u_ip_mig_ddr3/u_ip_mig_ddr3_mig/u_memc_ui_top_std/mem_intfc0/ddr_phy_top0/u_ddr_mc_phy_wrapper/u_ddr_mc_phy/ddr_phy_4lanes_0.u_ddr_phy_4lanes/ddr_byte_lane_B.ddr_byte_lane_B/phaser_out/OCLK
Master Clock        : oserdes_clk
Divide By           : 4
Generated Sources   : {u_ddr3_top/u_ip_mig_ddr3/u_ip_mig_ddr3_mig/u_memc_ui_top_std/mem_intfc0/ddr_phy_top0/u_ddr_mc_phy_wrapper/u_ddr_mc_phy/ddr_phy_4lanes_0.u_ddr_phy_4lanes/ddr_byte_lane_B.ddr_byte_lane_B/phaser_out/OCLKDIV}

Generated Clock     : oserdes_clkdiv_1
Master Source       : u_ddr3_top/u_ip_mig_ddr3/u_ip_mig_ddr3_mig/u_memc_ui_top_std/mem_intfc0/ddr_phy_top0/u_ddr_mc_phy_wrapper/u_ddr_mc_phy/ddr_phy_4lanes_0.u_ddr_phy_4lanes/ddr_byte_lane_C.ddr_byte_lane_C/phaser_out/OCLK
Master Clock        : oserdes_clk_1
Divide By           : 4
Generated Sources   : {u_ddr3_top/u_ip_mig_ddr3/u_ip_mig_ddr3_mig/u_memc_ui_top_std/mem_intfc0/ddr_phy_top0/u_ddr_mc_phy_wrapper/u_ddr_mc_phy/ddr_phy_4lanes_0.u_ddr_phy_4lanes/ddr_byte_lane_C.ddr_byte_lane_C/phaser_out/OCLKDIV}

Generated Clock     : oserdes_clkdiv_2
Master Source       : u_ddr3_top/u_ip_mig_ddr3/u_ip_mig_ddr3_mig/u_memc_ui_top_std/mem_intfc0/ddr_phy_top0/u_ddr_mc_phy_wrapper/u_ddr_mc_phy/ddr_phy_4lanes_0.u_ddr_phy_4lanes/ddr_byte_lane_D.ddr_byte_lane_D/phaser_out/OCLK
Master Clock        : oserdes_clk_2
Divide By           : 4
Generated Sources   : {u_ddr3_top/u_ip_mig_ddr3/u_ip_mig_ddr3_mig/u_memc_ui_top_std/mem_intfc0/ddr_phy_top0/u_ddr_mc_phy_wrapper/u_ddr_mc_phy/ddr_phy_4lanes_0.u_ddr_phy_4lanes/ddr_byte_lane_D.ddr_byte_lane_D/phaser_out/OCLKDIV}

Generated Clock     : oserdes_clkdiv_3
Master Source       : u_ddr3_top/u_ip_mig_ddr3/u_ip_mig_ddr3_mig/u_memc_ui_top_std/mem_intfc0/ddr_phy_top0/u_ddr_mc_phy_wrapper/u_ddr_mc_phy/ddr_phy_4lanes_1.u_ddr_phy_4lanes/ddr_byte_lane_C.ddr_byte_lane_C/phaser_out/OCLK
Master Clock        : oserdes_clk_3
Divide By           : 2
Generated Sources   : {u_ddr3_top/u_ip_mig_ddr3/u_ip_mig_ddr3_mig/u_memc_ui_top_std/mem_intfc0/ddr_phy_top0/u_ddr_mc_phy_wrapper/u_ddr_mc_phy/ddr_phy_4lanes_1.u_ddr_phy_4lanes/ddr_byte_lane_C.ddr_byte_lane_C/phaser_out/OCLKDIV}

Generated Clock     : oserdes_clkdiv_4
Master Source       : u_ddr3_top/u_ip_mig_ddr3/u_ip_mig_ddr3_mig/u_memc_ui_top_std/mem_intfc0/ddr_phy_top0/u_ddr_mc_phy_wrapper/u_ddr_mc_phy/ddr_phy_4lanes_1.u_ddr_phy_4lanes/ddr_byte_lane_D.ddr_byte_lane_D/phaser_out/OCLK
Master Clock        : oserdes_clk_4
Divide By           : 2
Generated Sources   : {u_ddr3_top/u_ip_mig_ddr3/u_ip_mig_ddr3_mig/u_memc_ui_top_std/mem_intfc0/ddr_phy_top0/u_ddr_mc_phy_wrapper/u_ddr_mc_phy/ddr_phy_4lanes_1.u_ddr_phy_4lanes/ddr_byte_lane_D.ddr_byte_lane_D/phaser_out/OCLKDIV}

Generated Clock     : pll_clk3_out
Master Source       : u_ddr3_top/u_ip_mig_ddr3/u_ip_mig_ddr3_mig/u_ddr3_infrastructure/plle2_i/CLKIN1
Master Clock        : clk_out1_ip_clk_wiz_ddr3_clk
Edges               : {1 2 3}
Edge Shifts(ns)     : {0.000 1.154 2.308}
Generated Sources   : {u_ddr3_top/u_ip_mig_ddr3/u_ip_mig_ddr3_mig/u_ddr3_infrastructure/plle2_i/CLKOUT3}

Generated Clock     : pll_clkfbout
Master Source       : u_ddr3_top/u_ip_mig_ddr3/u_ip_mig_ddr3_mig/u_ddr3_infrastructure/plle2_i/CLKIN1
Master Clock        : clk_out1_ip_clk_wiz_ddr3_clk
Multiply By         : 1
Generated Sources   : {u_ddr3_top/u_ip_mig_ddr3/u_ip_mig_ddr3_mig/u_ddr3_infrastructure/plle2_i/CLKFBOUT}

Generated Clock     : sync_pulse
Master Source       : u_ddr3_top/u_ip_mig_ddr3/u_ip_mig_ddr3_mig/u_ddr3_infrastructure/plle2_i/CLKIN1
Master Clock        : clk_out1_ip_clk_wiz_ddr3_clk
Edges               : {1 2 3}
Edge Shifts(ns)     : {1.346 -0.577 40.577}
Generated Sources   : {u_ddr3_top/u_ip_mig_ddr3/u_ip_mig_ddr3_mig/u_ddr3_infrastructure/plle2_i/CLKOUT2}

Generated Clock     : u_memc_ui_top_std/mem_intfc0/ddr_phy_top0/u_ddr_mc_phy_wrapper/u_ddr_mc_phy/ddr_phy_4lanes_1.u_ddr_phy_4lanes/ddr_byte_lane_C.ddr_byte_lane_C/iserdes_clk
Master Source       : u_ddr3_top/u_ip_mig_ddr3/u_ip_mig_ddr3_mig/u_memc_ui_top_std/mem_intfc0/ddr_phy_top0/u_ddr_mc_phy_wrapper/u_ddr_mc_phy/ddr_phy_4lanes_1.u_ddr_phy_4lanes/ddr_byte_lane_C.ddr_byte_lane_C/phaser_in_gen.phaser_in/FREQREFCLK
Master Clock        : freq_refclk
Divide By           : 2
Generated Sources   : {u_ddr3_top/u_ip_mig_ddr3/u_ip_mig_ddr3_mig/u_memc_ui_top_std/mem_intfc0/ddr_phy_top0/u_ddr_mc_phy_wrapper/u_ddr_mc_phy/ddr_phy_4lanes_1.u_ddr_phy_4lanes/ddr_byte_lane_C.ddr_byte_lane_C/phaser_in_gen.phaser_in/ICLK}

Generated Clock     : u_memc_ui_top_std/mem_intfc0/ddr_phy_top0/u_ddr_mc_phy_wrapper/u_ddr_mc_phy/ddr_phy_4lanes_1.u_ddr_phy_4lanes/ddr_byte_lane_D.ddr_byte_lane_D/iserdes_clk
Master Source       : u_ddr3_top/u_ip_mig_ddr3/u_ip_mig_ddr3_mig/u_memc_ui_top_std/mem_intfc0/ddr_phy_top0/u_ddr_mc_phy_wrapper/u_ddr_mc_phy/ddr_phy_4lanes_1.u_ddr_phy_4lanes/ddr_byte_lane_D.ddr_byte_lane_D/phaser_in_gen.phaser_in/FREQREFCLK
Master Clock        : freq_refclk
Divide By           : 2
Generated Sources   : {u_ddr3_top/u_ip_mig_ddr3/u_ip_mig_ddr3_mig/u_memc_ui_top_std/mem_intfc0/ddr_phy_top0/u_ddr_mc_phy_wrapper/u_ddr_mc_phy/ddr_phy_4lanes_1.u_ddr_phy_4lanes/ddr_byte_lane_D.ddr_byte_lane_D/phaser_in_gen.phaser_in/ICLK}



====================================================
User Uncertainty
====================================================



====================================================
User Jitter
====================================================

Clock           Jitter(ns)
pin_i_clk_100m  0.100
pin_i_clk_20m   0.500
pin_i_clk_78m   0.128
pin_i_fmc_clk   0.231

