Copyright 1986-2019 Xilinx, Inc. All Rights Reserved.
------------------------------------------------------------------------------------
| Tool Version : Vivado v.2019.2 (lin64) Build 2708876 Wed Nov  6 21:39:14 MST 2019
| Date         : Thu Feb 26 11:46:17 2026
| Host         : lc-kjlee-pc running 64-bit Ubuntu 24.04.3 LTS
| Command      : report_ip_status
------------------------------------------------------------------------------------

IP Status Summary

1. Project IP Status
--------------------
Your project uses 52 IP. Some of these IP may have undergone changes in this release of the software. Please review the recommended actions.

More information on the Xilinx versioning policy is available at www.xilinx.com.

Project IP Instances
+------------------------------------+------------+---------------------+-----------+--------------------+---------+----------------+------------+----------------------+
| Instance Name                      | Status     | Recommendation      | Change    | IP Name            | IP      | New Version    | New        | Original Part        |
|                                    |            |                     | Log       |                    | Version |                | License    |                      |
+------------------------------------+------------+---------------------+-----------+--------------------+---------+----------------+------------+----------------------+
| ip_blk_indep_sdpram_10x1920_20x960 | Up-to-date | No changes required |  *(1)     | Block Memory       | 8.4     | 8.4 (Rev. 4)   | Included   | xc7a100tfgg676-2     |
|                                    |            |                     |           | Generator          | (Rev.   |                |            |                      |
|                                    |            |                     |           |                    | 4)      |                |            |                      |
+------------------------------------+------------+---------------------+-----------+--------------------+---------+----------------+------------+----------------------+
| ip_blk_indep_sdpram_10x8192        | Up-to-date | No changes required |  *(2)     | Block Memory       | 8.4     | 8.4 (Rev. 4)   | Included   | xc7a100tfgg676-2     |
|                                    |            |                     |           | Generator          | (Rev.   |                |            |                      |
|                                    |            |                     |           |                    | 4)      |                |            |                      |
+------------------------------------+------------+---------------------+-----------+--------------------+---------+----------------+------------+----------------------+
| ip_blk_indep_sdpram_120x160        | Up-to-date | No changes required |  *(3)     | Block Memory       | 8.4     | 8.4 (Rev. 4)   | Included   | xc7a100tfgg676-2     |
|                                    |            |                     |           | Generator          | (Rev.   |                |            |                      |
|                                    |            |                     |           |                    | 4)      |                |            |                      |
+------------------------------------+------------+---------------------+-----------+--------------------+---------+----------------+------------+----------------------+
| ip_blk_indep_sdpram_32x128         | Up-to-date | No changes required |  *(4)     | Block Memory       | 8.4     | 8.4 (Rev. 4)   | Included   | xc7a100tfgg676-2     |
|                                    |            |                     |           | Generator          | (Rev.   |                |            |                      |
|                                    |            |                     |           |                    | 4)      |                |            |                      |
+------------------------------------+------------+---------------------+-----------+--------------------+---------+----------------+------------+----------------------+
| ip_blk_indep_sdpram_8x4096         | Up-to-date | No changes required |  *(5)     | Block Memory       | 8.4     | 8.4 (Rev. 4)   | Included   | xc7a100tfgg676-2     |
|                                    |            |                     |           | Generator          | (Rev.   |                |            |                      |
|                                    |            |                     |           |                    | 4)      |                |            |                      |
+------------------------------------+------------+---------------------+-----------+--------------------+---------+----------------+------------+----------------------+
| ip_blk_sprom_sine_12x1024          | Up-to-date | No changes required |  *(6)     | Block Memory       | 8.4     | 8.4 (Rev. 4)   | Included   | xc7a100tfgg676-2     |
|                                    |            |                     |           | Generator          | (Rev.   |                |            |                      |
|                                    |            |                     |           |                    | 4)      |                |            |                      |
+------------------------------------+------------+---------------------+-----------+--------------------+---------+----------------+------------+----------------------+
| ip_blk_sprom_sine_8x1024           | Up-to-date | No changes required |  *(7)     | Block Memory       | 8.4     | 8.4 (Rev. 4)   | Included   | xc7a100tfgg676-2     |
|                                    |            |                     |           | Generator          | (Rev.   |                |            |                      |
|                                    |            |                     |           |                    | 4)      |                |            |                      |
+------------------------------------+------------+---------------------+-----------+--------------------+---------+----------------+------------+----------------------+
| ip_blk_tdpram_10x1920              | Up-to-date | No changes required |  *(8)     | Block Memory       | 8.4     | 8.4 (Rev. 4)   | Included   | xc7a100tfgg676-2     |
|                                    |            |                     |           | Generator          | (Rev.   |                |            |                      |
|                                    |            |                     |           |                    | 4)      |                |            |                      |
+------------------------------------+------------+---------------------+-----------+--------------------+---------+----------------+------------+----------------------+
| ip_blk_tdpram_10x2048              | Up-to-date | No changes required |  *(9)     | Block Memory       | 8.4     | 8.4 (Rev. 4)   | Included   | xc7a100tfgg676-2     |
|                                    |            |                     |           | Generator          | (Rev.   |                |            |                      |
|                                    |            |                     |           |                    | 4)      |                |            |                      |
+------------------------------------+------------+---------------------+-----------+--------------------+---------+----------------+------------+----------------------+
| ip_blk_tdpram_12x1920              | Up-to-date | No changes required |  *(10)    | Block Memory       | 8.4     | 8.4 (Rev. 4)   | Included   | xc7a100tfgg676-2     |
|                                    |            |                     |           | Generator          | (Rev.   |                |            |                      |
|                                    |            |                     |           |                    | 4)      |                |            |                      |
+------------------------------------+------------+---------------------+-----------+--------------------+---------+----------------+------------+----------------------+
| ip_blk_tdpram_14x1920              | Up-to-date | No changes required |  *(11)    | Block Memory       | 8.4     | 8.4 (Rev. 4)   | Included   | xc7a100tfgg676-2     |
|                                    |            |                     |           | Generator          | (Rev.   |                |            |                      |
|                                    |            |                     |           |                    | 4)      |                |            |                      |
+------------------------------------+------------+---------------------+-----------+--------------------+---------+----------------+------------+----------------------+
| ip_blk_tdpram_14x2048              | Up-to-date | No changes required |  *(12)    | Block Memory       | 8.4     | 8.4 (Rev. 4)   | Included   | xc7a100tfgg676-2     |
|                                    |            |                     |           | Generator          | (Rev.   |                |            |                      |
|                                    |            |                     |           |                    | 4)      |                |            |                      |
+------------------------------------+------------+---------------------+-----------+--------------------+---------+----------------+------------+----------------------+
| ip_blk_tdpram_15x16                | Up-to-date | No changes required |  *(13)    | Block Memory       | 8.4     | 8.4 (Rev. 4)   | Included   | xc7a100tfgg676-2     |
|                                    |            |                     |           | Generator          | (Rev.   |                |            |                      |
|                                    |            |                     |           |                    | 4)      |                |            |                      |
+------------------------------------+------------+---------------------+-----------+--------------------+---------+----------------+------------+----------------------+
| ip_blk_tdpram_15x1920              | Up-to-date | No changes required |  *(14)    | Block Memory       | 8.4     | 8.4 (Rev. 4)   | Included   | xc7a100tfgg676-2     |
|                                    |            |                     |           | Generator          | (Rev.   |                |            |                      |
|                                    |            |                     |           |                    | 4)      |                |            |                      |
+------------------------------------+------------+---------------------+-----------+--------------------+---------+----------------+------------+----------------------+
| ip_blk_tdpram_15x256               | Up-to-date | No changes required |  *(15)    | Block Memory       | 8.4     | 8.4 (Rev. 4)   | Included   | xc7a100tfgg676-2     |
|                                    |            |                     |           | Generator          | (Rev.   |                |            |                      |
|                                    |            |                     |           |                    | 4)      |                |            |                      |
+------------------------------------+------------+---------------------+-----------+--------------------+---------+----------------+------------+----------------------+
| ip_blk_tdpram_15x512               | Up-to-date | No changes required |  *(16)    | Block Memory       | 8.4     | 8.4 (Rev. 4)   | Included   | xc7a100tfgg676-2     |
|                                    |            |                     |           | Generator          | (Rev.   |                |            |                      |
|                                    |            |                     |           |                    | 4)      |                |            |                      |
+------------------------------------+------------+---------------------+-----------+--------------------+---------+----------------+------------+----------------------+
| ip_blk_tdpram_16x1920              | Up-to-date | No changes required |  *(17)    | Block Memory       | 8.4     | 8.4 (Rev. 4)   | Included   | xc7a100tfgg676-2     |
|                                    |            |                     |           | Generator          | (Rev.   |                |            |                      |
|                                    |            |                     |           |                    | 4)      |                |            |                      |
+------------------------------------+------------+---------------------+-----------+--------------------+---------+----------------+------------+----------------------+
| ip_blk_tdpram_16x256               | Up-to-date | No changes required |  *(18)    | Block Memory       | 8.4     | 8.4 (Rev. 4)   | Included   | xc7a100tfgg676-2     |
|                                    |            |                     |           | Generator          | (Rev.   |                |            |                      |
|                                    |            |                     |           |                    | 4)      |                |            |                      |
+------------------------------------+------------+---------------------+-----------+--------------------+---------+----------------+------------+----------------------+
| ip_blk_tdpram_16x512               | Up-to-date | No changes required |  *(19)    | Block Memory       | 8.4     | 8.4 (Rev. 4)   | Included   | xc7a100tfgg676-2     |
|                                    |            |                     |           | Generator          | (Rev.   |                |            |                      |
|                                    |            |                     |           |                    | 4)      |                |            |                      |
+------------------------------------+------------+---------------------+-----------+--------------------+---------+----------------+------------+----------------------+
| ip_blk_tdpram_2x1920               | Up-to-date | No changes required |  *(20)    | Block Memory       | 8.4     | 8.4 (Rev. 4)   | Included   | xc7a100tfgg676-2     |
|                                    |            |                     |           | Generator          | (Rev.   |                |            |                      |
|                                    |            |                     |           |                    | 4)      |                |            |                      |
+------------------------------------+------------+---------------------+-----------+--------------------+---------+----------------+------------+----------------------+
| ip_blk_tdpram_32x1024              | Up-to-date | No changes required |  *(21)    | Block Memory       | 8.4     | 8.4 (Rev. 4)   | Included   | xc7a100tfgg676-2     |
|                                    |            |                     |           | Generator          | (Rev.   |                |            |                      |
|                                    |            |                     |           |                    | 4)      |                |            |                      |
+------------------------------------+------------+---------------------+-----------+--------------------+---------+----------------+------------+----------------------+
| ip_blk_tdpram_32x512               | Up-to-date | No changes required |  *(22)    | Block Memory       | 8.4     | 8.4 (Rev. 4)   | Included   | xc7a100tfgg676-2     |
|                                    |            |                     |           | Generator          | (Rev.   |                |            |                      |
|                                    |            |                     |           |                    | 4)      |                |            |                      |
+------------------------------------+------------+---------------------+-----------+--------------------+---------+----------------+------------+----------------------+
| ip_blk_tdpram_4x512                | Up-to-date | No changes required |  *(23)    | Block Memory       | 8.4     | 8.4 (Rev. 4)   | Included   | xc7a100tfgg676-2     |
|                                    |            |                     |           | Generator          | (Rev.   |                |            |                      |
|                                    |            |                     |           |                    | 4)      |                |            |                      |
+------------------------------------+------------+---------------------+-----------+--------------------+---------+----------------+------------+----------------------+
| ip_blk_tdpram_5x1920               | Up-to-date | No changes required |  *(24)    | Block Memory       | 8.4     | 8.4 (Rev. 4)   | Included   | xc7a100tfgg676-2     |
|                                    |            |                     |           | Generator          | (Rev.   |                |            |                      |
|                                    |            |                     |           |                    | 4)      |                |            |                      |
+------------------------------------+------------+---------------------+-----------+--------------------+---------+----------------+------------+----------------------+
| ip_blk_tdpram_6x1920               | Up-to-date | No changes required |  *(25)    | Block Memory       | 8.4     | 8.4 (Rev. 4)   | Included   | xc7a100tfgg676-2     |
|                                    |            |                     |           | Generator          | (Rev.   |                |            |                      |
|                                    |            |                     |           |                    | 4)      |                |            |                      |
+------------------------------------+------------+---------------------+-----------+--------------------+---------+----------------+------------+----------------------+
| ip_blk_tdpram_7x1920               | Up-to-date | No changes required |  *(26)    | Block Memory       | 8.4     | 8.4 (Rev. 4)   | Included   | xc7a100tfgg676-2     |
|                                    |            |                     |           | Generator          | (Rev.   |                |            |                      |
|                                    |            |                     |           |                    | 4)      |                |            |                      |
+------------------------------------+------------+---------------------+-----------+--------------------+---------+----------------+------------+----------------------+
| ip_blk_tdpram_8x1200               | Up-to-date | No changes required |  *(27)    | Block Memory       | 8.4     | 8.4 (Rev. 4)   | Included   | xc7a100tfgg676-2     |
|                                    |            |                     |           | Generator          | (Rev.   |                |            |                      |
|                                    |            |                     |           |                    | 4)      |                |            |                      |
+------------------------------------+------------+---------------------+-----------+--------------------+---------+----------------+------------+----------------------+
| ip_blk_tdpram_8x128                | Up-to-date | No changes required |  *(28)    | Block Memory       | 8.4     | 8.4 (Rev. 4)   | Included   | xc7a100tfgg676-2     |
|                                    |            |                     |           | Generator          | (Rev.   |                |            |                      |
|                                    |            |                     |           |                    | 4)      |                |            |                      |
+------------------------------------+------------+---------------------+-----------+--------------------+---------+----------------+------------+----------------------+
| ip_blk_tdpram_8x16384              | Up-to-date | No changes required |  *(29)    | Block Memory       | 8.4     | 8.4 (Rev. 4)   | Included   | xc7a100tfgg676-2     |
|                                    |            |                     |           | Generator          | (Rev.   |                |            |                      |
|                                    |            |                     |           |                    | 4)      |                |            |                      |
+------------------------------------+------------+---------------------+-----------+--------------------+---------+----------------+------------+----------------------+
| ip_blk_tdpram_8x1920               | Up-to-date | No changes required |  *(30)    | Block Memory       | 8.4     | 8.4 (Rev. 4)   | Included   | xc7a100tfgg676-2     |
|                                    |            |                     |           | Generator          | (Rev.   |                |            |                      |
|                                    |            |                     |           |                    | 4)      |                |            |                      |
+------------------------------------+------------+---------------------+-----------+--------------------+---------+----------------+------------+----------------------+
| ip_blk_tdpram_8x256                | Up-to-date | No changes required |  *(31)    | Block Memory       | 8.4     | 8.4 (Rev. 4)   | Included   | xc7a100tfgg676-2     |
|                                    |            |                     |           | Generator          | (Rev.   |                |            |                      |
|                                    |            |                     |           |                    | 4)      |                |            |                      |
+------------------------------------+------------+---------------------+-----------+--------------------+---------+----------------+------------+----------------------+
| ip_blk_tdpram_8x32                 | Up-to-date | No changes required |  *(32)    | Block Memory       | 8.4     | 8.4 (Rev. 4)   | Included   | xc7a100tfgg676-2     |
|                                    |            |                     |           | Generator          | (Rev.   |                |            |                      |
|                                    |            |                     |           |                    | 4)      |                |            |                      |
+------------------------------------+------------+---------------------+-----------+--------------------+---------+----------------+------------+----------------------+
| ip_blk_tdpram_9x1920               | Up-to-date | No changes required |  *(33)    | Block Memory       | 8.4     | 8.4 (Rev. 4)   | Included   | xc7a100tfgg676-2     |
|                                    |            |                     |           | Generator          | (Rev.   |                |            |                      |
|                                    |            |                     |           |                    | 4)      |                |            |                      |
+------------------------------------+------------+---------------------+-----------+--------------------+---------+----------------+------------+----------------------+
| ip_clk_wiz_ddr3_clk                | Up-to-date | No changes required |  *(34)    | Clocking Wizard    | 6.0     | 6.0 (Rev. 4)   | Included   | xc7a100tfgg676-2     |
|                                    |            |                     |           |                    | (Rev.   |                |            |                      |
|                                    |            |                     |           |                    | 4)      |                |            |                      |
+------------------------------------+------------+---------------------+-----------+--------------------+---------+----------------+------------+----------------------+
| ip_clk_wiz_fmc_clk                 | Up-to-date | No changes required |  *(35)    | Clocking Wizard    | 6.0     | 6.0 (Rev. 4)   | Included   | xc7a100tfgg676-2     |
|                                    |            |                     |           |                    | (Rev.   |                |            |                      |
|                                    |            |                     |           |                    | 4)      |                |            |                      |
+------------------------------------+------------+---------------------+-----------+--------------------+---------+----------------+------------+----------------------+
| ip_clk_wiz_lcos_pclk               | Up-to-date | No changes required |  *(36)    | Clocking Wizard    | 6.0     | 6.0 (Rev. 4)   | Included   | xc7a100tfgg676-2     |
|                                    |            |                     |           |                    | (Rev.   |                |            |                      |
|                                    |            |                     |           |                    | 4)      |                |            |                      |
+------------------------------------+------------+---------------------+-----------+--------------------+---------+----------------+------------+----------------------+
| ip_clk_wiz_lcos_sftcck             | Up-to-date | No changes required |  *(37)    | Clocking Wizard    | 6.0     | 6.0 (Rev. 4)   | Included   | xc7a100tfgg676-2     |
|                                    |            |                     |           |                    | (Rev.   |                |            |                      |
|                                    |            |                     |           |                    | 4)      |                |            |                      |
+------------------------------------+------------+---------------------+-----------+--------------------+---------+----------------+------------+----------------------+
| ip_clk_wiz_power_loader            | Up-to-date | No changes required |  *(38)    | Clocking Wizard    | 6.0     | 6.0 (Rev. 4)   | Included   | xc7a100tfgg676-2     |
|                                    |            |                     |           |                    | (Rev.   |                |            |                      |
|                                    |            |                     |           |                    | 4)      |                |            |                      |
+------------------------------------+------------+---------------------+-----------+--------------------+---------+----------------+------------+----------------------+
| ip_fifo_fwft_49x16                 | Up-to-date | No changes required |  *(39)    | FIFO Generator     | 13.2    | 13.2 (Rev. 5)  | Included   | xc7a100tfgg676-2     |
|                                    |            |                     |           |                    | (Rev.   |                |            |                      |
|                                    |            |                     |           |                    | 5)      |                |            |                      |
+------------------------------------+------------+---------------------+-----------+--------------------+---------+----------------+------------+----------------------+
| ip_fifo_indep_48x16                | Up-to-date | No changes required |  *(40)    | FIFO Generator     | 13.2    | 13.2 (Rev. 5)  | Included   | xc7a100tfgg676-2     |
|                                    |            |                     |           |                    | (Rev.   |                |            |                      |
|                                    |            |                     |           |                    | 5)      |                |            |                      |
+------------------------------------+------------+---------------------+-----------+--------------------+---------+----------------+------------+----------------------+
| ip_math_add_s08_s08_l2             | Up-to-date | No changes required |  *(41)    | Adder/Subtracter   | 12.0    | 12.0 (Rev. 14) | Included   | xc7a100tfgg676-2     |
|                                    |            |                     |           |                    | (Rev.   |                |            |                      |
|                                    |            |                     |           |                    | 14)     |                |            |                      |
+------------------------------------+------------+---------------------+-----------+--------------------+---------+----------------+------------+----------------------+
| ip_math_add_s16_s16_l2             | Up-to-date | No changes required |  *(42)    | Adder/Subtracter   | 12.0    | 12.0 (Rev. 14) | Included   | xc7a100tfgg676-2     |
|                                    |            |                     |           |                    | (Rev.   |                |            |                      |
|                                    |            |                     |           |                    | 14)     |                |            |                      |
+------------------------------------+------------+---------------------+-----------+--------------------+---------+----------------+------------+----------------------+
| ip_math_add_s32_s16_l2             | Up-to-date | No changes required |  *(43)    | Adder/Subtracter   | 12.0    | 12.0 (Rev. 14) | Included   | xc7a100tfgg676-2     |
|                                    |            |                     |           |                    | (Rev.   |                |            |                      |
|                                    |            |                     |           |                    | 14)     |                |            |                      |
+------------------------------------+------------+---------------------+-----------+--------------------+---------+----------------+------------+----------------------+
| ip_math_add_s32_s32_l2             | Up-to-date | No changes required |  *(44)    | Adder/Subtracter   | 12.0    | 12.0 (Rev. 14) | Included   | xc7a100tfgg676-2     |
|                                    |            |                     |           |                    | (Rev.   |                |            |                      |
|                                    |            |                     |           |                    | 14)     |                |            |                      |
+------------------------------------+------------+---------------------+-----------+--------------------+---------+----------------+------------+----------------------+
| ip_math_add_u16_u16_l2             | Up-to-date | No changes required |  *(45)    | Adder/Subtracter   | 12.0    | 12.0 (Rev. 14) | Included   | xc7a100tfgg676-2     |
|                                    |            |                     |           |                    | (Rev.   |                |            |                      |
|                                    |            |                     |           |                    | 14)     |                |            |                      |
+------------------------------------+------------+---------------------+-----------+--------------------+---------+----------------+------------+----------------------+
| ip_math_div_s16_s16_l21            | Up-to-date | No changes required |  *(46)    | Divider Generator  | 5.1     | 5.1 (Rev. 16)  | Included   | xc7a100tfgg676-2     |
|                                    |            |                     |           |                    | (Rev.   |                |            |                      |
|                                    |            |                     |           |                    | 16)     |                |            |                      |
+------------------------------------+------------+---------------------+-----------+--------------------+---------+----------------+------------+----------------------+
| ip_math_div_u16_u16_l19            | Up-to-date | No changes required |  *(47)    | Divider Generator  | 5.1     | 5.1 (Rev. 16)  | Included   | xc7a100tfgg676-2     |
|                                    |            |                     |           |                    | (Rev.   |                |            |                      |
|                                    |            |                     |           |                    | 16)     |                |            |                      |
+------------------------------------+------------+---------------------+-----------+--------------------+---------+----------------+------------+----------------------+
| ip_math_multi_s16_s16_l3           | Up-to-date | No changes required |  *(48)    | Multiplier         | 12.0    | 12.0 (Rev. 16) | Included   | xc7a100tfgg676-2     |
|                                    |            |                     |           |                    | (Rev.   |                |            |                      |
|                                    |            |                     |           |                    | 16)     |                |            |                      |
+------------------------------------+------------+---------------------+-----------+--------------------+---------+----------------+------------+----------------------+
| ip_math_sub_s16_s16_l2             | Up-to-date | No changes required |  *(49)    | Adder/Subtracter   | 12.0    | 12.0 (Rev. 14) | Included   | xc7a100tfgg676-2     |
|                                    |            |                     |           |                    | (Rev.   |                |            |                      |
|                                    |            |                     |           |                    | 14)     |                |            |                      |
+------------------------------------+------------+---------------------+-----------+--------------------+---------+----------------+------------+----------------------+
| ip_math_sub_s32_s32_l2             | Up-to-date | No changes required |  *(50)    | Adder/Subtracter   | 12.0    | 12.0 (Rev. 14) | Included   | xc7a100tfgg676-2     |
|                                    |            |                     |           |                    | (Rev.   |                |            |                      |
|                                    |            |                     |           |                    | 14)     |                |            |                      |
+------------------------------------+------------+---------------------+-----------+--------------------+---------+----------------+------------+----------------------+
| ip_mig_ddr3                        | Up-to-date | No changes required |  *(51)    | Memory Interface   | 4.2     | 4.2 (Rev. 1)   | Included   | xc7a100tfgg676-2     |
|                                    |            |                     |           | Generator (MIG 7   | (Rev.   |                |            |                      |
|                                    |            |                     |           | Series)            | 1)      |                |            |                      |
+------------------------------------+------------+---------------------+-----------+--------------------+---------+----------------+------------+----------------------+
| ip_xadc_wiz                        | Up-to-date | No changes required |  *(52)    | XADC Wizard        | 3.3     | 3.3 (Rev. 7)   | Included   | xc7a100tfgg676-2     |
|                                    |            |                     |           |                    | (Rev.   |                |            |                      |
|                                    |            |                     |           |                    | 7)      |                |            |                      |
+------------------------------------+------------+---------------------+-----------+--------------------+---------+----------------+------------+----------------------+
*(1) /opt/Xilinx/Vivado/2019.2/data/ip/xilinx/blk_mem_gen_v8_4/doc/blk_mem_gen_v8_4_changelog.txt
*(2) /opt/Xilinx/Vivado/2019.2/data/ip/xilinx/blk_mem_gen_v8_4/doc/blk_mem_gen_v8_4_changelog.txt
*(3) /opt/Xilinx/Vivado/2019.2/data/ip/xilinx/blk_mem_gen_v8_4/doc/blk_mem_gen_v8_4_changelog.txt
*(4) /opt/Xilinx/Vivado/2019.2/data/ip/xilinx/blk_mem_gen_v8_4/doc/blk_mem_gen_v8_4_changelog.txt
*(5) /opt/Xilinx/Vivado/2019.2/data/ip/xilinx/blk_mem_gen_v8_4/doc/blk_mem_gen_v8_4_changelog.txt
*(6) /opt/Xilinx/Vivado/2019.2/data/ip/xilinx/blk_mem_gen_v8_4/doc/blk_mem_gen_v8_4_changelog.txt
*(7) /opt/Xilinx/Vivado/2019.2/data/ip/xilinx/blk_mem_gen_v8_4/doc/blk_mem_gen_v8_4_changelog.txt
*(8) /opt/Xilinx/Vivado/2019.2/data/ip/xilinx/blk_mem_gen_v8_4/doc/blk_mem_gen_v8_4_changelog.txt
*(9) /opt/Xilinx/Vivado/2019.2/data/ip/xilinx/blk_mem_gen_v8_4/doc/blk_mem_gen_v8_4_changelog.txt
*(10) /opt/Xilinx/Vivado/2019.2/data/ip/xilinx/blk_mem_gen_v8_4/doc/blk_mem_gen_v8_4_changelog.txt
*(11) /opt/Xilinx/Vivado/2019.2/data/ip/xilinx/blk_mem_gen_v8_4/doc/blk_mem_gen_v8_4_changelog.txt
*(12) /opt/Xilinx/Vivado/2019.2/data/ip/xilinx/blk_mem_gen_v8_4/doc/blk_mem_gen_v8_4_changelog.txt
*(13) /opt/Xilinx/Vivado/2019.2/data/ip/xilinx/blk_mem_gen_v8_4/doc/blk_mem_gen_v8_4_changelog.txt
*(14) /opt/Xilinx/Vivado/2019.2/data/ip/xilinx/blk_mem_gen_v8_4/doc/blk_mem_gen_v8_4_changelog.txt
*(15) /opt/Xilinx/Vivado/2019.2/data/ip/xilinx/blk_mem_gen_v8_4/doc/blk_mem_gen_v8_4_changelog.txt
*(16) /opt/Xilinx/Vivado/2019.2/data/ip/xilinx/blk_mem_gen_v8_4/doc/blk_mem_gen_v8_4_changelog.txt
*(17) /opt/Xilinx/Vivado/2019.2/data/ip/xilinx/blk_mem_gen_v8_4/doc/blk_mem_gen_v8_4_changelog.txt
*(18) /opt/Xilinx/Vivado/2019.2/data/ip/xilinx/blk_mem_gen_v8_4/doc/blk_mem_gen_v8_4_changelog.txt
*(19) /opt/Xilinx/Vivado/2019.2/data/ip/xilinx/blk_mem_gen_v8_4/doc/blk_mem_gen_v8_4_changelog.txt
*(20) /opt/Xilinx/Vivado/2019.2/data/ip/xilinx/blk_mem_gen_v8_4/doc/blk_mem_gen_v8_4_changelog.txt
*(21) /opt/Xilinx/Vivado/2019.2/data/ip/xilinx/blk_mem_gen_v8_4/doc/blk_mem_gen_v8_4_changelog.txt
*(22) /opt/Xilinx/Vivado/2019.2/data/ip/xilinx/blk_mem_gen_v8_4/doc/blk_mem_gen_v8_4_changelog.txt
*(23) /opt/Xilinx/Vivado/2019.2/data/ip/xilinx/blk_mem_gen_v8_4/doc/blk_mem_gen_v8_4_changelog.txt
*(24) /opt/Xilinx/Vivado/2019.2/data/ip/xilinx/blk_mem_gen_v8_4/doc/blk_mem_gen_v8_4_changelog.txt
*(25) /opt/Xilinx/Vivado/2019.2/data/ip/xilinx/blk_mem_gen_v8_4/doc/blk_mem_gen_v8_4_changelog.txt
*(26) /opt/Xilinx/Vivado/2019.2/data/ip/xilinx/blk_mem_gen_v8_4/doc/blk_mem_gen_v8_4_changelog.txt
*(27) /opt/Xilinx/Vivado/2019.2/data/ip/xilinx/blk_mem_gen_v8_4/doc/blk_mem_gen_v8_4_changelog.txt
*(28) /opt/Xilinx/Vivado/2019.2/data/ip/xilinx/blk_mem_gen_v8_4/doc/blk_mem_gen_v8_4_changelog.txt
*(29) /opt/Xilinx/Vivado/2019.2/data/ip/xilinx/blk_mem_gen_v8_4/doc/blk_mem_gen_v8_4_changelog.txt
*(30) /opt/Xilinx/Vivado/2019.2/data/ip/xilinx/blk_mem_gen_v8_4/doc/blk_mem_gen_v8_4_changelog.txt
*(31) /opt/Xilinx/Vivado/2019.2/data/ip/xilinx/blk_mem_gen_v8_4/doc/blk_mem_gen_v8_4_changelog.txt
*(32) /opt/Xilinx/Vivado/2019.2/data/ip/xilinx/blk_mem_gen_v8_4/doc/blk_mem_gen_v8_4_changelog.txt
*(33) /opt/Xilinx/Vivado/2019.2/data/ip/xilinx/blk_mem_gen_v8_4/doc/blk_mem_gen_v8_4_changelog.txt
*(34) /opt/Xilinx/Vivado/2019.2/data/ip/xilinx/clk_wiz_v6_0/doc/clk_wiz_v6_0_changelog.txt
*(35) /opt/Xilinx/Vivado/2019.2/data/ip/xilinx/clk_wiz_v6_0/doc/clk_wiz_v6_0_changelog.txt
*(36) /opt/Xilinx/Vivado/2019.2/data/ip/xilinx/clk_wiz_v6_0/doc/clk_wiz_v6_0_changelog.txt
*(37) /opt/Xilinx/Vivado/2019.2/data/ip/xilinx/clk_wiz_v6_0/doc/clk_wiz_v6_0_changelog.txt
*(38) /opt/Xilinx/Vivado/2019.2/data/ip/xilinx/clk_wiz_v6_0/doc/clk_wiz_v6_0_changelog.txt
*(39) /opt/Xilinx/Vivado/2019.2/data/ip/xilinx/fifo_generator_v13_2/doc/fifo_generator_v13_2_changelog.txt
*(40) /opt/Xilinx/Vivado/2019.2/data/ip/xilinx/fifo_generator_v13_2/doc/fifo_generator_v13_2_changelog.txt
*(41) /opt/Xilinx/Vivado/2019.2/data/ip/xilinx/c_addsub_v12_0/doc/c_addsub_v12_0_changelog.txt
*(42) /opt/Xilinx/Vivado/2019.2/data/ip/xilinx/c_addsub_v12_0/doc/c_addsub_v12_0_changelog.txt
*(43) /opt/Xilinx/Vivado/2019.2/data/ip/xilinx/c_addsub_v12_0/doc/c_addsub_v12_0_changelog.txt
*(44) /opt/Xilinx/Vivado/2019.2/data/ip/xilinx/c_addsub_v12_0/doc/c_addsub_v12_0_changelog.txt
*(45) /opt/Xilinx/Vivado/2019.2/data/ip/xilinx/c_addsub_v12_0/doc/c_addsub_v12_0_changelog.txt
*(46) /opt/Xilinx/Vivado/2019.2/data/ip/xilinx/div_gen_v5_1/doc/div_gen_v5_1_changelog.txt
*(47) /opt/Xilinx/Vivado/2019.2/data/ip/xilinx/div_gen_v5_1/doc/div_gen_v5_1_changelog.txt
*(48) /opt/Xilinx/Vivado/2019.2/data/ip/xilinx/mult_gen_v12_0/doc/mult_gen_v12_0_changelog.txt
*(49) /opt/Xilinx/Vivado/2019.2/data/ip/xilinx/c_addsub_v12_0/doc/c_addsub_v12_0_changelog.txt
*(50) /opt/Xilinx/Vivado/2019.2/data/ip/xilinx/c_addsub_v12_0/doc/c_addsub_v12_0_changelog.txt
*(51) /opt/Xilinx/Vivado/2019.2/data/ip/xilinx/mig_7series_v4_2/doc/mig_7series_v4_2_changelog.txt
*(52) /opt/Xilinx/Vivado/2019.2/data/ip/xilinx/xadc_wiz_v3_3/doc/xadc_wiz_v3_3_changelog.txt


